
> equalpath-web@0.0.0 release
> npm test && npm run build && node scripts/check-build.mjs


> equalpath-web@0.0.0 test
> node --test tests/*.test.mjs

✔ essential fields, impossible dates and same-day time ordering fail without changing valid values (1.876042ms)
✔ omitted age and transport are accepted and visibly unspecified (2.403042ms)
✔ age four is a full [48,60) month interval, with partial and ambiguous overlap unknown (0.070042ms)
✔ regular enrolment does not become one-off admission (0.064083ms)
✔ pickup window wholly before, wholly after and spanning the deadline produce three different states (0.089167ms)
✔ transport existence does not supply missing pickup coverage or an arrival estimate (0.078541ms)
✔ self delivery removes institutional transport requirement, preserving other request conditions (0.060833ms)
✔ general opening hours and holiday exceptions never turn into confirmed temporary care (0.066917ms)
✔ care end and applicable latest collection restrictions preserve conflicts (0.055541ms)
✔ monthly fees and missing extras do not generate fabricated hourly prices (0.068875ms)
✔ controlled complete tariff explains duration, minimum, rounding and extras (0.05325ms)
✔ one deduplicated enquiry list carries unknown service conditions without any reviews (0.063166ms)
✔ missing coordinates stay in list and sort after known straight-line distances (0.526083ms)
✔ comparison uses separate branch facts and deterministic unknown-last priorities (0.667667ms)
✔ no result is distinct from source failure (0.454792ms)
✔ request revisions update evaluations and stale facts cannot be presented as current (0.472583ms)
✔ KL, Selangor, Putrajaya and other states are enforced on server requests (0.433417ms)
✔ source-region disagreement is held, while sourced regional records without coordinates remain usable (0.235459ms)
✔ imported links and phone actions cannot inject executable schemes (0.140584ms)
✔ representative public source import is deterministic and real contact facts retain separate provenance (1.806541ms)
✔ skipping cancels pending entrance phases and ignores already queued callbacks (1.303166ms)
✔ reduced motion enters immediately without scheduling camera animation (0.085791ms)
✔ entrance always completes without waiting for map tiles or a backend response (0.110666ms)
✔ city previews stay flat and entrance adds no intermediate camera destination (0.076583ms)
✔ public function handles preflight and disallows unsupported methods without touching the store (0.579709ms)
✔ invalid JSON and oversized requests return bounded private errors (0.654792ms)
✔ entry returns controlled examples only when demo mode is requested explicitly (0.166292ms)
✔ age lower-exclusive endpoint cannot fully support a completed age interval (0.07775ms)
✔ first available location includes accuracy and immediately stops observation (1.484459ms)
✔ error 2 gets one longer fresh high-accuracy attempt (0.202541ms)
✔ error 3 gets one longer fresh high-accuracy attempt (0.0715ms)
✔ permission denial stops immediately and explains site/device access and manual recovery (0.206375ms)
✔ two failures end the operation without endless retry or fabricated coordinates (0.086917ms)
✔ a browser that never calls back is bounded to 40 seconds and both watches are cleared (0.315875ms)
✔ cancelling stops the device request and discards late callbacks without retry (0.162667ms)
✔ cancellation during the retry clears its watch too (0.204375ms)
✔ an already-cancelled request never asks for device location (0.153083ms)
✔ unsupported and insecure browsers explain the cause and allow manual selection (0.226333ms)
✔ invalid or missing coordinates are rejected and the watch is released (0.210042ms)
✔ synchronous browser callbacks still release the returned watch ID (0.08775ms)
✔ cold requests coalesce, public-only table reads are bounded, and failed refresh does not renew the cache (1.995708ms)
✔ partial source pages never become a new complete directory (0.136625ms)
✔ release changes during collection are rejected and a later retry can recover (0.405584ms)
ℹ tests 43
ℹ suites 0
ℹ pass 43
ℹ fail 0
ℹ cancelled 0
ℹ skipped 0
ℹ todo 0
ℹ duration_ms 98.107167

> equalpath-web@0.0.0 build
> vite build

vite v6.4.2 building for production...
transforming...
✓ 1644 modules transformed.
rendering chunks...
computing gzip size...
dist/index.html                        0.64 kB │ gzip:   0.40 kB
dist/assets/index-BX0POPj7.css       691.46 kB │ gzip: 208.66 kB
dist/assets/CareScene-HRKnV7e1.js    765.91 kB │ gzip: 223.18 kB
dist/assets/index-BclXCBDA.js      1,240.26 kB │ gzip: 342.77 kB

(!) Some chunks are larger than 500 kB after minification. Consider:
- Using dynamic import() to code-split the application
- Use build.rollupOptions.output.manualChunks to improve chunking: https://rollupjs.org/configuration-options/#output-manualchunks
- Adjust chunk size limit for this warning via build.chunkSizeWarningLimit.
✓ built in 2.50s
Validated 3 entry assets for source fb0a45a72129f7f429930d83891349aa96b5cce93a9d036fb62d6b5a49a302c8
