
> equalpath-web@0.0.0 release
> npm test && node scripts/deploy-api.mjs && npm run build && node scripts/check-build.mjs


> equalpath-web@0.0.0 test
> node --test tests/*.test.mjs

✔ Malay and English admission fields convert years and months without confusing mixed units (1.672333ms)
✔ official age ranges are confirmed without counting an unselected child age as a passed fit (2.665541ms)
✔ a selected age matches the official type range with correct TASKA and TADIKA boundaries (0.14775ms)
✔ matched admission evidence takes precedence over type defaults and retains its original source (1.092375ms)
✔ different branch age sources are preserved and cannot silently replace one another (0.220167ms)
✔ published short-care evidence reaches conditions and keeps capacity unresolved (7.605125ms)
✔ brand-only programmes and admissions pauses remain questions with the exact reason and source (0.793625ms)
✔ unmatched branches, brand claims marked as confirmed, unsafe sources and changed snapshots fail closed (8.909792ms)
✔ admission snapshot publication refreshes existing cache and rejects missing/tampered evidence (4.865083ms)
✔ both search forms require an age group; API canonicalisation retains the entire range (3.798625ms)
✔ age groups only pass if the full group fits; partial overlap needs a question (0.377333ms)
✔ younger-group preparation keeps the prompt about feeding and spare clothes (14.104792ms)
✔ area references require five distinct comparable providers and never replace known prices (22.589666ms)
✔ older browser builds do not receive estimates they cannot label (2.916791ms)
✔ references do not use estimates, subsidy prices, extras, open-ended rates or different provider types as samples (0.234916ms)
✔ regional fallback is explicit and one school contributes once despite several programmes (0.189042ms)
✔ gallery visits every artwork and reverses at each end without duplicates (1.5435ms)
✔ single-art fallback never produces an out-of-bounds index (0.162375ms)
✔ pausing or unmounting cancels a dwell including an already queued callback (0.142666ms)
✔ a resumed gallery gets a full dwell before advancing (0.084667ms)
✔ unlisted weekend care ends conflict, while weekday gaps and explicit weekend schedules retain their meaning (3.519708ms)
✔ care-end display and sorting use the same specific schedule, exceptions and late rules as the check (2.883834ms)
✔ opening-hour closing boundary, closed day and missing day are distinct (0.187792ms)
✔ specific care schedule and unresolved exceptions override general opening hours (0.139208ms)
✔ Malay weekday and AM/PM phrases translate into the right day and clock (4.414667ms)
✔ no day or ambiguous overnight range is not converted into invented service dates (0.772333ms)
✔ Malay PG/PTG abbreviations and through-week ranges are understood (0.710666ms)
✔ closed-day notes do not close weekdays and conflicting claims remain unresolved (0.902583ms)
✔ missing selected-day hours are distinguished from an entirely empty weekly schedule (0.206666ms)
✔ regular search accepts preferences alone, discards hidden dates and temporal sort; short care still validates times (3.898958ms)
✔ live search and map use disjoint memberships before radius, count and pagination; cross-pool lookups are rejected (31.190833ms)
✔ membership is not an admission claim and missing membership fails closed (3.794291ms)
✔ short care supports an explicit 10 km radius across search, map, recommendations and cache while retaining ten-item pages (460.976917ms)
✔ regular detail, question copy and printable preparation do not require or fabricate a visit date (7.395084ms)
✔ templates and nearby caches retain care type without carrying hidden dates (0.438541ms)
✔ profile membership rejects tampering, duplicate IDs and absent catalogue branches without mutating provider facts (2.126208ms)
✔ comparison keeps unknown ages and type guidance distinct from acceptance (1.152417ms)
✔ comparison uses the assessed state for short visits and hours, never inferred acceptance (0.140291ms)
✔ self pickup does not present a centre pickup service as confirmed (0.065667ms)
✔ current provider, review and fee handoffs cover the short-care pool without publishing raw review text (183.182416ms)
✔ merge overlapping questions without dropping any source checks or known conflicts (28.92025ms)
✔ the short message copies only checked questions and preserves actual departure and pickup times (0.716209ms)
✔ specific booking, supervision and toilet requirements stay in their own visible question (1.841125ms)
✔ long-term requests do not acquire a visit date or short-stay price, and estimates remain questions (0.741125ms)
✔ only visible phones and explicit WhatsApp links qualify; an ordinary website or empty contact does not (2.417792ms)
✔ contact availability precedes the chosen sort within fit groups and never promotes conflicts above non-conflicts (16.665708ms)
✔ suggestions use only contactable candidates when present, without filling empty slots; otherwise fall back (1.834542ms)
✔ comparison winners and ties use the same contact preference; missing prices cannot create a cheap winner (0.614542ms)
✔ contact ranking preserves the nearest 20, radius and totals, and recalculates fallback on the next page (47.321541ms)
✔ essential fields, impossible dates and same-day time ordering fail without changing valid values (4.760584ms)
✔ omitted age and transport are accepted and visibly unspecified (20.984208ms)
✔ age four is a full [48,60) month interval, with partial and ambiguous overlap unknown (0.211042ms)
✔ regular enrolment does not become one-off admission (0.193959ms)
✔ pickup window wholly before, wholly after and spanning the deadline produce three different states (0.197333ms)
✔ transport existence does not supply missing pickup coverage or an arrival estimate (0.116209ms)
✔ self delivery removes institutional transport requirement, preserving other request conditions (0.1005ms)
✔ opening hours supply care timing while unresolved holiday exceptions stay unknown (0.1435ms)
✔ care end and applicable latest collection restrictions preserve conflicts (0.124791ms)
✔ monthly fees and missing extras do not generate fabricated hourly prices (0.139208ms)
✔ controlled complete tariff explains duration, minimum, rounding and extras (0.151042ms)
✔ one deduplicated enquiry list carries unknown service conditions without any reviews (0.205542ms)
✔ search excludes conflicts and missing coordinates before counting centres (1.651209ms)
✔ comparison uses separate branch facts and deterministic unknown-last priorities (1.301709ms)
✔ no result is distinct from source failure (1.083125ms)
✔ request revisions update evaluations and stale facts cannot be presented as current (2.8245ms)
✔ KL, Selangor, Putrajaya and other states are enforced on server requests (18.483125ms)
✔ source-region disagreement is held, while sourced regional records without coordinates remain usable (0.572584ms)
✔ imported links and phone actions cannot inject executable schemes (0.376291ms)
✔ representative public source import is deterministic and real contact facts retain separate provenance (18.31975ms)
✔ Malay notes fallback never restores weekdays excluded as estimates (1.413417ms)
✔ questions retain API membership and link by condition ID, with conflicts first and routine questions separate (22.475625ms)
✔ unspecified pickup and age are described as user choices, not missing provider facts; self transport omits pickup questions (1.313916ms)
✔ copied message follows selected order and keeps visit context, without internal condition text or unselected questions (0.656ms)
✔ fee question distinguishes a validated visit estimate from monthly rates and preserves conflicting age sources (0.703875ms)
✔ service questions use everyday words while keeping booking and care requirements available (1.487791ms)
✔ skipping cancels pending entrance phases and ignores already queued callbacks (1.776416ms)
✔ reduced motion enters immediately without scheduling camera animation (0.122667ms)
✔ entrance always completes without waiting for map tiles or a backend response (0.145ms)
✔ city previews stay flat and entrance adds no intermediate camera destination (0.13575ms)
✔ public function handles preflight and disallows unsupported methods without touching the store (1.121083ms)
✔ invalid JSON and oversized requests return bounded private errors (1.117791ms)
✔ entry returns controlled examples only when demo mode is requested explicitly (0.556083ms)
✔ age lower-exclusive endpoint cannot fully support a completed age interval (0.23175ms)
✔ empty structured fees never pick up a price from an input placeholder or registration number (3.571083ms)
✔ programme prices, meals, registration and annual fees retain separate bases and provenance (15.571875ms)
✔ directory estimates retain their billing period and estimates label; zero registration is not free care (0.399542ms)
✔ fee overlay refreshes only named sources and rejects changed identities, hashes, amounts and links (1.432584ms)
✔ a fee release refreshes the cached catalog; incomplete or tampered evidence never activates (5.521ms)
✔ first available location includes accuracy and immediately stops observation (2.886709ms)
✔ error 2 gets one longer fresh high-accuracy attempt (0.3065ms)
✔ error 3 gets one longer fresh high-accuracy attempt (0.129375ms)
✔ permission denial stops immediately and explains site/device access and manual recovery (0.403167ms)
✔ two failures end the operation without endless retry or fabricated coordinates (0.142875ms)
✔ a browser that never calls back is bounded to 40 seconds and both watches are cleared (0.497625ms)
✔ cancelling stops the device request and discards late callbacks without retry (0.312417ms)
✔ cancellation during the retry clears its watch too (1.1275ms)
✔ an already-cancelled request never asks for device location (0.252417ms)
✔ unsupported and insecure browsers explain the cause and allow manual selection (0.148625ms)
✔ invalid or missing coordinates are rejected and the watch is released (0.198125ms)
✔ synchronous browser callbacks still release the returned watch ID (0.126417ms)
✔ Google hours preserve closed and unknown days, Unicode clocks, split shifts and explicit 24 hours (7.268291ms)
✔ schema midnight/overnight and contradictory day statements never become guessed hours (2.0795ms)
✔ evidence fills gaps but cannot override known hours or admit mismatched, duplicate or tampered facts (12.936875ms)
✔ official clock ranges without weekdays remain visible evidence without passing a dated check (0.32275ms)
✔ Appwrite hours are hash-checked and contribute to the served version and care check (10.94675ms)
✔ same catalogue release refreshes when hours change; incomplete or tampered snapshots are rejected (6.94825ms)
✔ evening scenarios are identifiable fictional entries and do not imply a national default (0.316958ms)
✔ listing fees split registration from term fees and retain the published period (29.028167ms)
✔ starting prices remain open ended, including Malay fee wording (2.84575ms)
✔ a range without a billing period does not become a monthly fee (0.3015ms)
✔ placeholder, non-currency amounts and reversed ranges are excluded (1.175416ms)
✔ MAIWP eligibility rates are a range and registration is additional (0.260917ms)
✔ 1280px: full action cards remain separate when a vertical stack cannot fit (4.501167ms)
✔ 700px: full action cards remain separate when a vertical stack cannot fit (0.842459ms)
✔ 320px: three coincident points keep readable cards on screen (2.071167ms)
✔ 390px: three coincident points keep readable cards on screen (0.653125ms)
✔ 1440px: three coincident points keep readable cards on screen (0.617625ms)
✔ a tall search dock and coincident points leave three separate card rows (0.692875ms)
✔ a selected card keeps its side as closely spaced pins move through the viewport (0.443416ms)
✔ OSM places are independent of provider data; typo terms reach the fuzzy geocoder (2.709166ms)
✔ Photon sends bounded general place queries, expands Malay abbreviations, coalesces and caches (3.423833ms)
✔ OSM results exclude Putrajaya, other states, malformed coordinates and duplicate IDs (1.171167ms)
✔ geocoder failures never fabricate places or poison the retry cache (14.441917ms)
✔ confirmed pickup reverse lookup is bounded, shared, cached, and never moves the pickup to a road centroid (4.841458ms)
✔ reverse is independent of directory health and ignores far-away or unnamed roads (1.175041ms)
✔ nearby discovery works without date/time and returns distance-ordered coordinates without fit claims (15.091042ms)
✔ last-map memory restores geographic state only, separated by mode; broken or blocked storage is harmless (0.690167ms)
✔ monthly price uses care starting rates and never treats other periods, currencies or extras as cheap care (1.701375ms)
✔ price priority keeps conflicts last, includes labelled budgets and excludes unknown prices from highlights (43.972ms)
✔ price sorts each nearest page without replacing nearby centres with farther cheaper ones (19.607291ms)
✔ registration badges distinguish imported government records, listed codes and inactive registrations (0.295375ms)
✔ store reads all 101 membership rows across pages and invalidates cache on membership-only changes (71.289166ms)
✔ partial or modified membership cannot silently broaden the short-care pool (57.743875ms)
✔ seven new physical branches keep published sources, contact, and no invented registration or age (80.957666ms)
✔ short-care rates stay hourly or explicitly unspecified and evening schedules are branch-specific (18.183667ms)
✔ added branches participate in nearby and dated searches inside the default short-care 5 km radius (31.676084ms)
✔ tampered snapshots, identity collisions, wrong-region coordinates and fake registration fail closed (10.903916ms)
✔ new additions invalidate cached catalogues and incomplete publication never yields partial results (9.478541ms)
✔ published archive preserves collection membership and loads only once for concurrent and subsequent callers (226.540042ms)
✔ missing or tampered snapshot fails closed without falling back to the database (554.8415ms)
✔ cold Function instances serve health, nearby, searches, details and comparison with zero database requests (369.906625ms)
✔ history captures only IDs, care type and activity; same-day repeats do not inflate interest (3.413875ms)
✔ storage separates modes, strips unknown fields and preserves malformed data on failure (1.227833ms)
✔ preference choices are capped, mode-local and do not retain arbitrary text (0.51375ms)
✔ saves outweigh comparisons, comparisons outweigh views, older history fades and care types stay separate (0.583541ms)
✔ unknown facts and incomparable or estimated fees never imply matching preferences (0.600125ms)
✔ conflicts, saved items, hidden items and other care types cannot fill recommendation slots (1.716625ms)
✔ fresh seed facts drive similarity, unknown stays unknown, and a previous comparison has a readable reason (0.653459ms)
✔ explicit review preferences gently promote supported evidence and leave unknown evidence neutral (0.417833ms)
✔ review topics are used only when explicitly supplied by the provider evidence (0.12625ms)
✔ review text maps a level-one concern to a level-two preference (0.791458ms)
✔ short-care crawl merges only derived review evidence into a matched branch (0.182875ms)
✔ explicit fee priority wins over history; same brands do not fill an otherwise equivalent shortlist (50.74625ms)
✔ contact preference and deterministic top-three limits remain intact (0.416125ms)
✔ normal search gently surfaces preference matches without changing explicit sorts (0.815334ms)
✔ listed fees, pickup and contact details do not create review preferences (0.130625ms)
✔ normal search history is safe when a previous centre is off the current page (0.146542ms)
✔ read-only recommendation API refreshes public seeds, checks current request and leaves search pages unchanged (34.012666ms)
✔ catalogue care-type membership applies to both fresh seeds and recommendations (1.163292ms)
✔ including conflicts requires an explicit boolean opt-in for both care types (1.752167ms)
✔ regular care retains its 10 km cap and 20-item pages, including unlimited requests (147.803542ms)
✔ no located centres within range returns an empty result without expanding the search (2.4215ms)
✔ search excludes known conflicts by default but keeps centres with details to confirm (3.935708ms)
✔ driving uses one bounded table, caches pairs across search/compare and coalesces concurrent requests (1.736666ms)
✔ routing timeout/failure has a short cooldown and recovers without inventing travel times (0.905416ms)
✔ remote road snaps and null route values are not represented as zero-minute trips (0.261458ms)
✔ explicit conflict opt-in retains nearest pages; default filtering counts and fills pages with eligible centres (119.20775ms)
✔ all-conflict searches return zero by default; explicit opt-in can still inspect the nearest ten (4.089625ms)
✔ fee summaries keep hourly/monthly ranges separate and only show totals with a complete rule (3.409833ms)
✔ neighbourhood threshold ignores tiny movements; cache keys separate modes and radii (0.245583ms)
✔ map suggestions prefer stronger relevant matches, cap at three and exclude conflicts or unmappable centres (0.215042ms)
✔ comparison highlights switch with priority, share ties, and never prefer conflicts or missing facts (0.350667ms)
✔ map suggestions follow the selected strategy before fit-count tie breakers (0.168417ms)
✔ aspect sentiment keeps praise, complaints and neutral facts distinct without using stars (24.065417ms)
✔ scores distinguish strength, negative evidence and genuinely missing evidence (0.434708ms)
✔ different first-use choices change the order using graded review profiles (7.026208ms)
✔ off-page saved and compared branches teach a topic profile, while other care types do not (1.523917ms)
✔ all ten page candidates are reranked, favourites remain eligible, and map suggestions use the same top three (23.047583ms)
✔ new, skipped and opted-out visitors still score and rerank all ten results (1.9435ms)
✔ hidden ordinary results are scored without becoming suggestions or removing page members (13.525833ms)
✔ explicit sorts, conflicts and radius membership are not overturned by personalisation (1.019875ms)
✔ actual imported corpus has diverse scores and rejects the all-topics-identical regression (93.349792ms)
✔ review concerns require two recent records and merge with existing contact questions (10.480875ms)
✔ hiding a suggestion supplies a small negative signal even without earlier positive activity (0.669209ms)
✔ review choices survive refreshed details and copying respects unchecking without duplication (1.500708ms)
✔ search API refreshes same-type off-page seed profiles without changing page membership (177.250375ms)
✔ both live short-care pages enter reranking with their exact eligible membership (135.492208ms)
✔ corpus classifier learns topic vocabulary and abstains for unrelated text (1.149958ms)
✔ published topic passages are relevant, traceable snippets of their supplied context (75.21325ms)
✔ 4.1 saved branch and reason survive reload without a request or previous fit (27.572042ms)
✔ 4.1.2 reopening re-evaluates different dates and time windows via the actual API (1.563375ms)
✔ 4.1.3 / 4.4.2 quota and denied storage preserve the previous saved version (0.727792ms)
✔ unreadable / unsupported storage never gets silently replaced (0.371041ms)
✔ 4.2 reuse allows only public preferences and forces fresh date / age (1.572208ms)
✔ 4.2.2 unavailable or moved branch cannot count as a matched saved place; times must be corrected (0.212625ms)
✔ 4.3 fact differences show specific changes; retrieval alone does not mean updated provider facts (1.129709ms)
✔ 4.4 editing and deleting one saved item preserves provider facts and other saved items (0.53125ms)
✔ 5.1 / 5.5 duration, age and transport alter relevant prompts without history (4.344917ms)
✔ 5.2 / 5.4 handover questions belong to three parties and do not assert assignment or authority (1.131958ms)
✔ 5.3 sequence distinguishes requests and published facts; coordinates never generate an ETA (1.1025ms)
✔ 5.5 provider requirements need their own source and stay separate from general prompts (0.930375ms)
✔ 5.6 standalone export preserves dates, contacts, draft, blank offline spaces and ticks (1.506666ms)
✔ Q2/Q6 exports escape hostile markup, reject active URL schemes, and exclude private notes (1.322042ms)
✔ WhatsApp requires an explicit approved public link and strips text, tracking and executable URLs (3.894542ms)
✔ Malay compact clocks, weekday abbreviations and adjacent day headings preserve the published days (17.276042ms)
✔ service overlay preserves sourced hours and phone; invalid branch, dates, links and duplicates are rejected (12.153625ms)
✔ published transport passes the service check but does not invent route coverage, collection or admission (31.76575ms)
✔ service-only manifest changes invalidate cache; missing or modified snapshot evidence fails closed (8.114792ms)
✔ website contact provenance and scope remain separate from a branch service source (0.683334ms)
✔ conflicting hours remain visible; shared times pass, disputed times need confirmation, and both closed times conflict (1.440792ms)
✔ newly sourced weekdays fill unknown days with their own source; explicit care schedules still take precedence (1.145333ms)
✔ cumulative expansion preserves all seven earlier additions and adds six distinct contactable locations (4.129291ms)
✔ published restricted services retain their practical questions, even though the service itself exists (16.998833ms)
✔ daily and hourly fees are not monthly prices and programme hours are not extended to general venue opening times (0.687042ms)
✔ the existing KleverCape entry gets evidence rather than a duplicate; malformed requirements are rejected (0.649417ms)
✔ short-stay displays exclude monthly budgets, other long-term periods and extras without converting them (21.038833ms)
✔ price ranking compares short-stay billing periods separately and never rewards a monthly-only or unknown price (2.368125ms)
✔ API price availability, ranking and comparison use short-stay rates while regular care keeps monthly fees (15.182ms)
✔ missing short-stay and monthly quotes reset the active sort before results and suggestions are calculated (29.147375ms)
✔ page-specific availability does not claim the whole radius has no quote and quoted later pages remain sortable (6.231459ms)
✔ comparison resets after the last quoted centre is removed; expiry of hours and missing pickup have specific reasons (5.557666ms)
✔ foreign-currency fees and empty results give accurate reasons without retaining price order (0.965041ms)
✔ cold requests coalesce, public-only table reads are bounded, and failed refresh does not renew the cache (15.653166ms)
✔ partial source pages never become a new complete directory (0.832334ms)
✔ release changes during collection are rejected and a later retry can recover (1.178541ms)
✔ only completion/skip suppress first-visit tour, without persisting example inputs (3.023041ms)
✔ tour cards remain inside small screens, zoomed layouts, and tall content (0.550583ms)
✔ a map card near the bottom gets a coach above it when there is room (0.165709ms)
ℹ tests 228
ℹ suites 0
ℹ pass 228
ℹ fail 0
ℹ cancelled 0
ℹ skipped 0
ℹ todo 0
ℹ duration_ms 1660.614625
{"mode":"dry_run","function":"web-provider-query","runtime":"node-22","execute":["any"],"scopes":[],"logging":false,"package":"/Users/cheolhwi/Documents/fit5120/webapp/.build/function"}

> equalpath-web@0.0.0 build
> vite build

vite v6.4.2 building for production...
transforming...
✓ 1700 modules transformed.
rendering chunks...
computing gzip size...
dist/index.html                        0.81 kB │ gzip:   0.45 kB
dist/assets/index-DeceVLNi.css       854.88 kB │ gzip: 236.99 kB
dist/assets/CareScene-BWLcXGP5.js    769.29 kB │ gzip: 224.03 kB
dist/assets/index-C633fm97.js      1,451.65 kB │ gzip: 407.95 kB

(!) Some chunks are larger than 500 kB after minification. Consider:
- Using dynamic import() to code-split the application
- Use build.rollupOptions.output.manualChunks to improve chunking: https://rollupjs.org/configuration-options/#output-manualchunks
- Adjust chunk size limit for this warning via build.chunkSizeWarningLimit.
✓ built in 3.59s
Validated 5 entry assets for source fa8b8dc638021a845502012fbdae6980f5cc666f5241f6e8e06a80c7e168e79a
