
> equalpath-web@0.0.0 release
> npm test && node scripts/deploy-api.mjs && npm run build && node scripts/check-build.mjs


> equalpath-web@0.0.0 test
> node --test tests/*.test.mjs

✔ Malay and English admission fields convert years and months without confusing mixed units (1.420792ms)
✔ official age ranges are confirmed without counting an unselected child age as a passed fit (2.18325ms)
✔ a selected age matches the official type range with correct TASKA and TADIKA boundaries (0.101417ms)
✔ matched admission evidence takes precedence over type defaults and retains its original source (1.025334ms)
✔ different branch age sources are preserved and cannot silently replace one another (0.268292ms)
✔ published short-care evidence reaches conditions and keeps capacity unresolved (4.4485ms)
✔ brand-only programmes and admissions pauses remain questions with the exact reason and source (2.061583ms)
✔ unmatched branches, brand claims marked as confirmed, unsafe sources and changed snapshots fail closed (10.9925ms)
✔ admission snapshot publication refreshes existing cache and rejects missing/tampered evidence (2.192542ms)
✔ both search forms require an age group; API canonicalisation retains the entire range (4.851708ms)
✔ age groups only pass if the full group fits; partial overlap needs a question (0.257375ms)
✔ younger-group preparation keeps the prompt about feeding and spare clothes (10.320958ms)
✔ area references require five distinct comparable providers and never replace known prices (10.904209ms)
✔ older browser builds do not receive estimates they cannot label (41.097458ms)
✔ references do not use estimates, subsidy prices, extras, open-ended rates or different provider types as samples (0.147083ms)
✔ regional fallback is explicit and one school contributes once despite several programmes (0.122959ms)
✔ gallery visits every artwork and reverses at each end without duplicates (6.569416ms)
✔ single-art fallback never produces an out-of-bounds index (0.091917ms)
✔ pausing or unmounting cancels a dwell including an already queued callback (0.084583ms)
✔ a resumed gallery gets a full dwell before advancing (0.065208ms)
✔ unlisted weekend care ends conflict, while weekday gaps and explicit weekend schedules retain their meaning (2.988833ms)
✔ care-end display and sorting use the same specific schedule, exceptions and late rules as the check (0.57875ms)
✔ opening-hour closing boundary, closed day and missing day are distinct (0.131542ms)
✔ specific care schedule and unresolved exceptions override general opening hours (0.100792ms)
✔ Malay weekday and AM/PM phrases translate into the right day and clock (3.647833ms)
✔ no day or ambiguous overnight range is not converted into invented service dates (0.463167ms)
✔ Malay PG/PTG abbreviations and through-week ranges are understood (0.427667ms)
✔ closed-day notes do not close weekdays and conflicting claims remain unresolved (0.181125ms)
✔ missing selected-day hours are distinguished from an entirely empty weekly schedule (0.113041ms)
✔ regular search accepts preferences alone, discards hidden dates and temporal sort; short care still validates times (2.546167ms)
✔ live search and map use disjoint memberships before radius, count and pagination; cross-pool lookups are rejected (58.218292ms)
✔ membership is not an admission claim and missing membership fails closed (0.694584ms)
✔ short care supports an explicit 10 km radius across search, map, recommendations and cache while retaining ten-item pages (122.82325ms)
✔ regular detail, question copy and printable preparation do not require or fabricate a visit date (3.504708ms)
✔ templates and nearby caches retain care type without carrying hidden dates (0.206041ms)
✔ profile membership rejects tampering, duplicate IDs and absent catalogue branches without mutating provider facts (1.048667ms)
✔ short-care cold search reads only its validated partition; individual reviews load on demand (38.689ms)
✔ prepared publication preserves full and compact search, fee, fit, review and regular-care contracts (330.163542ms)
✔ missing or corrupted search artifacts fail closed without database fallback (1.701583ms)
✔ release preparation preserves catalog content across compression runtimes (385.13475ms)
✔ comparison keeps unknown ages and type guidance distinct from acceptance (0.861667ms)
✔ comparison uses the assessed state for short visits and hours, never inferred acceptance (0.109666ms)
✔ self pickup does not present a centre pickup service as confirmed (0.065083ms)
✔ current provider, review and fee handoffs cover the short-care pool without publishing raw review text (94.940792ms)
✔ merge overlapping questions without dropping any source checks or known conflicts (18.452042ms)
✔ the short message copies only checked questions and preserves actual departure and pickup times (0.519916ms)
✔ specific booking, supervision and toilet requirements stay in their own visible question (1.309625ms)
✔ long-term requests do not acquire a visit date or short-stay price, and estimates remain questions (5.846542ms)
✔ only visible phones and explicit WhatsApp links qualify; an ordinary website or empty contact does not (0.7475ms)
✔ contact availability precedes the chosen sort within fit groups and never promotes conflicts above non-conflicts (6.86125ms)
✔ suggestions use only contactable candidates when present, without filling empty slots; otherwise fall back (1.1565ms)
✔ comparison winners and ties use the same contact preference; missing prices cannot create a cheap winner (0.34ms)
✔ contact ranking preserves the nearest 20, radius and totals, and recalculates fallback on the next page (57.845417ms)
✔ essential fields, impossible dates and same-day time ordering fail without changing valid values (2.675333ms)
✔ omitted age and transport are accepted and visibly unspecified (15.688ms)
✔ age four is a full [48,60) month interval, with partial and ambiguous overlap unknown (0.090042ms)
✔ regular enrolment does not become one-off admission (0.08975ms)
✔ pickup window wholly before, wholly after and spanning the deadline produce three different states (0.105167ms)
✔ transport existence does not supply missing pickup coverage or an arrival estimate (0.054792ms)
✔ self delivery removes institutional transport requirement, preserving other request conditions (0.061958ms)
✔ opening hours supply care timing while unresolved holiday exceptions stay unknown (0.078375ms)
✔ care end and applicable latest collection restrictions preserve conflicts (0.060167ms)
✔ monthly fees and missing extras do not generate fabricated hourly prices (0.075459ms)
✔ controlled complete tariff explains duration, minimum, rounding and extras (0.05875ms)
✔ one deduplicated enquiry list carries unknown service conditions without any reviews (0.077334ms)
✔ search excludes conflicts and missing coordinates before counting centres (0.691375ms)
✔ comparison uses separate branch facts and deterministic unknown-last priorities (3.052959ms)
✔ no result is distinct from source failure (0.561083ms)
✔ request revisions update evaluations and stale facts cannot be presented as current (1.169375ms)
✔ KL, Selangor, Putrajaya and other states are enforced on server requests (0.328125ms)
✔ source-region disagreement is held, while sourced regional records without coordinates remain usable (0.245834ms)
✔ imported links and phone actions cannot inject executable schemes (0.173041ms)
✔ representative public source import is deterministic and real contact facts retain separate provenance (8.142333ms)
✔ Malay notes fallback never restores weekdays excluded as estimates (0.866416ms)
✔ questions retain API membership and link by condition ID, with conflicts first and routine questions separate (14.9805ms)
✔ unspecified pickup and age are described as user choices, not missing provider facts; self transport omits pickup questions (9.000542ms)
✔ copied message follows selected order and keeps visit context, without internal condition text or unselected questions (0.577125ms)
✔ fee question distinguishes a validated visit estimate from monthly rates and preserves conflicting age sources (0.465ms)
✔ service questions use everyday words while keeping booking and care requirements available (0.931708ms)
✔ skipping cancels pending entrance phases and ignores already queued callbacks (1.669083ms)
✔ reduced motion enters immediately without scheduling camera animation (0.103958ms)
✔ entrance always completes without waiting for map tiles or a backend response (0.13875ms)
✔ city previews stay flat and entrance adds no intermediate camera destination (0.091084ms)
✔ public function handles preflight and disallows unsupported methods without touching the store (1.76425ms)
✔ invalid JSON and oversized requests return bounded private errors (0.713792ms)
✔ entry returns controlled examples only when demo mode is requested explicitly (13.547583ms)
✔ scheduled warmup primes both live catalogues and the next search reuses the loaded API (2.339583ms)
✔ warmup failure stays bounded and a later scheduled execution can retry API initialization (0.2795ms)
✔ age lower-exclusive endpoint cannot fully support a completed age interval (0.173917ms)
✔ empty structured fees never pick up a price from an input placeholder or registration number (1.385542ms)
✔ programme prices, meals, registration and annual fees retain separate bases and provenance (11.5845ms)
✔ directory estimates retain their billing period and estimates label; zero registration is not free care (0.28225ms)
✔ fee overlay refreshes only named sources and rejects changed identities, hashes, amounts and links (1.107333ms)
✔ a fee release refreshes the cached catalog; incomplete or tampered evidence never activates (2.814959ms)
✔ first available location includes accuracy and immediately stops observation (1.489917ms)
✔ error 2 gets one longer fresh high-accuracy attempt (0.242625ms)
✔ error 3 gets one longer fresh high-accuracy attempt (0.097958ms)
✔ permission denial stops immediately and explains site/device access and manual recovery (0.25925ms)
✔ two failures end the operation without endless retry or fabricated coordinates (0.122583ms)
✔ a browser that never calls back is bounded to 40 seconds and both watches are cleared (0.419542ms)
✔ cancelling stops the device request and discards late callbacks without retry (0.221667ms)
✔ cancellation during the retry clears its watch too (0.94575ms)
✔ an already-cancelled request never asks for device location (0.157083ms)
✔ unsupported and insecure browsers explain the cause and allow manual selection (0.093125ms)
✔ invalid or missing coordinates are rejected and the watch is released (0.333417ms)
✔ synchronous browser callbacks still release the returned watch ID (0.12525ms)
✔ Google hours preserve closed and unknown days, Unicode clocks, split shifts and explicit 24 hours (2.970125ms)
✔ schema midnight/overnight and contradictory day statements never become guessed hours (3.479583ms)
✔ evidence fills gaps but cannot override known hours or admit mismatched, duplicate or tampered facts (7.748125ms)
✔ official clock ranges without weekdays remain visible evidence without passing a dated check (0.184792ms)
✔ Appwrite hours are hash-checked and contribute to the served version and care check (6.199833ms)
✔ same catalogue release refreshes when hours change; incomplete or tampered snapshots are rejected (1.168667ms)
✔ evening scenarios are identifiable fictional entries and do not imply a national default (0.152292ms)
✔ listing fees split registration from term fees and retain the published period (10.190584ms)
✔ starting prices remain open ended, including Malay fee wording (0.492958ms)
✔ a range without a billing period does not become a monthly fee (0.138917ms)
✔ placeholder, non-currency amounts and reversed ranges are excluded (0.67875ms)
✔ MAIWP eligibility rates are a range and registration is additional (0.134375ms)
✔ 1280px: full action cards remain separate when a vertical stack cannot fit (2.134708ms)
✔ 700px: full action cards remain separate when a vertical stack cannot fit (0.422584ms)
✔ 320px: three coincident points keep readable cards on screen (1.186958ms)
✔ 390px: three coincident points keep readable cards on screen (0.393875ms)
✔ 1440px: three coincident points keep readable cards on screen (0.314917ms)
✔ a tall search dock and coincident points leave three separate card rows (0.290208ms)
✔ a selected card keeps its side as closely spaced pins move through the viewport (0.198625ms)
✔ OSM places are independent of provider data; typo terms reach the fuzzy geocoder (1.013791ms)
✔ Photon sends bounded general place queries, expands Malay abbreviations, coalesces and caches (3.09625ms)
✔ OSM results exclude Putrajaya, other states, malformed coordinates and duplicate IDs (2.328292ms)
✔ geocoder failures never fabricate places or poison the retry cache (0.650958ms)
✔ confirmed pickup reverse lookup is bounded, shared, cached, and never moves the pickup to a road centroid (2.382833ms)
✔ reverse is independent of directory health and ignores far-away or unnamed roads (0.768458ms)
✔ nearby discovery works without date/time and returns distance-ordered coordinates without fit claims (37.026667ms)
✔ last-map memory restores geographic state only, separated by mode; broken or blocked storage is harmless (0.196792ms)
✔ monthly price uses care starting rates and never treats other periods, currencies or extras as cheap care (0.799833ms)
✔ price priority keeps conflicts last, includes labelled budgets and excludes unknown prices from highlights (7.819667ms)
✔ price sorts each nearest page without replacing nearby centres with farther cheaper ones (51.888792ms)
✔ registration badges distinguish imported government records, listed codes and inactive registrations (0.1825ms)
✔ store reads all 101 membership rows across pages and invalidates cache on membership-only changes (21.564875ms)
✔ partial or modified membership cannot silently broaden the short-care pool (8.853208ms)
✔ seven new physical branches keep published sources, contact, and no invented registration or age (25.811625ms)
✔ short-care rates stay hourly or explicitly unspecified and evening schedules are branch-specific (10.214709ms)
✔ added branches participate in nearby and dated searches inside the default short-care 5 km radius (42.582667ms)
✔ tampered snapshots, identity collisions, wrong-region coordinates and fake registration fail closed (4.133833ms)
✔ new additions invalidate cached catalogues and incomplete publication never yields partial results (6.351083ms)
✔ published archive preserves collection membership and loads only once for concurrent and subsequent callers (90.812959ms)
✔ missing or tampered snapshot fails closed without falling back to the database (302.498209ms)
✔ cold Function instances serve health, nearby, searches, details and comparison with zero database requests (253.656458ms)
✔ history captures only IDs, care type and activity; same-day repeats do not inflate interest (3.324ms)
✔ storage separates modes, strips unknown fields and preserves malformed data on failure (0.374834ms)
✔ preference choices are capped, mode-local and do not retain arbitrary text (0.263875ms)
✔ saves outweigh comparisons, comparisons outweigh views, older history fades and care types stay separate (0.225333ms)
✔ unknown facts and incomparable or estimated fees never imply matching preferences (0.233167ms)
✔ conflicts, saved items, hidden items and other care types cannot fill recommendation slots (0.77175ms)
✔ fresh seed facts drive similarity, unknown stays unknown, and a previous comparison has a readable reason (0.33325ms)
✔ explicit review preferences gently promote supported evidence and leave unknown evidence neutral (0.263834ms)
✔ review topics are used only when explicitly supplied by the provider evidence (0.151875ms)
✔ review text maps a level-one concern to a level-two preference (0.536583ms)
✔ short-care crawl merges only derived review evidence into a matched branch (0.108125ms)
✔ explicit fee priority wins over history; same brands do not fill an otherwise equivalent shortlist (5.999916ms)
✔ contact preference and deterministic top-three limits remain intact (0.811667ms)
✔ normal search gently surfaces preference matches without changing explicit sorts (0.493167ms)
✔ listed fees, pickup and contact details do not create review preferences (0.078375ms)
✔ normal search history is safe when a previous centre is off the current page (0.100583ms)
✔ read-only recommendation API refreshes public seeds, checks current request and leaves search pages unchanged (13.788041ms)
✔ catalogue care-type membership applies to both fresh seeds and recommendations (33.971958ms)
✔ including conflicts requires an explicit boolean opt-in for both care types (0.966583ms)
✔ regular care retains its 10 km cap and 20-item pages, including unlimited requests (74.943583ms)
✔ no located centres within range returns an empty result without expanding the search (1.302959ms)
✔ search excludes known conflicts by default but keeps centres with details to confirm (4.479375ms)
✔ driving uses one bounded table, caches pairs across search/compare and coalesces concurrent requests (1.876167ms)
✔ routing timeout/failure has a short cooldown and recovers without inventing travel times (0.259125ms)
✔ remote road snaps and null route values are not represented as zero-minute trips (0.198167ms)
✔ explicit conflict opt-in retains nearest pages; default filtering counts and fills pages with eligible centres (62.108ms)
✔ all-conflict searches return zero by default; explicit opt-in can still inspect the nearest ten (2.22425ms)
✔ fee summaries keep hourly/monthly ranges separate and only show totals with a complete rule (1.967667ms)
✔ neighbourhood threshold ignores tiny movements; cache keys separate modes and radii (0.1285ms)
✔ map suggestions prefer stronger relevant matches, cap at three and exclude conflicts or unmappable centres (0.129584ms)
✔ comparison highlights switch with priority, share ties, and never prefer conflicts or missing facts (0.19775ms)
✔ map suggestions follow the selected strategy before fit-count tie breakers (0.077542ms)
✔ aspect sentiment keeps praise, complaints and neutral facts distinct without using stars (1.735042ms)
✔ scores distinguish strength, negative evidence and genuinely missing evidence (0.270791ms)
✔ different first-use choices change the order using graded review profiles (0.93525ms)
✔ off-page saved and compared branches teach a topic profile, while other care types do not (0.575166ms)
✔ all ten page candidates are reranked, favourites remain eligible, and map suggestions use the same top three (1.574667ms)
✔ new, skipped and opted-out visitors still score and rerank all ten results (1.323833ms)
✔ hidden ordinary results are scored without becoming suggestions or removing page members (5.919917ms)
✔ explicit sorts, conflicts and radius membership are not overturned by personalisation (0.316542ms)
✔ actual imported corpus has diverse scores and rejects the all-topics-identical regression (45.771542ms)
✔ review concerns require two recent records and merge with existing contact questions (5.650709ms)
✔ hiding a suggestion supplies a small negative signal even without earlier positive activity (0.156792ms)
✔ review choices survive refreshed details and copying respects unchecking without duplication (0.392166ms)
✔ search API refreshes same-type off-page seed profiles without changing page membership (27.631583ms)
✔ both live short-care pages enter reranking with their exact eligible membership (24.300167ms)
✔ corpus classifier learns topic vocabulary and abstains for unrelated text (0.789083ms)
✔ published topic passages are relevant, traceable snippets of their supplied context (43.560125ms)
✔ changing date/time reuses route pairs and only new centres need a lookup (1.819958ms)
✔ in-flight routes are shared, and clearing local data blocks stale cache writes (2.4065ms)
✔ failed routes have a short retry window; successful routes expire after a day (0.3235ms)
✔ route budget covers queued work; an outage pauses new external lookups (37.3255ms)
✔ 4.1 saved branch and reason survive reload without a request or previous fit (15.715625ms)
✔ 4.1.2 reopening re-evaluates different dates and time windows via the actual API (3.9515ms)
✔ 4.1.3 / 4.4.2 quota and denied storage preserve the previous saved version (0.337ms)
✔ unreadable / unsupported storage never gets silently replaced (0.074083ms)
✔ 4.2 reuse allows only public preferences and forces fresh date / age (0.765958ms)
✔ 4.2.2 unavailable or moved branch cannot count as a matched saved place; times must be corrected (0.632459ms)
✔ 4.3 fact differences show specific changes; retrieval alone does not mean updated provider facts (0.758625ms)
✔ 4.4 editing and deleting one saved item preserves provider facts and other saved items (0.449458ms)
✔ 5.1 / 5.5 duration, age and transport alter relevant prompts without history (1.804833ms)
✔ 5.2 / 5.4 handover questions belong to three parties and do not assert assignment or authority (1.26125ms)
✔ 5.3 sequence distinguishes requests and published facts; coordinates never generate an ETA (0.52875ms)
✔ 5.5 provider requirements need their own source and stay separate from general prompts (0.430417ms)
✔ 5.6 standalone export preserves dates, contacts, draft, blank offline spaces and ticks (0.903334ms)
✔ Q2/Q6 exports escape hostile markup, reject active URL schemes, and exclude private notes (0.686792ms)
✔ search results do not wait for routing or reverse-geocoding services (42.557708ms)
✔ compact search preserves all ten candidates, conditions, fees and personalised scores (37.828833ms)
✔ review text is fetched separately by public centre ID and catalog version (76.070458ms)
✔ route enrichment accepts only bounded public selections within the search radius (14.111458ms)
✔ late or unavailable route data never changes result membership, ranking or assessed facts (0.161958ms)
✔ WhatsApp requires an explicit approved public link and strips text, tracking and executable URLs (1.648333ms)
✔ Malay compact clocks, weekday abbreviations and adjacent day headings preserve the published days (1.919292ms)
✔ service overlay preserves sourced hours and phone; invalid branch, dates, links and duplicates are rejected (7.232875ms)
✔ published transport passes the service check but does not invent route coverage, collection or admission (2.87575ms)
✔ service-only manifest changes invalidate cache; missing or modified snapshot evidence fails closed (1.8405ms)
✔ website contact provenance and scope remain separate from a branch service source (0.309916ms)
✔ conflicting hours remain visible; shared times pass, disputed times need confirmation, and both closed times conflict (0.519083ms)
✔ newly sourced weekdays fill unknown days with their own source; explicit care schedules still take precedence (0.581625ms)
✔ cumulative expansion preserves all seven earlier additions and adds six distinct contactable locations (1.622458ms)
✔ published restricted services retain their practical questions, even though the service itself exists (7.507334ms)
✔ daily and hourly fees are not monthly prices and programme hours are not extended to general venue opening times (0.272333ms)
✔ the existing KleverCape entry gets evidence rather than a duplicate; malformed requirements are rejected (0.317666ms)
✔ short-stay displays exclude monthly budgets, other long-term periods and extras without converting them (11.607083ms)
✔ price ranking compares short-stay billing periods separately and never rewards a monthly-only or unknown price (1.669167ms)
✔ API price availability, ranking and comparison use short-stay rates while regular care keeps monthly fees (38.136708ms)
✔ missing short-stay and monthly quotes reset the active sort before results and suggestions are calculated (45.607958ms)
✔ page-specific availability does not claim the whole radius has no quote and quoted later pages remain sortable (3.001375ms)
✔ comparison resets after the last quoted centre is removed; expiry of hours and missing pickup have specific reasons (2.325625ms)
✔ foreign-currency fees and empty results give accurate reasons without retaining price order (0.53375ms)
✔ cold requests coalesce, public-only table reads are bounded, and failed refresh does not renew the cache (3.806959ms)
✔ partial source pages never become a new complete directory (0.19475ms)
✔ release changes during collection are rejected and a later retry can recover (0.609291ms)
✔ only completion/skip suppress first-visit tour, without persisting example inputs (1.421ms)
✔ tour cards remain inside small screens, zoomed layouts, and tall content (0.236167ms)
✔ a map card near the bottom gets a coach above it when there is room (0.0755ms)
ℹ tests 243
ℹ suites 0
ℹ pass 243
ℹ fail 0
ℹ cancelled 0
ℹ skipped 0
ℹ todo 0
ℹ duration_ms 918.451166
{"mode":"dry_run","function":"web-provider-query","runtime":"node-22","execute":["any"],"scopes":[],"logging":false,"package":"/Users/cheolhwi/Documents/fit5120/webapp/.build/function"}

> equalpath-web@0.0.0 build
> vite build

vite v6.4.2 building for production...
transforming...
✓ 1704 modules transformed.
rendering chunks...
computing gzip size...
dist/index.html                      0.81 kB │ gzip:   0.45 kB
dist/assets/index-DeceVLNi.css     854.88 kB │ gzip: 236.99 kB
dist/assets/index-BlnlxkhT.js      461.30 kB │ gzip: 141.49 kB
dist/assets/CareScene-9bqspxnr.js  769.49 kB │ gzip: 224.13 kB
dist/assets/MapCanvas-BAgabRjt.js  985.70 kB │ gzip: 265.24 kB

(!) Some chunks are larger than 500 kB after minification. Consider:
- Using dynamic import() to code-split the application
- Use build.rollupOptions.output.manualChunks to improve chunking: https://rollupjs.org/configuration-options/#output-manualchunks
- Adjust chunk size limit for this warning via build.chunkSizeWarningLimit.
✓ built in 2.17s
Validated 5 entry assets for source 0e93574e4cfbf58d7a09ad34e3337ca38732c211bdf69992233c6dfcbccaae75
