
> equalpath-web@0.0.0 release
> npm test && node scripts/deploy-api.mjs && node scripts/package-enquiry.mjs && npm run build && node scripts/check-build.mjs


> equalpath-web@0.0.0 test
> node --test tests/*.test.mjs

✔ Malay and English admission fields convert years and months without confusing mixed units (1.131875ms)
✔ official age ranges are confirmed without counting an unselected child age as a passed fit (4.924958ms)
✔ a selected age matches the official type range with correct TASKA and TADIKA boundaries (0.132541ms)
✔ matched admission evidence takes precedence over type defaults and retains its original source (0.962125ms)
✔ different branch age sources are preserved and cannot silently replace one another (0.223459ms)
✔ published short-care evidence reaches conditions and keeps capacity unresolved (3.2075ms)
✔ brand-only programmes and admissions pauses remain questions with the exact reason and source (0.621792ms)
✔ unmatched branches, brand claims marked as confirmed, unsafe sources and changed snapshots fail closed (5.955291ms)
✔ admission snapshot publication refreshes existing cache and rejects missing/tampered evidence (3.423209ms)
✔ both search forms require an age; single years and the older groups are accepted (4.055458ms)
✔ age groups only pass if the full group fits; partial overlap needs a question (0.249041ms)
✔ younger-group preparation keeps the prompt about feeding and spare clothes (13.141583ms)
✔ the age choice is one row of whole years, from under 1 to 6 (0.156083ms)
✔ a single year answers the common published limits that a group could not (0.107667ms)
✔ area references require five distinct comparable providers and never replace known prices (10.790833ms)
✔ older browser builds do not receive estimates they cannot label (31.353875ms)
✔ references do not use estimates, subsidy prices, extras, open-ended rates or different provider types as samples (1.354ms)
✔ regional fallback is explicit and one school contributes once despite several programmes (0.12375ms)
✔ 7.5.1 a flag keeps the branch, the item, the kind of problem and a short note; it can be edited and removed (1.188083ms)
✔ a flag needs an item, a kind and a short note (0.102ms)
✔ only this centre's flags are shown on its details (1.272875ms)
✔ 7.5.2 flags survive a reload from browser storage; broken or foreign data is ignored (0.29875ms)
✔ 7.5.2 a failed write reports failure and leaves the saved flags as they were (0.156ms)
✔ the items to flag are the address, the map place and each street view (0.089542ms)
✔ gallery visits every artwork and reverses at each end without duplicates (1.310542ms)
✔ single-art fallback never produces an out-of-bounds index (0.081875ms)
✔ pausing or unmounting cancels a dwell including an already queued callback (0.084125ms)
✔ a resumed gallery gets a full dwell before advancing (0.067417ms)
✔ unlisted weekend care ends conflict, while weekday gaps and explicit weekend schedules retain their meaning (5.07275ms)
✔ care-end display and sorting use the same specific schedule, exceptions and late rules as the check (0.457958ms)
✔ opening-hour closing boundary, closed day and missing day are distinct (0.086084ms)
✔ specific care schedule and unresolved exceptions override general opening hours (0.077417ms)
✔ Malay weekday and AM/PM phrases translate into the right day and clock (2.042083ms)
✔ no day or ambiguous overnight range is not converted into invented service dates (0.401ms)
✔ Malay PG/PTG abbreviations and through-week ranges are understood (0.376458ms)
✔ closed-day notes do not close weekdays and conflicting claims remain unresolved (0.37475ms)
✔ missing selected-day hours are distinguished from an entirely empty weekly schedule (0.121875ms)
✔ a current provider sheet outranks an older directory listing; equal sources still disagree (0.245875ms)
✔ regular search accepts preferences alone, discards hidden dates and temporal sort; short care still validates times (2.954375ms)
✔ live search and map use disjoint memberships before radius, count and pagination; cross-pool lookups are rejected (50.832041ms)
✔ membership is not an admission claim and missing membership fails closed (0.917ms)
✔ short care supports an explicit 10 km radius across search, map, recommendations and cache while retaining ten-item pages (135.570625ms)
✔ regular detail, question copy and printable preparation do not require or fabricate a visit date (4.165166ms)
✔ templates and nearby caches retain care type without carrying hidden dates (0.197125ms)
✔ profile membership rejects tampering, duplicate IDs and absent catalogue branches without mutating provider facts (0.979584ms)
✔ branch highlights show the strongest two review themes using short existing labels (1.549667ms)
✔ one strong theme stays a single tag; sparse, stale, missing and negative evidence do not fill a second slot (0.216583ms)
✔ equal evidence yields stable labels regardless of supplied topic order (6.005375ms)
✔ durable bot roundtrip requires actual merchant reply; worker restart retains state (5.550584ms)
✔ concurrent clicks and duplicated Telegram deliveries send exactly once per role (0.937792ms)
✔ ownership, fixed peers, webhook secrets, forwards and wrong request text are enforced (1.650958ms)
✔ concurrent reuse of a nonce with different requests rejects the losing request (0.2985ms)
✔ cancel and timeout prevent late replies; unavailable transport never becomes a mock success (0.480083ms)
✔ daily per-session send cap survives new service instances (0.673083ms)
✔ different sessions share a FIFO queue, keep private ownership, and advance after the reply (0.516875ms)
✔ reply timeout releases the queue after a worker restart; cancelled queued jobs never send (0.369292ms)
✔ queued requests have their own wait deadline and never send once it expires (0.172041ms)
✔ Telegram only uses fixed bot usernames and redacts transport failures (0.592917ms)
✔ unconfigured cloud fails closed, never enables a local simulation (0.192959ms)
✔ progress polling reads its own job/events once and never scans or writes the shared queue (1.594417ms)
✔ recovery walks expired heads in bounded single-row reads after observers leave (1.841209ms)
✔ cloud adapter excludes the job from event lists and reads only the FIFO head (0.703125ms)
✔ short-care cold search reads only its validated partition; individual reviews load on demand (37.694167ms)
✔ prepared publication preserves full and compact search, fee, fit, review and regular-care contracts (330.72025ms)
✔ missing or corrupted search artifacts fail closed without database fallback (2.286917ms)
✔ release preparation preserves catalog content across compression runtimes (381.185958ms)
✔ comparison keeps unknown ages and type guidance distinct from acceptance (1.329333ms)
✔ comparison uses the assessed state for short visits and hours, never inferred acceptance (0.1025ms)
✔ self pickup does not present a centre pickup service as confirmed (0.174542ms)
✔ current provider, review and fee handoffs cover the short-care pool without publishing raw review text (78.928959ms)
✔ merge overlapping questions without dropping any source checks or known conflicts (18.520625ms)
✔ the short message copies only checked questions and preserves actual departure and pickup times (0.40425ms)
✔ specific booking, supervision and toilet requirements stay in their own visible question (1.7395ms)
✔ long-term requests do not acquire a visit date or short-stay price, and estimates remain questions (0.655333ms)
✔ only visible phones and explicit WhatsApp links qualify; an ordinary website or empty contact does not (0.601625ms)
✔ contact availability precedes the chosen sort within fit groups and never promotes conflicts above non-conflicts (6.003834ms)
✔ suggestions use only contactable candidates when present, without filling empty slots; otherwise fall back (0.957917ms)
✔ comparison winners and ties use the same contact preference; missing prices cannot create a cheap winner (0.304417ms)
✔ search factual sorts preserve the nearest 20; Recommended prefers contactable centres without changing membership (50.679792ms)
✔ all-caps register names read as names, keeping acronyms and mixed-case spellings (1.915292ms)
✔ places drop zone and territory prefixes and never repeat themselves (0.208625ms)
✔ essential fields, impossible dates and same-day time ordering fail without changing valid values (3.358958ms)
✔ omitted age and transport are accepted and visibly unspecified (14.802334ms)
✔ age four is a full [48,60) month interval, with partial and ambiguous overlap unknown (0.109875ms)
✔ regular enrolment does not become one-off admission (0.12225ms)
✔ pickup window wholly before, wholly after and spanning the deadline produce three different states (0.132791ms)
✔ transport existence does not supply missing pickup coverage or an arrival estimate (0.06825ms)
✔ self delivery removes institutional transport requirement, preserving other request conditions (0.067167ms)
✔ opening hours supply care timing while unresolved holiday exceptions stay unknown (0.09175ms)
✔ care end and applicable latest collection restrictions preserve conflicts (0.199875ms)
✔ monthly fees and missing extras do not generate fabricated hourly prices (0.1095ms)
✔ controlled complete tariff explains duration, minimum, rounding and extras (0.106334ms)
✔ one deduplicated enquiry list carries unknown service conditions without any reviews (0.093542ms)
✔ search excludes conflicts and missing coordinates before counting centres (2.326125ms)
✔ comparison uses separate branch facts and deterministic unknown-last priorities (0.565708ms)
✔ no result is distinct from source failure (0.534042ms)
✔ request revisions update evaluations and stale facts cannot be presented as current (1.764375ms)
✔ KL, Selangor, Putrajaya and other states are enforced on server requests (0.897042ms)
✔ source-region disagreement is held, while sourced regional records without coordinates remain usable (0.469792ms)
✔ imported links and phone actions cannot inject executable schemes (0.158958ms)
✔ representative public source import is deterministic and real contact facts retain separate provenance (3.985292ms)
✔ Malay notes fallback never restores weekdays excluded as estimates (0.408875ms)
✔ cloud setup hides typed secrets and restores the terminal (1.7325ms)
✔ hidden input cancellation discards partial credentials without echo (0.4445ms)
✔ hidden input refuses non-terminal fallback (0.106917ms)
✔ questions retain API membership and link by condition ID, with conflicts first and routine questions separate (13.84775ms)
✔ unspecified pickup and age are described as user choices, not missing provider facts; self transport omits pickup questions (0.653291ms)
✔ copied message follows selected order and keeps visit context, without internal condition text or unselected questions (0.450875ms)
✔ fee question distinguishes a validated visit estimate from monthly rates and preserves conflicting age sources (0.736041ms)
✔ service questions use everyday words while keeping booking and care requirements available (1.419583ms)
✔ skipping cancels pending entrance phases and ignores already queued callbacks (1.20475ms)
✔ reduced motion enters immediately without scheduling camera animation (0.064459ms)
✔ entrance always completes without waiting for map tiles or a backend response (0.09025ms)
✔ city previews stay flat and entrance adds no intermediate camera destination (0.082834ms)
✔ public function handles preflight and disallows unsupported methods without touching the store (2.596083ms)
✔ invalid JSON and oversized requests return bounded private errors (0.715125ms)
✔ entry returns controlled examples only when demo mode is requested explicitly (14.103958ms)
✔ scheduled warmup primes both live catalogues and the next search reuses the loaded API (0.258709ms)
✔ warmup failure stays bounded and a later scheduled execution can retry API initialization (0.2285ms)
✔ age lower-exclusive endpoint cannot fully support a completed age interval (0.141292ms)
✔ each child gets one plain line: fits, what to ask, or what does not fit (2.504667ms)
✔ a child fee is shown only from a usable estimate (9.498375ms)
✔ sorts by the chosen priority; a centre that doesn't fit a child is last and never "best" (15.997458ms)
✔ unknown values go after known ones; ties give no tag; missing data disables a priority (0.242041ms)
✔ family comparison checks every ID with each child request and joins by ID, not ranked position (1.573541ms)
✔ unknown or incomplete facts never become a family match; fees require two compatible totals (8.88725ms)
✔ family comparison rejects partial replies, changed catalogues and request failures (0.347792ms)
✔ real compare API preserves each child assessment and time-based cost even when not in that child search (14.263708ms)
✔ failure of the second child never returns a usable one-child comparison (0.244125ms)
✔ empty structured fees never pick up a price from an input placeholder or registration number (1.442375ms)
✔ programme prices, meals, registration and annual fees retain separate bases and provenance (11.111ms)
✔ directory estimates retain their billing period and estimates label; zero registration is not free care (0.262875ms)
✔ fee overlay refreshes only named sources and rejects changed identities, hashes, amounts and links (1.02075ms)
✔ a fee release refreshes the cached catalog; incomplete or tampered evidence never activates (2.623167ms)
✔ first available location includes accuracy and immediately stops observation (1.699958ms)
✔ error 2 gets one longer fresh high-accuracy attempt (0.293041ms)
✔ error 3 gets one longer fresh high-accuracy attempt (0.133ms)
✔ permission denial stops immediately and explains site/device access and manual recovery (0.307125ms)
✔ two failures end the operation without endless retry or fabricated coordinates (0.15475ms)
✔ a browser that never calls back is bounded to 40 seconds and both watches are cleared (0.465584ms)
✔ cancelling stops the device request and discards late callbacks without retry (0.225917ms)
✔ cancellation during the retry clears its watch too (1.712041ms)
✔ an already-cancelled request never asks for device location (0.274959ms)
✔ unsupported and insecure browsers explain the cause and allow manual selection (0.103375ms)
✔ invalid or missing coordinates are rejected and the watch is released (0.137708ms)
✔ synchronous browser callbacks still release the returned watch ID (0.077167ms)
✔ Google hours preserve closed and unknown days, Unicode clocks, split shifts and explicit 24 hours (2.831125ms)
✔ schema midnight/overnight and contradictory day statements never become guessed hours (1.007834ms)
✔ evidence fills gaps but cannot override known hours or admit mismatched, duplicate or tampered facts (5.916667ms)
✔ official clock ranges without weekdays remain visible evidence without passing a dated check (0.144417ms)
✔ Appwrite hours are hash-checked and contribute to the served version and care check (5.463584ms)
✔ same catalogue release refreshes when hours change; incomplete or tampered snapshots are rejected (2.20525ms)
✔ evening scenarios are identifiable fictional entries and do not imply a national default (0.133709ms)
✔ listing fees split registration from term fees and retain the published period (11.686208ms)
✔ starting prices remain open ended, including Malay fee wording (0.409375ms)
✔ a range without a billing period does not become a monthly fee (0.123541ms)
✔ placeholder, non-currency amounts and reversed ranges are excluded (0.687542ms)
✔ MAIWP eligibility rates are a range and registration is additional (0.146792ms)
✔ 1280px: full action cards remain separate when a vertical stack cannot fit (2.297708ms)
✔ 700px: full action cards remain separate when a vertical stack cannot fit (0.320916ms)
✔ 320px: three coincident points keep readable cards on screen (0.904542ms)
✔ 390px: three coincident points keep readable cards on screen (0.352583ms)
✔ 1440px: three coincident points keep readable cards on screen (0.272708ms)
✔ a tall search dock and coincident points leave three separate card rows (0.565292ms)
✔ a selected card keeps its side as closely spaced pins move through the viewport (0.346208ms)
✔ OSM places are independent of provider data; typo terms reach the fuzzy geocoder (1.374291ms)
✔ Photon sends bounded general place queries, expands Malay abbreviations, coalesces and caches (2.655333ms)
✔ OSM results exclude Putrajaya, other states, malformed coordinates and duplicate IDs (1.219458ms)
✔ geocoder failures never fabricate places or poison the retry cache (0.678458ms)
✔ confirmed pickup reverse lookup is bounded, shared, cached, and never moves the pickup to a road centroid (1.457833ms)
✔ reverse is independent of directory health and ignores far-away or unnamed roads (0.778709ms)
✔ nearby discovery works without date/time and returns distance-ordered coordinates without fit claims (28.72575ms)
✔ last-map memory restores geographic state only, separated by mode; broken or blocked storage is harmless (0.230542ms)
✔ Start is when the parent leaves; arrival and leaving for pickup come from the road time (0.674ms)
✔ without a road time nothing is estimated (0.767ms)
✔ centre pickup: no parent drive in the morning, the parent still collects (0.099291ms)
✔ a short visit suggests waiting nearby (0.050667ms)
✔ questions follow the result-card count: arrival is never counted, pickup only for centre pickup (0.081792ms)
✔ the plan text is a dated draft with the questions (11.449542ms)
✔ monthly price uses care starting rates and never treats other periods, currencies or extras as cheap care (0.788041ms)
✔ price priority keeps conflicts last, includes labelled budgets and excludes unknown prices from highlights (7.531583ms)
✔ price sorts each nearest page without replacing nearby centres with farther cheaper ones (47.209584ms)
✔ registration badges distinguish imported government records, listed codes and inactive registrations (0.170916ms)
✔ store reads all 101 membership rows across pages and invalidates cache on membership-only changes (20.997375ms)
✔ partial or modified membership cannot silently broaden the short-care pool (5.418042ms)
✔ seven new physical branches keep published sources, contact, and no invented registration or age (20.02125ms)
✔ short-care rates stay hourly or explicitly unspecified and evening schedules are branch-specific (6.896708ms)
✔ added branches participate in nearby and dated searches inside the default short-care 5 km radius (39.240833ms)
✔ tampered snapshots, identity collisions, wrong-region coordinates and fake registration fail closed (3.34675ms)
✔ new additions invalidate cached catalogues and incomplete publication never yields partial results (8.552167ms)
✔ published archive preserves collection membership and loads only once for concurrent and subsequent callers (71.947ms)
✔ missing or tampered snapshot fails closed without falling back to the database (315.481166ms)
✔ cold Function instances serve health, nearby, searches, details and comparison with zero database requests (250.707792ms)
✔ shipped initial weights affect all ten first-search candidates without fabricated browser history (4.0525ms)
✔ initial model is bounded, restricted to short care and honours learning opt-out (0.165667ms)
✔ personal training starts at shipped weights and replaces the prior only after independent validation (2.216583ms)
✔ item CF learns co-preference across users; self/cold/one-user coincidences do not create neighbours (6.131208ms)
✔ implicit ALS learns latent factors and folds in a new browser without exporting users (12.382042ms)
✔ RankNet learns a preference from labels and improves on held-out slates; no pairs means no model (1.648583ms)
✔ only observed items receive feedback, rewards use pre-action features, and exports project away private fields (4.668583ms)
✔ feedback follows the displayed search even after 30 minutes; unrelated activity cannot label earlier searches (0.1035ms)
✔ local RankNet has no three-search or time gate; independent later validation is still required (2.109125ms)
✔ first-use preferences and the first view/compare/save affect the next search without moving the current results (3.091875ms)
✔ storage rejects poisoned vectors and unsafe IDs; mode boundary and clear history retain existing behavior (0.196084ms)
✔ offline pipeline has disjoint chronological stages and synthetic candidates can never run as production models (7.019291ms)
✔ learned ranker affects Recommended but cannot override conflicts, contact groups, manual sorts or opt-out (0.690667ms)
✔ history captures only IDs, care type and activity; same-day repeats do not inflate interest (2.145459ms)
✔ storage separates modes, strips unknown fields and preserves malformed data on failure (0.43925ms)
✔ preference choices are capped, mode-local and do not retain arbitrary text (0.133708ms)
✔ saves outweigh comparisons, comparisons outweigh views, older history fades and care types stay separate (0.193583ms)
✔ unknown facts and incomparable or estimated fees never imply matching preferences (0.219042ms)
✔ conflicts, saved items, hidden items and other care types cannot fill recommendation slots (1.078292ms)
✔ fresh seed facts drive similarity, unknown stays unknown, and a previous comparison has a readable reason (0.3995ms)
✔ explicit review preferences gently promote supported evidence and leave unknown evidence neutral (0.272667ms)
✔ review topics are used only when explicitly supplied by the provider evidence (0.111125ms)
✔ review text maps a level-one concern to a level-two preference (0.531125ms)
✔ short-care crawl merges only derived review evidence into a matched branch (0.12325ms)
✔ explicit fee priority wins over history; same brands do not fill an otherwise equivalent shortlist (6.799ms)
✔ contact preference and deterministic top-three limits remain intact (0.254042ms)
✔ normal search gently surfaces preference matches without changing explicit sorts (0.47025ms)
✔ listed fees, pickup and contact details do not create review preferences (0.087375ms)
✔ normal search history is safe when a previous centre is off the current page (0.101584ms)
✔ read-only recommendation API refreshes public seeds, checks current request and leaves search pages unchanged (13.290208ms)
✔ catalogue care-type membership applies to both fresh seeds and recommendations (30.196125ms)
✔ saving a lower result changes the next full-page order; comparing matters more than viewing (7.484167ms)
✔ bounded diversity exposes a different supported theme, without lifting far or stale options (0.57825ms)
✔ explicit factual sorts do not change with saved/viewed/compared preferences (0.5715ms)
✔ published catalogue reproduces the same-page save scenario and keeps all original eligibility and paging (49.312291ms)
✔ including conflicts requires an explicit boolean opt-in for both care types (0.788583ms)
✔ regular care retains its 10 km cap and 20-item pages, including unlimited requests (71.73875ms)
✔ no located centres within range returns an empty result without expanding the search (1.038375ms)
✔ search excludes known conflicts by default but keeps centres with details to confirm (1.422ms)
✔ driving uses one bounded table, caches pairs across search/compare and coalesces concurrent requests (1.815292ms)
✔ routing timeout/failure has a short cooldown and recovers without inventing travel times (0.359416ms)
✔ remote road snaps and null route values are not represented as zero-minute trips (0.157334ms)
✔ explicit conflict opt-in retains nearest pages; default filtering counts and fills pages with eligible centres (71.4635ms)
✔ all-conflict searches return zero by default; explicit opt-in can still inspect the nearest ten (1.791583ms)
✔ fee summaries keep hourly/monthly ranges separate and only show totals with a complete rule (2.8065ms)
✔ neighbourhood threshold ignores tiny movements; cache keys separate modes and radii (0.121292ms)
✔ map suggestions prefer stronger relevant matches, cap at three and exclude conflicts or unmappable centres (0.137667ms)
✔ comparison highlights switch with priority, share ties, and never prefer conflicts or missing facts (0.19675ms)
✔ map suggestions follow the selected strategy before fit-count tie breakers (0.082083ms)
✔ aspect sentiment keeps praise, complaints and neutral facts distinct without using stars (1.416083ms)
✔ scores distinguish strength, negative evidence and genuinely missing evidence (0.165416ms)
✔ different first-use choices change the order using graded review profiles (0.956792ms)
✔ off-page saved and compared branches teach a topic profile, while other care types do not (0.419417ms)
✔ all ten page candidates are reranked, favourites remain eligible, and map suggestions use the same top three (2.184292ms)
✔ new, skipped and opted-out visitors still score and rerank all ten results (0.747542ms)
✔ hidden ordinary results are scored without becoming suggestions or removing page members (5.724959ms)
✔ explicit sorts, conflicts and radius membership are not overturned by personalisation (0.345541ms)
✔ actual imported corpus has diverse scores and rejects the all-topics-identical regression (36.423958ms)
✔ review concerns require two recent records and merge with existing contact questions (6.161709ms)
✔ hiding a suggestion supplies a small negative signal even without earlier positive activity (0.217833ms)
✔ review choices survive refreshed details and copying respects unchecking without duplication (0.744ms)
✔ search API refreshes same-type off-page seed profiles without changing page membership (28.8195ms)
✔ both live short-care pages enter reranking with their exact eligible membership (27.727291ms)
✔ corpus classifier learns topic vocabulary and abstains for unrelated text (0.629791ms)
✔ published topic passages are relevant, traceable snippets of their supplied context (48.275375ms)
✔ changing date/time reuses route pairs and only new centres need a lookup (1.476208ms)
✔ in-flight routes are shared, and clearing local data blocks stale cache writes (0.187583ms)
✔ failed routes have a short retry window; successful routes expire after a day (0.399875ms)
✔ route budget covers queued work; an outage pauses new external lookups (35.202125ms)
✔ matrix: one table request, every needed pair, cached per pair (3.879916ms)
✔ matrix: a refused table request pauses lookups and reports busy, never a guess (0.255ms)
✔ 4.1 saved branch and reason survive reload without a request or previous fit (13.39275ms)
✔ 4.1.2 reopening re-evaluates different dates and time windows via the actual API (1.094666ms)
✔ 4.1.3 / 4.4.2 quota and denied storage preserve the previous saved version (0.371834ms)
✔ unreadable / unsupported storage never gets silently replaced (0.095084ms)
✔ 4.2 reuse allows only public preferences and forces fresh date / age (0.8375ms)
✔ 4.2.2 unavailable or moved branch cannot count as a matched saved place; times must be corrected (0.114541ms)
✔ 4.3 fact differences show specific changes; retrieval alone does not mean updated provider facts (0.594833ms)
✔ 4.4 editing and deleting one saved item preserves provider facts and other saved items (0.270291ms)
✔ 5.1 / 5.5 duration, age and transport alter relevant prompts without history (2.560666ms)
✔ 5.2 / 5.4 handover questions belong to three parties and do not assert assignment or authority (0.767583ms)
✔ 5.3 sequence distinguishes requests and published facts; coordinates never generate an ETA (0.498ms)
✔ 5.5 provider requirements need their own source and stay separate from general prompts (0.573666ms)
✔ 5.6 standalone export preserves dates, contacts, draft, blank offline spaces and ticks (0.773208ms)
✔ Q2/Q6 exports escape hostile markup, reject active URL schemes, and exclude private notes (0.543333ms)
✔ search results do not wait for routing or reverse-geocoding services (43.282584ms)
✔ compact search preserves all ten candidates, conditions, fees and personalised scores (39.710625ms)
✔ review text is fetched separately by public centre ID and catalog version (86.187208ms)
✔ route enrichment accepts only bounded public selections within the search radius (11.5845ms)
✔ two children: one matrix request covers the start and every pair of listed centres (12.010709ms)
✔ late or unavailable route data never changes result membership, ranking or assessed facts (0.151208ms)
✔ WhatsApp requires an explicit approved public link and strips text, tracking and executable URLs (1.348875ms)
✔ Malay compact clocks, weekday abbreviations and adjacent day headings preserve the published days (4.112917ms)
✔ service overlay preserves sourced hours and phone; invalid branch, dates, links and duplicates are rejected (6.580959ms)
✔ published transport passes the service check but does not invent route coverage, collection or admission (8.357375ms)
✔ service-only manifest changes invalidate cache; missing or modified snapshot evidence fails closed (1.402542ms)
✔ website contact provenance and scope remain separate from a branch service source (0.221041ms)
✔ conflicting hours remain visible; shared times pass, disputed times need confirmation, and both closed times conflict (0.510916ms)
✔ newly sourced weekdays fill unknown days with their own source; explicit care schedules still take precedence (0.317541ms)
✔ cumulative expansion preserves all seven earlier additions and adds six distinct contactable locations (1.334625ms)
✔ published restricted services retain their practical questions, even though the service itself exists (8.984708ms)
✔ daily and hourly fees are not monthly prices and programme hours are not extended to general venue opening times (0.451292ms)
✔ the existing KleverCape entry gets evidence rather than a duplicate; malformed requirements are rejected (0.46425ms)
✔ short-stay displays exclude monthly budgets, other long-term periods and extras without converting them (11.732041ms)
✔ price ranking compares short-stay billing periods separately and never rewards a monthly-only or unknown price (1.267334ms)
✔ API price availability, ranking and comparison use short-stay rates while regular care keeps monthly fees (43.272708ms)
✔ synthetic local training has isolated temporal splits, fitted weights and real inference replays (2160.0175ms)
✔ missing short-stay and monthly quotes reset the active sort before results and suggestions are calculated (49.071292ms)
✔ page-specific availability does not claim the whole radius has no quote and quoted later pages remain sortable (3.281583ms)
✔ comparison resets after the last quoted centre is removed; expiry of hours and missing pickup have specific reasons (3.297333ms)
✔ foreign-currency fees and empty results give accurate reasons without retaining price order (0.598083ms)
✔ cold requests coalesce, public-only table reads are bounded, and failed refresh does not renew the cache (3.543791ms)
✔ partial source pages never become a new complete directory (0.234167ms)
✔ release changes during collection are rejected and a later retry can recover (0.55475ms)
✔ photo cache deduplicates, persists, versions and clears (26.541292ms)
✔ published surrounding galleries have distinct versioned public images and a compatible cover (2.56075ms)
✔ each published capture date matches its observed panorama, including all directions (1.420375ms)
✔ only completion/skip suppress first-visit tour, without persisting example inputs (1.137834ms)
✔ tour cards remain inside small screens, zoomed layouts, and tall content (0.189125ms)
✔ a map card near the bottom gets a coach above it when there is room (0.04275ms)
✔ 8.1.3 names each problem with its child and keeps valid entries (1.056792ms)
✔ each child is searched with their own age and times, as a self-arranged short visit (0.778416ms)
✔ Example 1: the brief's drop-off works with A then B and a 5-minute margin (0.501209ms)
✔ Example 2: equal care ends at two centres conflict, with verified single fixes (0.446958ms)
✔ Example 3: both children at one centre at the same time are one stop with a combined allowance (0.211709ms)
✔ Example 4: the same adult cannot leave for collection before the last drop-off (0.201292ms)
✔ fixes are rounded to 5-minute steps in the safe direction (0.121709ms)
✔ Example 5: a missing road time makes the drop-off undetermined unless another order works (0.099417ms)
✔ 8.2/8.3: same-centre options first, pairs from the first five per child, ten shown (1.032542ms)
✔ recommendation: each child's Recommended rank leads when drive times are close (5.746875ms)
✔ recommendation: one centre for both, details that fit both and contacts add to the score (0.119084ms)
✔ pairs without a road time come last (0.11325ms)
✔ lookups: start times for the ten centres most likely to appear, best rank first (0.167042ms)
✔ lookups: each journey needs one centre-to-centre time in its likely order (0.581417ms)
✔ lookups: ask only while a pair could still beat the third known option (0.487083ms)
✔ 8.6: one message for one centre asks about two places; two centres get their own child only (5.692208ms)
✔ leave-by: Example 1 drop-off says leave by 15:35, A first, and B 10 minutes to spare (0.529292ms)
✔ leave-by: equal pickup times at two centres offer one fix — pick up Child 1 earlier (0.133083ms)
✔ leave-by: equal start times at two centres offer one fix — drop Child 2 later, rounded up (0.109167ms)
✔ leave-by: a journey that needs a change still shows its timeline with how late each stop would be (0.49175ms)
✔ leave-by: one stop for both children at one centre (0.33525ms)
✔ leave-by: pickup that would have to start before the last drop-off is flagged with a fix (0.17025ms)
✔ leave-by: a missing road time is 'unknown', never a guess (0.093458ms)
✔ leave-by: a known order that needs a change is used when the other order is not loaded (0.128625ms)
✔ leave-by: without the centre-to-centre time the plan still shows the likely order, marked as not loaded (0.241167ms)
✔ 8.6.3: the family plan is a labelled draft with leave-by steps and open questions (0.231917ms)
✔ all 101 branches retain exact listed age and hours, but no contact or location fields (33.261542ms)
✔ simulated spaces cannot override real age or full-interval hours conflicts (0.253334ms)
✔ month age limits and partially covered ages retain the existing evidence semantics (0.093917ms)
✔ missing facts, date exceptions and competing hours never become accepted (0.177792ms)
✔ two children share simulated capacity only when their intervals overlap (0.129417ms)
✔ unanswered questions and simulated conditional replies stay unresolved (0.123709ms)
✔ one rejected child and one unresolved child is never partial acceptance (0.16475ms)
✔ payload cannot add contacts, URLs, identities, invalid dates or arbitrary targets (0.156666ms)
✔ duplicate clicks reuse one job; ownership and changed requests are isolated (63.229166ms)
✔ cancel, timeout and expiry cannot turn into a late acceptance (233.148167ms)
✔ failed Telegram sends remain failed, with no fake result or local fallback (41.109625ms)
✔ Telegram is off by default and only a fixed private test chat can be sent to (0.507542ms)
✔ chat subscriptions stream actual state changes, isolate owners, and reconnect without resending (81.923125ms)
✔ stopping a streamed enquiry emits cancellation and no later reply (111.227ms)
ℹ tests 353
ℹ suites 0
ℹ pass 353
ℹ fail 0
ℹ cancelled 0
ℹ skipped 0
ℹ todo 0
ℹ duration_ms 2610.349875
{"mode":"dry_run","function":"web-provider-query","runtime":"node-22","execute":["any"],"scopes":[],"logging":false,"package":"/private/tmp/equalpath-release-20261010-7dzm765s/.build/function"}
{"mode":"dry_run","function":"web-enquiry-demo","package":"/private/tmp/equalpath-release-20261010-7dzm765s/.build/enquiry","branches":101,"searchFunctionChanged":false}

> equalpath-web@0.0.0 build
> vite build

vite v6.4.2 building for production...
transforming...
✓ 1740 modules transformed.
rendering chunks...
computing gzip size...
dist/index.html                      0.81 kB │ gzip:   0.45 kB
dist/assets/index-OUMcpO33.css     906.66 kB │ gzip: 245.25 kB
dist/assets/index-YqED8pYK.js      729.06 kB │ gzip: 203.90 kB
dist/assets/CareScene-eie6KbOK.js  769.49 kB │ gzip: 224.13 kB
dist/assets/MapCanvas-3332fOee.js  988.55 kB │ gzip: 266.41 kB

(!) Some chunks are larger than 500 kB after minification. Consider:
- Using dynamic import() to code-split the application
- Use build.rollupOptions.output.manualChunks to improve chunking: https://rollupjs.org/configuration-options/#output-manualchunks
- Adjust chunk size limit for this warning via build.chunkSizeWarningLimit.
✓ built in 1.99s
Validated 5 entry assets for source 23a2367d60066d9c630db003563e3deb2ee88cb8096420a6a3721480eeea5f4b
