2026-10-01T06:40:38.3880097Z Current runner version: '2.337.0'
2026-10-01T06:40:38.3904401Z ##[group]Runner Image Provisioner
2026-10-01T06:40:38.3905340Z Hosted Compute Agent
2026-10-01T06:40:38.3905947Z Version: 20260901.588
2026-10-01T06:40:38.3906607Z Commit: f88ec8081b781fac6c440065ac7ff9e710ce3d0b
2026-10-01T06:40:38.3907415Z Build Date: 2026-09-01T19:56:44Z
2026-10-01T06:40:38.3908114Z Worker ID: {ed215452-e538-4b99-a96c-6ed149107113}
2026-10-01T06:40:38.3908865Z Azure Region: eastus2
2026-10-01T06:40:38.3909451Z ##[endgroup]
2026-10-01T06:40:38.3911205Z ##[group]Operating System
2026-10-01T06:40:38.3911995Z Ubuntu
2026-10-01T06:40:38.3912626Z 24.04.5
2026-10-01T06:40:38.3913301Z LTS
2026-10-01T06:40:38.3913896Z ##[endgroup]
2026-10-01T06:40:38.3914536Z ##[group]Runner Image
2026-10-01T06:40:38.3915698Z Image: ubuntu-24.04
2026-10-01T06:40:38.3916348Z Version: 20260927.320.1
2026-10-01T06:40:38.3917660Z Included Software: https://github.com/actions/runner-images/blob/ubuntu24/20260927.320/images/ubuntu/Ubuntu2404-Readme.md
2026-10-01T06:40:38.3919309Z Image Release: https://github.com/actions/runner-images/releases/tag/ubuntu24%2F20260927.320
2026-10-01T06:40:38.3920688Z ##[endgroup]
2026-10-01T06:40:38.3921833Z ##[group]GITHUB_TOKEN Permissions
2026-10-01T06:40:38.3924099Z Contents: read
2026-10-01T06:40:38.3924799Z Metadata: read
2026-10-01T06:40:38.3925428Z ##[endgroup]
2026-10-01T06:40:38.3927947Z Secret source: Actions
2026-10-01T06:40:38.3929174Z Cache mode: write
2026-10-01T06:40:38.3930176Z Prepare workflow directory
2026-10-01T06:40:38.4257192Z Prepare all required actions
2026-10-01T06:40:38.4304127Z Getting action download info
2026-10-01T06:40:38.6697285Z Download action repository 'actions/checkout@d23441a48e516b6c34aea4fa41551a30e30af803' (SHA:d23441a48e516b6c34aea4fa41551a30e30af803)
2026-10-01T06:40:38.7648579Z Download action repository 'actions/setup-node@249970729cb0ef3589644e2896645e5dc5ba9c38' (SHA:249970729cb0ef3589644e2896645e5dc5ba9c38)
2026-10-01T06:40:38.8462278Z Download action repository 'actions/upload-artifact@ea165f8d65b6e75b540449e92b4886f43607fa02' (SHA:ea165f8d65b6e75b540449e92b4886f43607fa02)
2026-10-01T06:40:39.0568677Z Complete job name: Browser journeys (journeys 2/3)
2026-10-01T06:40:39.1307714Z ##[group]Run actions/checkout@d23441a48e516b6c34aea4fa41551a30e30af803
2026-10-01T06:40:39.1308911Z with:
2026-10-01T06:40:39.1309373Z   repository: Cheolhwi/equalpath-web
2026-10-01T06:40:39.1313327Z   token: ***
2026-10-01T06:40:39.1313754Z   ssh-strict: true
2026-10-01T06:40:39.1314184Z   ssh-user: git
2026-10-01T06:40:39.1314625Z   persist-credentials: true
2026-10-01T06:40:39.1315106Z   clean: true
2026-10-01T06:40:39.1315539Z   sparse-checkout-cone-mode: true
2026-10-01T06:40:39.1316060Z   fetch-depth: 1
2026-10-01T06:40:39.1316486Z   fetch-tags: false
2026-10-01T06:40:39.1316936Z   show-progress: true
2026-10-01T06:40:39.1317372Z   lfs: false
2026-10-01T06:40:39.1317776Z   submodules: false
2026-10-01T06:40:39.1318218Z   set-safe-directory: true
2026-10-01T06:40:39.1318720Z   allow-unsafe-pr-checkout: false
2026-10-01T06:40:39.1319554Z ##[endgroup]
2026-10-01T06:40:39.2309510Z Syncing repository: Cheolhwi/equalpath-web
2026-10-01T06:40:39.2312413Z ##[group]Getting Git version info
2026-10-01T06:40:39.2313194Z Working directory is '/home/runner/work/equalpath-web/equalpath-web'
2026-10-01T06:40:39.2314237Z [command]/usr/bin/git version
2026-10-01T06:40:39.2448058Z git version 2.55.0
2026-10-01T06:40:39.2485075Z ##[endgroup]
2026-10-01T06:40:39.2492982Z Temporarily overriding HOME='/home/runner/work/_temp/4c766b8f-82e3-4439-b2d1-8e3a7fb2152a' before making global git config changes
2026-10-01T06:40:39.2495408Z Adding repository directory to the temporary git global config as a safe directory
2026-10-01T06:40:39.2499038Z [command]/usr/bin/git config --global --add safe.directory /home/runner/work/equalpath-web/equalpath-web
2026-10-01T06:40:39.2552023Z Deleting the contents of '/home/runner/work/equalpath-web/equalpath-web'
2026-10-01T06:40:39.2556616Z ##[group]Determining repository object format
2026-10-01T06:40:39.2559676Z ##[endgroup]
2026-10-01T06:40:39.2561142Z ##[group]Initializing the repository
2026-10-01T06:40:39.2565807Z [command]/usr/bin/git init /home/runner/work/equalpath-web/equalpath-web
2026-10-01T06:40:39.2679872Z hint: Using 'master' as the name for the initial branch. This default branch name
2026-10-01T06:40:39.2682076Z hint: will change to "main" in Git 3.0. To configure the initial branch name
2026-10-01T06:40:39.2684141Z hint: to use in all of your new repositories, which will suppress this warning,
2026-10-01T06:40:39.2685639Z hint: call:
2026-10-01T06:40:39.2686450Z hint:
2026-10-01T06:40:39.2687406Z hint: 	git config --global init.defaultBranch <name>
2026-10-01T06:40:39.2688620Z hint:
2026-10-01T06:40:39.2689816Z hint: Names commonly chosen instead of 'master' are 'main', 'trunk' and
2026-10-01T06:40:39.2691814Z hint: 'development'. The just-created branch can be renamed via this command:
2026-10-01T06:40:39.2693295Z hint:
2026-10-01T06:40:39.2694132Z hint: 	git branch -m <name>
2026-10-01T06:40:39.2695082Z hint:
2026-10-01T06:40:39.2696284Z hint: Disable this message with "git config set advice.defaultBranchName false"
2026-10-01T06:40:39.2698349Z Initialized empty Git repository in /home/runner/work/equalpath-web/equalpath-web/.git/
2026-10-01T06:40:39.2701863Z [command]/usr/bin/git remote add origin https://github.com/Cheolhwi/equalpath-web
2026-10-01T06:40:39.2762333Z ##[endgroup]
2026-10-01T06:40:39.2763768Z ##[group]Disabling automatic garbage collection
2026-10-01T06:40:39.2775376Z [command]/usr/bin/git config --local gc.auto 0
2026-10-01T06:40:39.2809305Z ##[endgroup]
2026-10-01T06:40:39.2810795Z ##[group]Setting up auth
2026-10-01T06:40:39.2811779Z Removing SSH command configuration
2026-10-01T06:40:39.2817515Z [command]/usr/bin/git config --local --name-only --get-regexp core\.sshCommand
2026-10-01T06:40:39.2852175Z [command]/usr/bin/git submodule foreach --recursive sh -c "git config --local --name-only --get-regexp 'core\.sshCommand' && git config --local --unset-all 'core.sshCommand' || :"
2026-10-01T06:40:39.3232511Z Removing HTTP extra header
2026-10-01T06:40:39.3238965Z [command]/usr/bin/git config --local --name-only --get-regexp http\.https\:\/\/github\.com\/\.extraheader
2026-10-01T06:40:39.3275781Z [command]/usr/bin/git submodule foreach --recursive sh -c "git config --local --name-only --get-regexp 'http\.https\:\/\/github\.com\/\.extraheader' && git config --local --unset-all 'http.https://github.com/.extraheader' || :"
2026-10-01T06:40:39.3497199Z Removing includeIf entries pointing to credentials config files
2026-10-01T06:40:39.3506480Z [command]/usr/bin/git config --local --name-only --get-regexp ^includeIf\.gitdir:
2026-10-01T06:40:39.3549379Z [command]/usr/bin/git submodule foreach --recursive git config --local --show-origin --name-only --get-regexp remote.origin.url
2026-10-01T06:40:39.3789047Z [command]/usr/bin/git config --file /home/runner/work/_temp/git-credentials-fae20920-dcd7-409b-ad94-c1cb57737ddf.config http.https://github.com/.extraheader AUTHORIZATION: basic ***
2026-10-01T06:40:39.3831911Z [command]/usr/bin/git config --local includeIf.gitdir:/home/runner/work/equalpath-web/equalpath-web/.git.path /home/runner/work/_temp/git-credentials-fae20920-dcd7-409b-ad94-c1cb57737ddf.config
2026-10-01T06:40:39.3868671Z [command]/usr/bin/git config --local includeIf.gitdir:/home/runner/work/equalpath-web/equalpath-web/.git/worktrees/*.path /home/runner/work/_temp/git-credentials-fae20920-dcd7-409b-ad94-c1cb57737ddf.config
2026-10-01T06:40:39.3906987Z [command]/usr/bin/git config --local includeIf.gitdir:/github/workspace/.git.path /github/runner_temp/git-credentials-fae20920-dcd7-409b-ad94-c1cb57737ddf.config
2026-10-01T06:40:39.3943449Z [command]/usr/bin/git config --local includeIf.gitdir:/github/workspace/.git/worktrees/*.path /github/runner_temp/git-credentials-fae20920-dcd7-409b-ad94-c1cb57737ddf.config
2026-10-01T06:40:39.3986504Z ##[endgroup]
2026-10-01T06:40:39.3987980Z ##[group]Fetching the repository
2026-10-01T06:40:39.3996022Z [command]/usr/bin/git -c protocol.version=2 fetch --no-tags --prune --no-recurse-submodules --depth=1 origin +a12b0e0121eaa63c2a5e98b55a07ebf7bda0ae43:refs/remotes/origin/main
2026-10-01T06:40:40.9848109Z From https://github.com/Cheolhwi/equalpath-web
2026-10-01T06:40:40.9850032Z  * [new ref]         a12b0e0121eaa63c2a5e98b55a07ebf7bda0ae43 -> origin/main
2026-10-01T06:40:40.9858425Z [command]/usr/bin/git branch --list --remote origin/main
2026-10-01T06:40:40.9886272Z   origin/main
2026-10-01T06:40:40.9895249Z [command]/usr/bin/git rev-parse refs/remotes/origin/main
2026-10-01T06:40:40.9921296Z a12b0e0121eaa63c2a5e98b55a07ebf7bda0ae43
2026-10-01T06:40:40.9926674Z ##[endgroup]
2026-10-01T06:40:40.9928381Z ##[group]Determining the checkout info
2026-10-01T06:40:40.9930076Z ##[endgroup]
2026-10-01T06:40:40.9933277Z [command]/usr/bin/git sparse-checkout disable
2026-10-01T06:40:40.9987906Z [command]/usr/bin/git config --local --unset-all extensions.worktreeConfig
2026-10-01T06:40:41.0018276Z ##[group]Checking out the ref
2026-10-01T06:40:41.0023488Z [command]/usr/bin/git checkout --progress --force -B main refs/remotes/origin/main
2026-10-01T06:40:41.3561041Z Switched to a new branch 'main'
2026-10-01T06:40:41.3564634Z branch 'main' set up to track 'origin/main'.
2026-10-01T06:40:41.3617989Z ##[endgroup]
2026-10-01T06:40:41.3665626Z [command]/usr/bin/git log -1 --format=%H
2026-10-01T06:40:41.3694328Z a12b0e0121eaa63c2a5e98b55a07ebf7bda0ae43
2026-10-01T06:40:41.4080962Z ##[group]Run actions/setup-node@249970729cb0ef3589644e2896645e5dc5ba9c38
2026-10-01T06:40:41.4082773Z with:
2026-10-01T06:40:41.4083742Z   node-version: 22
2026-10-01T06:40:41.4146977Z   cache: npm
2026-10-01T06:40:41.4148235Z   check-latest: false
2026-10-01T06:40:41.4158073Z   token: ***
2026-10-01T06:40:41.4159180Z   package-manager-cache: true
2026-10-01T06:40:41.4160546Z ##[endgroup]
2026-10-01T06:40:41.5571532Z Found in cache @ /opt/hostedtoolcache/node/22.23.3/x64
2026-10-01T06:40:41.5583162Z ##[group]Environment details
2026-10-01T06:40:41.9875693Z node: v22.23.3
2026-10-01T06:40:41.9876789Z npm: 10.9.9
2026-10-01T06:40:41.9877202Z yarn: 1.22.22
2026-10-01T06:40:41.9877952Z ##[endgroup]
2026-10-01T06:40:41.9894759Z [command]/opt/hostedtoolcache/node/22.23.3/x64/bin/npm config get cache
2026-10-01T06:40:42.1029288Z /home/runner/.npm
2026-10-01T06:40:42.1910916Z Cache hit for: node-cache-Linux-x64-npm-4f90eb724d21626f4be7713a0160c5ab94a4b7de62f2328ccedbfd21083bda1e
2026-10-01T06:40:42.6131641Z Received 41077470 of 41077470 (100.0%), 108.2 MBs/sec
2026-10-01T06:40:42.6132766Z Cache Size: ~39 MB (41077470 B)
2026-10-01T06:40:42.6165162Z [command]/usr/bin/tar -xf /home/runner/work/_temp/ead6fb36-606e-4aa6-b997-049e54c79cbe/cache.tzst -P -C /home/runner/work/equalpath-web/equalpath-web --use-compress-program unzstd
2026-10-01T06:40:42.7259223Z Cache restored successfully
2026-10-01T06:40:42.7280897Z Cache restored from key: node-cache-Linux-x64-npm-4f90eb724d21626f4be7713a0160c5ab94a4b7de62f2328ccedbfd21083bda1e
2026-10-01T06:40:42.7450999Z ##[group]Run npm ci
2026-10-01T06:40:42.7451367Z [36;1mnpm ci[0m
2026-10-01T06:40:42.7756784Z shell: /usr/bin/bash -e {0}
2026-10-01T06:40:42.7757113Z ##[endgroup]
2026-10-01T06:40:47.4857500Z 
2026-10-01T06:40:47.4866332Z added 108 packages, and audited 109 packages in 5s
2026-10-01T06:40:47.4867060Z 
2026-10-01T06:40:47.4867742Z 13 packages are looking for funding
2026-10-01T06:40:47.4868374Z   run `npm fund` for details
2026-10-01T06:40:47.4980447Z 
2026-10-01T06:40:47.4981915Z 6 vulnerabilities (1 moderate, 4 high, 1 critical)
2026-10-01T06:40:47.4982277Z 
2026-10-01T06:40:47.4982591Z To address issues that do not require attention, run:
2026-10-01T06:40:47.4983025Z   npm audit fix
2026-10-01T06:40:47.4983206Z 
2026-10-01T06:40:47.4983503Z To address all issues (including breaking changes), run:
2026-10-01T06:40:47.4983951Z   npm audit fix --force
2026-10-01T06:40:47.4984139Z 
2026-10-01T06:40:47.4984304Z Run `npm audit` for details.
2026-10-01T06:40:47.5683347Z ##[group]Run npx playwright install --with-deps chromium
2026-10-01T06:40:47.5684065Z [36;1mnpx playwright install --with-deps chromium[0m
2026-10-01T06:40:47.5750604Z shell: /usr/bin/bash -e {0}
2026-10-01T06:40:47.5750887Z ##[endgroup]
2026-10-01T06:40:48.3954909Z Installing dependencies...
2026-10-01T06:40:48.4020634Z Switching to root user to install dependencies...
2026-10-01T06:40:48.5162310Z Get:1 file:/etc/apt/apt-mirrors.txt Mirrorlist [144 B]
2026-10-01T06:40:48.5542828Z Get:6 https://packages.microsoft.com/ubuntu/24.04/prod noble InRelease [3600 B]
2026-10-01T06:40:48.5763619Z Hit:2 http://azure.archive.ubuntu.com/ubuntu noble InRelease
2026-10-01T06:40:48.5803216Z Get:3 http://azure.archive.ubuntu.com/ubuntu noble-updates InRelease [126 kB]
2026-10-01T06:40:48.5821493Z Get:4 http://azure.archive.ubuntu.com/ubuntu noble-backports InRelease [126 kB]
2026-10-01T06:40:48.5851682Z Get:5 http://azure.archive.ubuntu.com/ubuntu noble-security InRelease [126 kB]
2026-10-01T06:40:48.6593427Z Get:7 https://packages.microsoft.com/ubuntu/24.04/prod noble/main amd64 Packages [509 kB]
2026-10-01T06:40:48.6794285Z Get:8 https://packages.microsoft.com/ubuntu/24.04/prod noble/main arm64 Packages [456 kB]
2026-10-01T06:40:48.7673896Z Get:9 http://azure.archive.ubuntu.com/ubuntu noble-updates/main amd64 Packages [1342 kB]
2026-10-01T06:40:48.7802046Z Get:10 http://azure.archive.ubuntu.com/ubuntu noble-updates/main Translation-en [302 kB]
2026-10-01T06:40:48.7808284Z Get:11 http://azure.archive.ubuntu.com/ubuntu noble-updates/main amd64 Components [181 kB]
2026-10-01T06:40:48.7838788Z Get:12 http://azure.archive.ubuntu.com/ubuntu noble-updates/universe amd64 Packages [1699 kB]
2026-10-01T06:40:48.7909265Z Get:13 http://azure.archive.ubuntu.com/ubuntu noble-updates/universe Translation-en [341 kB]
2026-10-01T06:40:48.7931648Z Get:14 http://azure.archive.ubuntu.com/ubuntu noble-updates/universe amd64 Components [388 kB]
2026-10-01T06:40:48.7991434Z Get:15 http://azure.archive.ubuntu.com/ubuntu noble-updates/restricted amd64 Packages [1697 kB]
2026-10-01T06:40:48.8100852Z Get:16 http://azure.archive.ubuntu.com/ubuntu noble-updates/restricted Translation-en [388 kB]
2026-10-01T06:40:48.8132653Z Get:17 http://azure.archive.ubuntu.com/ubuntu noble-updates/multiverse amd64 Components [940 B]
2026-10-01T06:40:48.8538637Z Get:18 http://azure.archive.ubuntu.com/ubuntu noble-backports/main amd64 Components [5760 B]
2026-10-01T06:40:48.9031368Z Get:19 http://azure.archive.ubuntu.com/ubuntu noble-backports/universe amd64 Components [12.6 kB]
2026-10-01T06:40:48.9310827Z Get:20 http://azure.archive.ubuntu.com/ubuntu noble-security/main amd64 Packages [1066 kB]
2026-10-01T06:40:48.9341241Z Get:21 http://azure.archive.ubuntu.com/ubuntu noble-security/main Translation-en [220 kB]
2026-10-01T06:40:48.9362536Z Get:22 http://azure.archive.ubuntu.com/ubuntu noble-security/main amd64 Components [46.4 kB]
2026-10-01T06:40:48.9381934Z Get:23 http://azure.archive.ubuntu.com/ubuntu noble-security/universe amd64 Packages [1216 kB]
2026-10-01T06:40:48.9441156Z Get:24 http://azure.archive.ubuntu.com/ubuntu noble-security/universe Translation-en [244 kB]
2026-10-01T06:40:48.9465473Z Get:25 http://azure.archive.ubuntu.com/ubuntu noble-security/universe amd64 Components [76.3 kB]
2026-10-01T06:40:48.9477464Z Get:26 http://azure.archive.ubuntu.com/ubuntu noble-security/restricted amd64 Packages [1566 kB]
2026-10-01T06:40:48.9586724Z Get:27 http://azure.archive.ubuntu.com/ubuntu noble-security/restricted Translation-en [361 kB]
2026-10-01T06:40:53.9946120Z Fetched 12.5 MB in 1s (8570 kB/s)
2026-10-01T06:40:54.7887605Z Reading package lists...
2026-10-01T06:40:54.8124731Z Reading package lists...
2026-10-01T06:40:54.9699605Z Building dependency tree...
2026-10-01T06:40:54.9707344Z Reading state information...
2026-10-01T06:40:55.0984802Z libasound2t64 is already the newest version (1.2.11-1ubuntu0.3).
2026-10-01T06:40:55.0985584Z libasound2t64 set to manually installed.
2026-10-01T06:40:55.0986974Z libatk-bridge2.0-0t64 is already the newest version (2.52.0-1build1).
2026-10-01T06:40:55.0987804Z libatk-bridge2.0-0t64 set to manually installed.
2026-10-01T06:40:55.0989132Z libatk1.0-0t64 is already the newest version (2.52.0-1build1).
2026-10-01T06:40:55.0989884Z libatk1.0-0t64 set to manually installed.
2026-10-01T06:40:55.0990656Z libatspi2.0-0t64 is already the newest version (2.52.0-1build1).
2026-10-01T06:40:55.0991171Z libatspi2.0-0t64 set to manually installed.
2026-10-01T06:40:55.0991643Z libcairo2 is already the newest version (1.18.0-3build1).
2026-10-01T06:40:55.0992079Z libcairo2 set to manually installed.
2026-10-01T06:40:55.0992556Z libcups2t64 is already the newest version (2.4.7-1.2ubuntu7.14).
2026-10-01T06:40:55.0993033Z libcups2t64 set to manually installed.
2026-10-01T06:40:55.0993574Z libdbus-1-3 is already the newest version (1.14.10-4ubuntu4.1).
2026-10-01T06:40:55.0994425Z libdbus-1-3 set to manually installed.
2026-10-01T06:40:55.0995040Z libdrm2 is already the newest version (2.4.125-1ubuntu0.1~24.04.2).
2026-10-01T06:40:55.0995516Z libdrm2 set to manually installed.
2026-10-01T06:40:55.0995986Z libglib2.0-0t64 is already the newest version (2.80.0-6ubuntu3.9).
2026-10-01T06:40:55.0996466Z libglib2.0-0t64 set to manually installed.
2026-10-01T06:40:55.0996949Z libnspr4 is already the newest version (2:4.35-1.1build1).
2026-10-01T06:40:55.0997392Z libnspr4 set to manually installed.
2026-10-01T06:40:55.0997836Z libnss3 is already the newest version (2:3.98-1ubuntu0.2).
2026-10-01T06:40:55.0998263Z libnss3 set to manually installed.
2026-10-01T06:40:55.0998732Z libpango-1.0-0 is already the newest version (1.52.1+ds-1build1).
2026-10-01T06:40:55.0999501Z libpango-1.0-0 set to manually installed.
2026-10-01T06:40:55.1000183Z libx11-6 is already the newest version (2:1.8.7-1build1).
2026-10-01T06:40:55.1000815Z libx11-6 set to manually installed.
2026-10-01T06:40:55.1001236Z libxcb1 is already the newest version (1.15-1ubuntu2).
2026-10-01T06:40:55.1001657Z libxcb1 set to manually installed.
2026-10-01T06:40:55.1002145Z libxcomposite1 is already the newest version (1:0.4.5-1build3).
2026-10-01T06:40:55.1002625Z libxcomposite1 set to manually installed.
2026-10-01T06:40:55.1003119Z libxdamage1 is already the newest version (1:1.1.6-1build1).
2026-10-01T06:40:55.1003529Z libxdamage1 set to manually installed.
2026-10-01T06:40:55.1003926Z libxext6 is already the newest version (2:1.3.4-1build2).
2026-10-01T06:40:55.1004294Z libxext6 set to manually installed.
2026-10-01T06:40:55.1004695Z libxfixes3 is already the newest version (1:6.0.0-2build1).
2026-10-01T06:40:55.1005080Z libxfixes3 set to manually installed.
2026-10-01T06:40:55.1005484Z libxkbcommon0 is already the newest version (1.6.0-1build1).
2026-10-01T06:40:55.1005887Z libxkbcommon0 set to manually installed.
2026-10-01T06:40:55.1006294Z libxrandr2 is already the newest version (2:1.5.2-2build1).
2026-10-01T06:40:55.1006678Z libxrandr2 set to manually installed.
2026-10-01T06:40:55.1007101Z xvfb is already the newest version (2:21.1.12-1ubuntu1.8).
2026-10-01T06:40:55.1007659Z fonts-noto-color-emoji is already the newest version (2.047-0ubuntu0.24.04.1).
2026-10-01T06:40:55.1008236Z libfontconfig1 is already the newest version (2.15.0-1.1ubuntu2).
2026-10-01T06:40:55.1008665Z libfontconfig1 set to manually installed.
2026-10-01T06:40:55.1009118Z libfreetype6 is already the newest version (2.13.2+dfsg-1ubuntu0.1).
2026-10-01T06:40:55.1009549Z libfreetype6 set to manually installed.
2026-10-01T06:40:55.1009973Z fonts-liberation is already the newest version (1:2.1.5-3).
2026-10-01T06:40:55.1010515Z fonts-liberation set to manually installed.
2026-10-01T06:40:55.1010924Z The following additional packages will be installed:
2026-10-01T06:40:55.1011402Z   libgl1-mesa-dri libglx-mesa0 libwayland-server0 mesa-libgallium
2026-10-01T06:40:55.1011805Z   xfonts-encodings xfonts-utils
2026-10-01T06:40:55.1012082Z Recommended packages:
2026-10-01T06:40:55.1012361Z   fonts-ipafont-mincho fonts-tlwg-loma
2026-10-01T06:40:55.1203664Z The following NEW packages will be installed:
2026-10-01T06:40:55.1204874Z   fonts-freefont-ttf fonts-ipafont-gothic fonts-tlwg-loma-otf fonts-unifont
2026-10-01T06:40:55.1210931Z   fonts-wqy-zenhei libwayland-server0 xfonts-cyrillic xfonts-encodings
2026-10-01T06:40:55.1211434Z   xfonts-scalable xfonts-utils
2026-10-01T06:40:55.1216545Z The following packages will be upgraded:
2026-10-01T06:40:55.1222220Z   libgbm1 libgl1-mesa-dri libglx-mesa0 mesa-libgallium
2026-10-01T06:40:55.1409696Z 4 upgraded, 10 newly installed, 0 to remove and 19 not upgraded.
2026-10-01T06:40:55.1410204Z Need to get 32.1 MB of archives.
2026-10-01T06:40:55.1410809Z After this operation, 79.7 MB of additional disk space will be used.
2026-10-01T06:40:55.1411308Z Get:1 file:/etc/apt/apt-mirrors.txt Mirrorlist [144 B]
2026-10-01T06:40:55.2403106Z Get:2 http://azure.archive.ubuntu.com/ubuntu noble/universe amd64 fonts-ipafont-gothic all 00303-21ubuntu1 [3513 kB]
2026-10-01T06:40:55.4930827Z Get:3 http://azure.archive.ubuntu.com/ubuntu noble/main amd64 fonts-freefont-ttf all 20211204+svn4273-2 [5641 kB]
2026-10-01T06:40:55.8449923Z Get:4 http://azure.archive.ubuntu.com/ubuntu noble/universe amd64 fonts-tlwg-loma-otf all 1:0.7.3-1 [107 kB]
2026-10-01T06:40:55.9313227Z Get:5 http://azure.archive.ubuntu.com/ubuntu noble/universe amd64 fonts-unifont all 1:15.1.01-1build1 [2993 kB]
2026-10-01T06:40:56.1851726Z Get:6 http://azure.archive.ubuntu.com/ubuntu noble/universe amd64 fonts-wqy-zenhei all 0.9.45-8 [7472 kB]
2026-10-01T06:40:56.5741259Z Get:7 http://azure.archive.ubuntu.com/ubuntu noble-updates/main amd64 libgl1-mesa-dri amd64 25.2.8-0ubuntu0.24.04.3 [37.9 kB]
2026-10-01T06:40:56.6606655Z Get:8 http://azure.archive.ubuntu.com/ubuntu noble/main amd64 libwayland-server0 amd64 1.22.0-2.1build1 [33.9 kB]
2026-10-01T06:40:56.7476228Z Get:9 http://azure.archive.ubuntu.com/ubuntu noble-updates/main amd64 libglx-mesa0 amd64 25.2.8-0ubuntu0.24.04.3 [110 kB]
2026-10-01T06:40:56.8354396Z Get:10 http://azure.archive.ubuntu.com/ubuntu noble-updates/main amd64 libgbm1 amd64 25.2.8-0ubuntu0.24.04.3 [34.3 kB]
2026-10-01T06:40:56.9180172Z Get:11 http://azure.archive.ubuntu.com/ubuntu noble-updates/main amd64 mesa-libgallium amd64 25.2.8-0ubuntu0.24.04.3 [10.8 MB]
2026-10-01T06:40:57.6316064Z Get:12 http://azure.archive.ubuntu.com/ubuntu noble/main amd64 xfonts-encodings all 1:1.0.5-0ubuntu2 [578 kB]
2026-10-01T06:40:57.7460799Z Get:13 http://azure.archive.ubuntu.com/ubuntu noble/main amd64 xfonts-utils amd64 1:7.7+6build3 [94.4 kB]
2026-10-01T06:40:57.8317290Z Get:14 http://azure.archive.ubuntu.com/ubuntu noble/universe amd64 xfonts-cyrillic all 1:1.0.5+nmu1 [384 kB]
2026-10-01T06:40:57.9356877Z Get:15 http://azure.archive.ubuntu.com/ubuntu noble/main amd64 xfonts-scalable all 1:1.0.3-1.3 [304 kB]
2026-10-01T06:40:58.1871765Z Fetched 32.1 MB in 3s (11.4 MB/s)
2026-10-01T06:40:58.2124910Z Selecting previously unselected package fonts-ipafont-gothic.
2026-10-01T06:40:58.2422582Z (Reading database ... 
2026-10-01T06:40:58.2423074Z (Reading database ... 5%
2026-10-01T06:40:58.2423368Z (Reading database ... 10%
2026-10-01T06:40:58.2423670Z (Reading database ... 15%
2026-10-01T06:40:58.2423925Z (Reading database ... 20%
2026-10-01T06:40:58.2424186Z (Reading database ... 25%
2026-10-01T06:40:58.2424438Z (Reading database ... 30%
2026-10-01T06:40:58.2424685Z (Reading database ... 35%
2026-10-01T06:40:58.2424929Z (Reading database ... 40%
2026-10-01T06:40:58.2425179Z (Reading database ... 45%
2026-10-01T06:40:58.2425429Z (Reading database ... 50%
2026-10-01T06:40:58.2476052Z (Reading database ... 55%
2026-10-01T06:40:58.3302049Z (Reading database ... 60%
2026-10-01T06:40:58.5330341Z (Reading database ... 65%
2026-10-01T06:40:58.7389393Z (Reading database ... 70%
2026-10-01T06:40:58.9233602Z (Reading database ... 75%
2026-10-01T06:40:59.0321711Z (Reading database ... 80%
2026-10-01T06:40:59.1388345Z (Reading database ... 85%
2026-10-01T06:40:59.2088195Z (Reading database ... 90%
2026-10-01T06:40:59.2894860Z (Reading database ... 95%
2026-10-01T06:40:59.2895345Z (Reading database ... 100%
2026-10-01T06:40:59.2896200Z (Reading database ... 202296 files and directories currently installed.)
2026-10-01T06:40:59.2931863Z Preparing to unpack .../00-fonts-ipafont-gothic_00303-21ubuntu1_all.deb ...
2026-10-01T06:40:59.3020746Z Unpacking fonts-ipafont-gothic (00303-21ubuntu1) ...
2026-10-01T06:40:59.5274191Z Selecting previously unselected package fonts-freefont-ttf.
2026-10-01T06:40:59.5396970Z Preparing to unpack .../01-fonts-freefont-ttf_20211204+svn4273-2_all.deb ...
2026-10-01T06:40:59.5408049Z Unpacking fonts-freefont-ttf (20211204+svn4273-2) ...
2026-10-01T06:40:59.6153744Z Selecting previously unselected package fonts-tlwg-loma-otf.
2026-10-01T06:40:59.6276863Z Preparing to unpack .../02-fonts-tlwg-loma-otf_1%3a0.7.3-1_all.deb ...
2026-10-01T06:40:59.6286061Z Unpacking fonts-tlwg-loma-otf (1:0.7.3-1) ...
2026-10-01T06:40:59.6500574Z Selecting previously unselected package fonts-unifont.
2026-10-01T06:40:59.6621420Z Preparing to unpack .../03-fonts-unifont_1%3a15.1.01-1build1_all.deb ...
2026-10-01T06:40:59.6629363Z Unpacking fonts-unifont (1:15.1.01-1build1) ...
2026-10-01T06:40:59.7648333Z Selecting previously unselected package fonts-wqy-zenhei.
2026-10-01T06:40:59.7770013Z Preparing to unpack .../04-fonts-wqy-zenhei_0.9.45-8_all.deb ...
2026-10-01T06:40:59.7865296Z Unpacking fonts-wqy-zenhei (0.9.45-8) ...
2026-10-01T06:41:00.2544687Z Preparing to unpack .../05-libgl1-mesa-dri_25.2.8-0ubuntu0.24.04.3_amd64.deb ...
2026-10-01T06:41:00.2688385Z Unpacking libgl1-mesa-dri:amd64 (25.2.8-0ubuntu0.24.04.3) over (25.2.8-0ubuntu0.24.04.2) ...
2026-10-01T06:41:00.3047465Z Selecting previously unselected package libwayland-server0:amd64.
2026-10-01T06:41:00.3169121Z Preparing to unpack .../06-libwayland-server0_1.22.0-2.1build1_amd64.deb ...
2026-10-01T06:41:00.3185326Z Unpacking libwayland-server0:amd64 (1.22.0-2.1build1) ...
2026-10-01T06:41:00.3496295Z Preparing to unpack .../07-libglx-mesa0_25.2.8-0ubuntu0.24.04.3_amd64.deb ...
2026-10-01T06:41:00.3518282Z Unpacking libglx-mesa0:amd64 (25.2.8-0ubuntu0.24.04.3) over (25.2.8-0ubuntu0.24.04.2) ...
2026-10-01T06:41:00.3865371Z Preparing to unpack .../08-libgbm1_25.2.8-0ubuntu0.24.04.3_amd64.deb ...
2026-10-01T06:41:00.3888330Z Unpacking libgbm1:amd64 (25.2.8-0ubuntu0.24.04.3) over (25.2.8-0ubuntu0.24.04.2) ...
2026-10-01T06:41:00.4244840Z Preparing to unpack .../09-mesa-libgallium_25.2.8-0ubuntu0.24.04.3_amd64.deb ...
2026-10-01T06:41:00.4269305Z Unpacking mesa-libgallium:amd64 (25.2.8-0ubuntu0.24.04.3) over (25.2.8-0ubuntu0.24.04.2) ...
2026-10-01T06:41:00.5857657Z Selecting previously unselected package xfonts-encodings.
2026-10-01T06:41:00.5979786Z Preparing to unpack .../10-xfonts-encodings_1%3a1.0.5-0ubuntu2_all.deb ...
2026-10-01T06:41:00.5986294Z Unpacking xfonts-encodings (1:1.0.5-0ubuntu2) ...
2026-10-01T06:41:00.6257192Z Selecting previously unselected package xfonts-utils.
2026-10-01T06:41:00.6380182Z Preparing to unpack .../11-xfonts-utils_1%3a7.7+6build3_amd64.deb ...
2026-10-01T06:41:00.6386835Z Unpacking xfonts-utils (1:7.7+6build3) ...
2026-10-01T06:41:00.6752233Z Selecting previously unselected package xfonts-cyrillic.
2026-10-01T06:41:00.6874520Z Preparing to unpack .../12-xfonts-cyrillic_1%3a1.0.5+nmu1_all.deb ...
2026-10-01T06:41:00.6881028Z Unpacking xfonts-cyrillic (1:1.0.5+nmu1) ...
2026-10-01T06:41:00.7217371Z Selecting previously unselected package xfonts-scalable.
2026-10-01T06:41:00.7368704Z Preparing to unpack .../13-xfonts-scalable_1%3a1.0.3-1.3_all.deb ...
2026-10-01T06:41:00.7381405Z Unpacking xfonts-scalable (1:1.0.3-1.3) ...
2026-10-01T06:41:00.7846374Z Setting up libwayland-server0:amd64 (1.22.0-2.1build1) ...
2026-10-01T06:41:00.7868922Z Setting up mesa-libgallium:amd64 (25.2.8-0ubuntu0.24.04.3) ...
2026-10-01T06:41:00.7886716Z Setting up libgbm1:amd64 (25.2.8-0ubuntu0.24.04.3) ...
2026-10-01T06:41:00.7905559Z Setting up libgl1-mesa-dri:amd64 (25.2.8-0ubuntu0.24.04.3) ...
2026-10-01T06:41:00.7978554Z Setting up fonts-wqy-zenhei (0.9.45-8) ...
2026-10-01T06:41:00.8094207Z Setting up fonts-freefont-ttf (20211204+svn4273-2) ...
2026-10-01T06:41:00.8111548Z Setting up fonts-tlwg-loma-otf (1:0.7.3-1) ...
2026-10-01T06:41:00.8128938Z Setting up xfonts-encodings (1:1.0.5-0ubuntu2) ...
2026-10-01T06:41:00.8146614Z Setting up fonts-ipafont-gothic (00303-21ubuntu1) ...
2026-10-01T06:41:00.8218716Z update-alternatives: using /usr/share/fonts/opentype/ipafont-gothic/ipag.ttf to provide /usr/share/fonts/truetype/fonts-japanese-gothic.ttf (fonts-japanese-gothic.ttf) in auto mode
2026-10-01T06:41:00.8233378Z Setting up fonts-unifont (1:15.1.01-1build1) ...
2026-10-01T06:41:00.8251480Z Setting up libglx-mesa0:amd64 (25.2.8-0ubuntu0.24.04.3) ...
2026-10-01T06:41:00.8269117Z Setting up xfonts-utils (1:7.7+6build3) ...
2026-10-01T06:41:00.8307075Z Setting up xfonts-cyrillic (1:1.0.5+nmu1) ...
2026-10-01T06:41:00.8603551Z Setting up xfonts-scalable (1:1.0.3-1.3) ...
2026-10-01T06:41:00.8871707Z Processing triggers for libc-bin (2.39-0ubuntu8.9) ...
2026-10-01T06:41:00.9205498Z Processing triggers for man-db (2.12.0-4build2) ...
2026-10-01T06:41:00.9225333Z Not building database; man-db/auto-update is not 'true'.
2026-10-01T06:41:00.9236674Z Processing triggers for fontconfig (2.15.0-1.1ubuntu2) ...
2026-10-01T06:41:01.6463075Z 
2026-10-01T06:41:01.6463723Z Running kernel seems to be up-to-date.
2026-10-01T06:41:01.6464026Z 
2026-10-01T06:41:01.6464338Z No services need to be restarted.
2026-10-01T06:41:01.6464681Z 
2026-10-01T06:41:01.6464947Z No containers need to be restarted.
2026-10-01T06:41:01.6465317Z 
2026-10-01T06:41:01.6465678Z No user sessions are running outdated binaries.
2026-10-01T06:41:01.6466111Z 
2026-10-01T06:41:01.6466653Z No VM guests are running outdated hypervisor (qemu) binaries on this host.
2026-10-01T06:41:02.4045042Z Downloading Chrome for Testing 153.0.8010.12 (playwright chromium v1243) from https://cdn.playwright.dev/builds/cft/153.0.8010.12/linux64/chrome-linux64.zip
2026-10-01T06:41:02.8030549Z |                                                                                |   0% of 186.8 MiB
2026-10-01T06:41:02.9685106Z |■■■■■■■■                                                                        |  10% of 186.8 MiB
2026-10-01T06:41:03.0583230Z |■■■■■■■■■■■■■■■■                                                                |  20% of 186.8 MiB
2026-10-01T06:41:03.1273039Z |■■■■■■■■■■■■■■■■■■■■■■■■                                                        |  30% of 186.8 MiB
2026-10-01T06:41:03.1930623Z |■■■■■■■■■■■■■■■■■■■■■■■■■■■■■■■■                                                |  40% of 186.8 MiB
2026-10-01T06:41:03.2553698Z |■■■■■■■■■■■■■■■■■■■■■■■■■■■■■■■■■■■■■■■■                                        |  50% of 186.8 MiB
2026-10-01T06:41:03.3249286Z |■■■■■■■■■■■■■■■■■■■■■■■■■■■■■■■■■■■■■■■■■■■■■■■■                                |  60% of 186.8 MiB
2026-10-01T06:41:03.3946491Z |■■■■■■■■■■■■■■■■■■■■■■■■■■■■■■■■■■■■■■■■■■■■■■■■■■■■■■■■                        |  70% of 186.8 MiB
2026-10-01T06:41:03.4689241Z |■■■■■■■■■■■■■■■■■■■■■■■■■■■■■■■■■■■■■■■■■■■■■■■■■■■■■■■■■■■■■■■■                |  80% of 186.8 MiB
2026-10-01T06:41:03.5307080Z |■■■■■■■■■■■■■■■■■■■■■■■■■■■■■■■■■■■■■■■■■■■■■■■■■■■■■■■■■■■■■■■■■■■■■■■■        |  90% of 186.8 MiB
2026-10-01T06:41:03.5930933Z |■■■■■■■■■■■■■■■■■■■■■■■■■■■■■■■■■■■■■■■■■■■■■■■■■■■■■■■■■■■■■■■■■■■■■■■■■■■■■■■■| 100% of 186.8 MiB
2026-10-01T06:41:06.4231375Z Chrome for Testing 153.0.8010.12 (playwright chromium v1243) downloaded to /home/runner/.cache/ms-playwright/chromium-1243
2026-10-01T06:41:06.4234491Z Downloading FFmpeg (playwright ffmpeg v1011) from https://cdn.playwright.dev/dbazure/download/playwright/builds/ffmpeg/1011/ffmpeg-linux.zip
2026-10-01T06:41:06.8036267Z |                                                                                |   0% of 2.3 MiB
2026-10-01T06:41:06.8173516Z |■■■■■■■■                                                                        |  10% of 2.3 MiB
2026-10-01T06:41:06.8237807Z |■■■■■■■■■■■■■■■■                                                                |  20% of 2.3 MiB
2026-10-01T06:41:06.8295955Z |■■■■■■■■■■■■■■■■■■■■■■■■                                                        |  30% of 2.3 MiB
2026-10-01T06:41:06.8339602Z |■■■■■■■■■■■■■■■■■■■■■■■■■■■■■■■■                                                |  40% of 2.3 MiB
2026-10-01T06:41:06.8355450Z |■■■■■■■■■■■■■■■■■■■■■■■■■■■■■■■■■■■■■■■■                                        |  50% of 2.3 MiB
2026-10-01T06:41:06.8385598Z |■■■■■■■■■■■■■■■■■■■■■■■■■■■■■■■■■■■■■■■■■■■■■■■■                                |  60% of 2.3 MiB
2026-10-01T06:41:06.8410816Z |■■■■■■■■■■■■■■■■■■■■■■■■■■■■■■■■■■■■■■■■■■■■■■■■■■■■■■■■                        |  70% of 2.3 MiB
2026-10-01T06:41:06.8445177Z |■■■■■■■■■■■■■■■■■■■■■■■■■■■■■■■■■■■■■■■■■■■■■■■■■■■■■■■■■■■■■■■■                |  80% of 2.3 MiB
2026-10-01T06:41:06.8455401Z |■■■■■■■■■■■■■■■■■■■■■■■■■■■■■■■■■■■■■■■■■■■■■■■■■■■■■■■■■■■■■■■■■■■■■■■■        |  90% of 2.3 MiB
2026-10-01T06:41:06.8468512Z |■■■■■■■■■■■■■■■■■■■■■■■■■■■■■■■■■■■■■■■■■■■■■■■■■■■■■■■■■■■■■■■■■■■■■■■■■■■■■■■■| 100% of 2.3 MiB
2026-10-01T06:41:06.9091174Z FFmpeg (playwright ffmpeg v1011) downloaded to /home/runner/.cache/ms-playwright/ffmpeg-1011
2026-10-01T06:41:06.9094664Z Downloading Chrome Headless Shell 153.0.8010.12 (playwright chromium-headless-shell v1243) from https://cdn.playwright.dev/builds/cft/153.0.8010.12/linux64/chrome-headless-shell-linux64.zip
2026-10-01T06:41:07.2958650Z |                                                                                |   0% of 114.3 MiB
2026-10-01T06:41:07.4351673Z |■■■■■■■■                                                                        |  10% of 114.3 MiB
2026-10-01T06:41:07.5016963Z |■■■■■■■■■■■■■■■■                                                                |  20% of 114.3 MiB
2026-10-01T06:41:07.5577997Z |■■■■■■■■■■■■■■■■■■■■■■■■                                                        |  30% of 114.3 MiB
2026-10-01T06:41:07.6095823Z |■■■■■■■■■■■■■■■■■■■■■■■■■■■■■■■■                                                |  40% of 114.3 MiB
2026-10-01T06:41:07.6526188Z |■■■■■■■■■■■■■■■■■■■■■■■■■■■■■■■■■■■■■■■■                                        |  50% of 114.3 MiB
2026-10-01T06:41:07.6961738Z |■■■■■■■■■■■■■■■■■■■■■■■■■■■■■■■■■■■■■■■■■■■■■■■■                                |  60% of 114.3 MiB
2026-10-01T06:41:07.7389023Z |■■■■■■■■■■■■■■■■■■■■■■■■■■■■■■■■■■■■■■■■■■■■■■■■■■■■■■■■                        |  70% of 114.3 MiB
2026-10-01T06:41:07.7820867Z |■■■■■■■■■■■■■■■■■■■■■■■■■■■■■■■■■■■■■■■■■■■■■■■■■■■■■■■■■■■■■■■■                |  80% of 114.3 MiB
2026-10-01T06:41:07.8307297Z |■■■■■■■■■■■■■■■■■■■■■■■■■■■■■■■■■■■■■■■■■■■■■■■■■■■■■■■■■■■■■■■■■■■■■■■■        |  90% of 114.3 MiB
2026-10-01T06:41:07.8702976Z |■■■■■■■■■■■■■■■■■■■■■■■■■■■■■■■■■■■■■■■■■■■■■■■■■■■■■■■■■■■■■■■■■■■■■■■■■■■■■■■■| 100% of 114.3 MiB
2026-10-01T06:41:09.8523088Z Chrome Headless Shell 153.0.8010.12 (playwright chromium-headless-shell v1243) downloaded to /home/runner/.cache/ms-playwright/chromium_headless_shell-1243
2026-10-01T06:41:09.8791315Z ##[group]Run xvfb-run -a sh -c 'node scripts/check-browser-renderer.mjs && npm run test:browser -- --project=journeys --shard=2/3'
2026-10-01T06:41:09.8792297Z [36;1mxvfb-run -a sh -c 'node scripts/check-browser-renderer.mjs && npm run test:browser -- --project=journeys --shard=2/3'[0m
2026-10-01T06:41:09.8855035Z shell: /usr/bin/bash -e {0}
2026-10-01T06:41:09.8855299Z env:
2026-10-01T06:41:09.8855506Z   LIBGL_ALWAYS_SOFTWARE: 1
2026-10-01T06:41:09.8855748Z   PW_HEADED: 1
2026-10-01T06:41:09.8855952Z   PW_ANGLE: gl
2026-10-01T06:41:09.8856172Z   QA_EVIDENCE_DIR: .build/ci-evidence
2026-10-01T06:41:09.8856448Z ##[endgroup]
2026-10-01T06:41:12.0139809Z {"browser":"153.0.8010.12","version":"WebGL 2.0 (OpenGL ES 3.0 Chromium)","renderer":"ANGLE (Mesa, llvmpipe (LLVM 20.1.2 256 bits), OpenGL 4.5)"}
2026-10-01T06:41:12.2217197Z 
2026-10-01T06:41:12.2217764Z > equalpath-web@0.0.0 test:browser
2026-10-01T06:41:12.2218342Z > playwright test --project=journeys --shard=2/3
2026-10-01T06:41:12.2218672Z 
2026-10-01T06:41:15.0496414Z 
2026-10-01T06:41:15.0527247Z Running 33 tests using 1 worker, shard 2 of 3
2026-10-01T06:41:15.0550655Z 
2026-10-01T06:41:25.5835771Z   ✓   1 [journeys] › tests/browser/map-discovery.spec.mjs:20:1 › first visit shows nearby childcare without a request; partial place search is explicit and restores on reload (9.7s)
2026-10-01T06:41:32.0408894Z   ✘   2 [journeys] › tests/browser/map-discovery.spec.mjs:49:1 › drag map, confirm pickup, reload and keep the same point; cancellation leaves the pickup unchanged (6.3s)
2026-10-01T06:41:39.5097578Z   ✘   3 [journeys] › tests/browser/map-discovery.spec.mjs:69:1 › mobile pickup confirmation is visible, map stays flat and blocked storage does not stop selection (6.6s)
2026-10-01T06:41:46.6215044Z   ✘   4 [journeys] › tests/browser/map-discovery.spec.mjs:84:1 › pan and zoom do not query; choosing a pickup updates nearby centres (6.2s)
2026-10-01T06:41:53.7497407Z   ✘   5 [journeys] › tests/browser/map-discovery.spec.mjs:110:1 › a nearby marker can lead to a dated condition check without pretending discovery was assessed (6.2s)
2026-10-01T06:42:00.8961732Z   ✘   6 [journeys] › tests/browser/map-discovery.spec.mjs:127:1 › an address outage keeps the chosen point and can be retried without another nearby search (6.2s)
2026-10-01T06:42:08.0225872Z   ✘   7 [journeys] › tests/browser/map-discovery.spec.mjs:140:1 › a late street lookup never overwrites a newly searched place (6.2s)
2026-10-01T06:42:16.6243314Z   ✓   8 [journeys] › tests/browser/map-search-dock.spec.mjs:27:63 › 320x568: a complete search stays on the map and all controls remain reachable (7.8s)
2026-10-01T06:42:22.8951162Z   ✓   9 [journeys] › tests/browser/map-search-dock.spec.mjs:27:63 › 390x844: a complete search stays on the map and all controls remain reachable (6.3s)
2026-10-01T06:42:31.6333275Z   ✓  10 [journeys] › tests/browser/map-search-dock.spec.mjs:27:63 › 1440x900: a complete search stays on the map and all controls remain reachable (8.7s)
2026-10-01T06:42:37.8982887Z   ✓  11 [journeys] › tests/browser/map-search-dock.spec.mjs:56:1 › optional sidebar shares choices and unfinished address text with the map controls (6.2s)
2026-10-01T06:42:43.0322479Z   ✓  12 [journeys] › tests/browser/map-search-dock.spec.mjs:72:1 › required fields open on the map; long term keeps age, and filters do not submit (5.1s)
2026-10-01T06:42:46.3969171Z   ✓  13 [journeys] › tests/browser/map-search-dock.spec.mjs:89:1 › map time chips save on outside click, cancel with Escape and support dark/reduced motion (3.3s)
2026-10-01T06:42:49.2096569Z   ✓  14 [journeys] › tests/browser/map-search-dock.spec.mjs:101:39 › 320px: simple choices open as small anchored menus, above nearby actions (2.8s)
2026-10-01T06:42:52.1188320Z   ✓  15 [journeys] › tests/browser/map-search-dock.spec.mjs:101:39 › 390px: simple choices open as small anchored menus, above nearby actions (2.9s)
2026-10-01T06:42:55.8496290Z   ✓  16 [journeys] › tests/browser/map-search-dock.spec.mjs:101:39 › 1440px: simple choices open as small anchored menus, above nearby actions (3.7s)
2026-10-01T06:43:03.4047712Z   ✓  17 [journeys] › tests/browser/map-search-dock.spec.mjs:123:33 › 320px: search collapses to a summary, editing keeps choices and re-search collapses again (7.5s)
2026-10-01T06:43:11.7973306Z   ✓  18 [journeys] › tests/browser/map-search-dock.spec.mjs:123:33 › 390px: search collapses to a summary, editing keeps choices and re-search collapses again (8.4s)
2026-10-01T06:43:18.5286010Z   ✓  19 [journeys] › tests/browser/map-search-dock.spec.mjs:159:1 › mobile search stays expanded for no results, failures and edits made while waiting (6.7s)
2026-10-01T06:43:26.6329915Z   ✓  20 [journeys] › tests/browser/map-search-dock.spec.mjs:199:34 › 390px: chosen filters stay visibly pending until Update succeeds, and reverting clears the pending state (8.1s)
2026-10-01T06:43:37.9442798Z   ✓  21 [journeys] › tests/browser/map-search-dock.spec.mjs:199:34 › 1440px: chosen filters stay visibly pending until Update succeeds, and reverting clears the pending state (11.3s)
2026-10-01T06:44:00.1937708Z   ✓  22 [journeys] › tests/browser/onboarding-search.spec.mjs:14:34 › 1440px first-use choices reach both first searches without reload or viewing a centre (22.2s)
2026-10-01T06:44:09.4865346Z   ✓  23 [journeys] › tests/browser/onboarding-search.spec.mjs:14:34 › 390px first-use choices reach both first searches without reload or viewing a centre (9.3s)
2026-10-01T06:44:17.2125157Z   ✓  24 [journeys] › tests/browser/phase4-5.spec.mjs:56:1 › questions belong to a selected centre and never appear in main navigation (7.7s)
2026-10-01T06:44:34.0239004Z   ✓  25 [journeys] › tests/browser/phase4-5.spec.mjs:82:1 › save a centre, reload, edit its note, recheck, download preparation, and remove (16.8s)
2026-10-01T06:44:41.4333036Z   ✓  26 [journeys] › tests/browser/phase4-5.spec.mjs:195:1 › failed local writes preserve candidate, previous reason and saved list (7.4s)
2026-10-01T06:44:49.3062834Z   ✓  27 [journeys] › tests/browser/phase4-5.spec.mjs:233:1 › an unselected address and conflicting times require correction (7.9s)
2026-10-01T06:45:01.1547193Z   ✓  28 [journeys] › tests/browser/phase4-5.spec.mjs:254:1 › reopened favourite reports changed source facts and preserves snapshot after refresh failure (11.8s)
2026-10-01T06:45:11.1153274Z   ✓  29 [journeys] › tests/browser/phase4-5.spec.mjs:310:1 › preparation remains dated until explicitly regenerated for new times and transport (9.9s)
2026-10-01T06:45:20.9154551Z   ✓  30 [journeys] › tests/browser/phase4-5.spec.mjs:350:34 › 390px: checklist times save in place, keep ticks and update checks, messages and downloads (9.8s)
2026-10-01T06:45:32.1522150Z   ✓  31 [journeys] › tests/browser/phase4-5.spec.mjs:350:34 › 1440px: checklist times save in place, keep ticks and update checks, messages and downloads (11.2s)
2026-10-01T06:45:42.1992683Z   ✓  32 [journeys] › tests/browser/phase4-5.spec.mjs:425:1 › mobile navigation, modal layout, checkboxes and keyboard close remain usable (10.0s)
2026-10-01T06:45:48.6424101Z   ✓  33 [journeys] › tests/browser/phase4-5.spec.mjs:475:1 › print action creates the standalone sheet and compact zoom keeps controls usable (6.4s)
2026-10-01T06:45:48.9166664Z 
2026-10-01T06:45:48.9172287Z 
2026-10-01T06:45:48.9182510Z   1) [journeys] › tests/browser/map-discovery.spec.mjs:49:1 › drag map, confirm pickup, reload and keep the same point; cancellation leaves the pickup unchanged 
2026-10-01T06:45:48.9184314Z 
2026-10-01T06:45:48.9184660Z     Error: expect(locator).toBeVisible() failed
2026-10-01T06:45:48.9185051Z 
2026-10-01T06:45:48.9185319Z     Locator: locator('.provider-pin').first()
2026-10-01T06:45:48.9185846Z     Expected: visible
2026-10-01T06:45:48.9186239Z     Timeout: 5000ms
2026-10-01T06:45:48.9186672Z     Error: element(s) not found
2026-10-01T06:45:48.9187036Z 
2026-10-01T06:45:48.9187189Z     Call log:
2026-10-01T06:45:48.9187759Z       - Expect "toBeVisible" locator('.provider-pin').first() with timeout 5000ms
2026-10-01T06:45:48.9188644Z       - waiting for locator('.provider-pin').first()
2026-10-01T06:45:48.9188898Z 
2026-10-01T06:45:48.9188904Z 
2026-10-01T06:45:48.9189415Z       49 | test("drag map, confirm pickup, reload and keep the same point; cancellation leaves the pickup unchanged", async ({page})=>{
2026-10-01T06:45:48.9191053Z       50 |   const calls=[]; await mockAPI(page,calls); await page.goto("/#discover");
2026-10-01T06:45:48.9192134Z     > 51 |   await expect(page.locator(".provider-pin").first()).toBeVisible();
2026-10-01T06:45:48.9192956Z          |                                                       ^
2026-10-01T06:45:48.9193723Z       52 |   await page.getByRole("button",{name:"Pick on map"}).click();
2026-10-01T06:45:48.9194863Z       53 |   const map=page.locator(".map-region"); const oldLng=Number(await map.getAttribute("data-map-lng"));
2026-10-01T06:45:48.9195955Z       54 |   const box=await page.locator(".map-canvas").boundingBox();
2026-10-01T06:45:48.9197057Z         at /home/runner/work/equalpath-web/equalpath-web/tests/browser/map-discovery.spec.mjs:51:55
2026-10-01T06:45:48.9197751Z 
2026-10-01T06:45:48.9198267Z     attachment #1: screenshot (image/png) ──────────────────────────────────────────────────────────
2026-10-01T06:45:48.9199087Z     .build/browser-results/map-discovery-drag-map-con-837f5-leaves-the-pickup-unchanged-journeys/test-failed-1.png
2026-10-01T06:45:48.9199948Z     ────────────────────────────────────────────────────────────────────────────────────────────────
2026-10-01T06:45:48.9200708Z 
2026-10-01T06:45:48.9201247Z     Error Context: .build/browser-results/map-discovery-drag-map-con-837f5-leaves-the-pickup-unchanged-journeys/error-context.md
2026-10-01T06:45:48.9201799Z 
2026-10-01T06:45:48.9202228Z     attachment #3: trace (application/zip) ─────────────────────────────────────────────────────────
2026-10-01T06:45:48.9202994Z     .build/browser-results/map-discovery-drag-map-con-837f5-leaves-the-pickup-unchanged-journeys/trace.zip
2026-10-01T06:45:48.9203536Z     Usage:
2026-10-01T06:45:48.9203651Z 
2026-10-01T06:45:48.9204206Z         npx playwright show-trace .build/browser-results/map-discovery-drag-map-con-837f5-leaves-the-pickup-unchanged-journeys/trace.zip
2026-10-01T06:45:48.9204767Z 
2026-10-01T06:45:48.9205112Z     ────────────────────────────────────────────────────────────────────────────────────────────────
2026-10-01T06:45:48.9205607Z 
2026-10-01T06:45:48.9206334Z   2) [journeys] › tests/browser/map-discovery.spec.mjs:69:1 › mobile pickup confirmation is visible, map stays flat and blocked storage does not stop selection 
2026-10-01T06:45:48.9206915Z 
2026-10-01T06:45:48.9207071Z     Error: expect(locator).toBeHidden() failed
2026-10-01T06:45:48.9207278Z 
2026-10-01T06:45:48.9207437Z     Locator:  locator('.preference-onboarding')
2026-10-01T06:45:48.9207744Z     Expected: hidden
2026-10-01T06:45:48.9207974Z     Received: visible
2026-10-01T06:45:48.9208195Z     Timeout:  5000ms
2026-10-01T06:45:48.9208329Z 
2026-10-01T06:45:48.9208410Z     Call log:
2026-10-01T06:45:48.9208808Z       - Expect "toBeHidden" locator('.preference-onboarding') with timeout 5000ms
2026-10-01T06:45:48.9209290Z       - waiting for locator('.preference-onboarding')
2026-10-01T06:45:48.9210137Z         14 × locator resolved to <section tabindex="-1" class="preference-onboarding" aria-labelledby="preference-onboarding-title">…</section>
2026-10-01T06:45:48.9211183Z            - unexpected value "visible"
2026-10-01T06:45:48.9211386Z 
2026-10-01T06:45:48.9211397Z 
2026-10-01T06:45:48.9211497Z        at ui-helpers.mjs:7
2026-10-01T06:45:48.9211657Z 
2026-10-01T06:45:48.9211810Z        5 |   if (await onboarding.isVisible()) {
2026-10-01T06:45:48.9212332Z        6 |     await onboarding.getByRole('button', { name: 'Skip for now', exact: true }).click();
2026-10-01T06:45:48.9212843Z     >  7 |     await expect(onboarding).toBeHidden();
2026-10-01T06:45:48.9213169Z          |                              ^
2026-10-01T06:45:48.9213426Z        8 |   }
2026-10-01T06:45:48.9214134Z        9 |   if (await page.locator(".mobile-search-summary").isVisible()) await page.locator(".mobile-search-summary").click();
2026-10-01T06:45:48.9215004Z       10 |   if (await page.locator(".map-search-launch").isVisible()) await page.locator(".map-search-launch").click();
2026-10-01T06:45:48.9215802Z         at openSearch (/home/runner/work/equalpath-web/equalpath-web/tests/browser/ui-helpers.mjs:7:30)
2026-10-01T06:45:48.9216531Z         at /home/runner/work/equalpath-web/equalpath-web/tests/browser/map-discovery.spec.mjs:73:3
2026-10-01T06:45:48.9216908Z 
2026-10-01T06:45:48.9217328Z     attachment #1: screenshot (image/png) ──────────────────────────────────────────────────────────
2026-10-01T06:45:48.9218128Z     .build/browser-results/map-discovery-mobile-picku-de701-age-does-not-stop-selection-journeys/test-failed-1.png
2026-10-01T06:45:48.9218971Z     ────────────────────────────────────────────────────────────────────────────────────────────────
2026-10-01T06:45:48.9219248Z 
2026-10-01T06:45:48.9219766Z     Error Context: .build/browser-results/map-discovery-mobile-picku-de701-age-does-not-stop-selection-journeys/error-context.md
2026-10-01T06:45:48.9221114Z 
2026-10-01T06:45:48.9221583Z     attachment #3: trace (application/zip) ─────────────────────────────────────────────────────────
2026-10-01T06:45:48.9222395Z     .build/browser-results/map-discovery-mobile-picku-de701-age-does-not-stop-selection-journeys/trace.zip
2026-10-01T06:45:48.9222968Z     Usage:
2026-10-01T06:45:48.9223083Z 
2026-10-01T06:45:48.9223624Z         npx playwright show-trace .build/browser-results/map-discovery-mobile-picku-de701-age-does-not-stop-selection-journeys/trace.zip
2026-10-01T06:45:48.9224179Z 
2026-10-01T06:45:48.9224537Z     ────────────────────────────────────────────────────────────────────────────────────────────────
2026-10-01T06:45:48.9224825Z 
2026-10-01T06:45:48.9225376Z   3) [journeys] › tests/browser/map-discovery.spec.mjs:84:1 › pan and zoom do not query; choosing a pickup updates nearby centres 
2026-10-01T06:45:48.9225842Z 
2026-10-01T06:45:48.9226009Z     Error: expect(locator).toBeVisible() failed
2026-10-01T06:45:48.9226225Z 
2026-10-01T06:45:48.9226367Z     Locator: locator('.provider-pin').first()
2026-10-01T06:45:48.9226670Z     Expected: visible
2026-10-01T06:45:48.9226896Z     Timeout: 5000ms
2026-10-01T06:45:48.9227141Z     Error: element(s) not found
2026-10-01T06:45:48.9227310Z 
2026-10-01T06:45:48.9227571Z     Call log:
2026-10-01T06:45:48.9227956Z       - Expect "toBeVisible" locator('.provider-pin').first() with timeout 5000ms
2026-10-01T06:45:48.9228431Z       - waiting for locator('.provider-pin').first()
2026-10-01T06:45:48.9228673Z 
2026-10-01T06:45:48.9228679Z 
2026-10-01T06:45:48.9229011Z       84 | test("pan and zoom do not query; choosing a pickup updates nearby centres", async ({page})=>{
2026-10-01T06:45:48.9229697Z       85 |   const calls=[];await mockAPI(page,calls);await page.goto("/#discover");
2026-10-01T06:45:48.9230476Z     > 86 |   await expect(page.locator(".provider-pin").first()).toBeVisible();
2026-10-01T06:45:48.9231094Z          |                                                       ^
2026-10-01T06:45:48.9231522Z       87 |   const before=calls.filter(c=>c.action==="nearby").length;
2026-10-01T06:45:48.9232066Z       88 |   const box=await page.locator(".map-canvas").boundingBox();
2026-10-01T06:45:48.9232996Z       89 |   await page.mouse.move(box.x+box.width*.7,box.y+box.height*.4);await page.mouse.down();
2026-10-01T06:45:48.9233719Z         at /home/runner/work/equalpath-web/equalpath-web/tests/browser/map-discovery.spec.mjs:86:55
2026-10-01T06:45:48.9234103Z 
2026-10-01T06:45:48.9234541Z     attachment #1: screenshot (image/png) ──────────────────────────────────────────────────────────
2026-10-01T06:45:48.9235348Z     .build/browser-results/map-discovery-pan-and-zoom-4fd4b-ckup-updates-nearby-centres-journeys/test-failed-1.png
2026-10-01T06:45:48.9236199Z     ────────────────────────────────────────────────────────────────────────────────────────────────
2026-10-01T06:45:48.9236478Z 
2026-10-01T06:45:48.9237005Z     Error Context: .build/browser-results/map-discovery-pan-and-zoom-4fd4b-ckup-updates-nearby-centres-journeys/error-context.md
2026-10-01T06:45:48.9237547Z 
2026-10-01T06:45:48.9237942Z     attachment #3: trace (application/zip) ─────────────────────────────────────────────────────────
2026-10-01T06:45:48.9238695Z     .build/browser-results/map-discovery-pan-and-zoom-4fd4b-ckup-updates-nearby-centres-journeys/trace.zip
2026-10-01T06:45:48.9239247Z     Usage:
2026-10-01T06:45:48.9239374Z 
2026-10-01T06:45:48.9239908Z         npx playwright show-trace .build/browser-results/map-discovery-pan-and-zoom-4fd4b-ckup-updates-nearby-centres-journeys/trace.zip
2026-10-01T06:45:48.9240846Z 
2026-10-01T06:45:48.9241548Z     ────────────────────────────────────────────────────────────────────────────────────────────────
2026-10-01T06:45:48.9241875Z 
2026-10-01T06:45:48.9242732Z   4) [journeys] › tests/browser/map-discovery.spec.mjs:110:1 › a nearby marker can lead to a dated condition check without pretending discovery was assessed 
2026-10-01T06:45:48.9243317Z 
2026-10-01T06:45:48.9243476Z     Error: expect(locator).toBeVisible() failed
2026-10-01T06:45:48.9243693Z 
2026-10-01T06:45:48.9243836Z     Locator: locator('.provider-pin').first()
2026-10-01T06:45:48.9244138Z     Expected: visible
2026-10-01T06:45:48.9244514Z     Timeout: 5000ms
2026-10-01T06:45:48.9244930Z     Error: element(s) not found
2026-10-01T06:45:48.9245104Z 
2026-10-01T06:45:48.9245190Z     Call log:
2026-10-01T06:45:48.9245856Z       - Expect "toBeVisible" locator('.provider-pin').first() with timeout 5000ms
2026-10-01T06:45:48.9246537Z       - waiting for locator('.provider-pin').first()
2026-10-01T06:45:48.9246832Z 
2026-10-01T06:45:48.9246841Z 
2026-10-01T06:45:48.9247377Z       110 | test("a nearby marker can lead to a dated condition check without pretending discovery was assessed",async({page})=>{
2026-10-01T06:45:48.9248185Z       111 |   const calls=[]; await mockAPI(page,calls); await page.goto("/?care=short_term#discover");
2026-10-01T06:45:48.9248958Z     > 112 |   await expect(page.locator(".provider-pin").first()).toBeVisible();
2026-10-01T06:45:48.9249419Z           |                                                       ^
2026-10-01T06:45:48.9249827Z       113 |   await page.locator(".provider-pin").first().click();
2026-10-01T06:45:48.9250673Z       114 |   await expect(page.locator(".map-centre-card .state-pill")).toHaveCount(0);
2026-10-01T06:45:48.9251376Z       115 |   await page.locator(".map-centre-card").getByRole("button",{name:/View details/}).click();
2026-10-01T06:45:48.9252092Z         at /home/runner/work/equalpath-web/equalpath-web/tests/browser/map-discovery.spec.mjs:112:55
2026-10-01T06:45:48.9252482Z 
2026-10-01T06:45:48.9253082Z     attachment #1: screenshot (image/png) ──────────────────────────────────────────────────────────
2026-10-01T06:45:48.9254637Z     .build/browser-results/map-discovery-a-nearby-mar-259c6-ding-discovery-was-assessed-journeys/test-failed-1.png
2026-10-01T06:45:48.9256185Z     ────────────────────────────────────────────────────────────────────────────────────────────────
2026-10-01T06:45:48.9256782Z 
2026-10-01T06:45:48.9257363Z     Error Context: .build/browser-results/map-discovery-a-nearby-mar-259c6-ding-discovery-was-assessed-journeys/error-context.md
2026-10-01T06:45:48.9257915Z 
2026-10-01T06:45:48.9258346Z     attachment #3: trace (application/zip) ─────────────────────────────────────────────────────────
2026-10-01T06:45:48.9259150Z     .build/browser-results/map-discovery-a-nearby-mar-259c6-ding-discovery-was-assessed-journeys/trace.zip
2026-10-01T06:45:48.9259691Z     Usage:
2026-10-01T06:45:48.9259807Z 
2026-10-01T06:45:48.9260616Z         npx playwright show-trace .build/browser-results/map-discovery-a-nearby-mar-259c6-ding-discovery-was-assessed-journeys/trace.zip
2026-10-01T06:45:48.9261203Z 
2026-10-01T06:45:48.9261581Z     ────────────────────────────────────────────────────────────────────────────────────────────────
2026-10-01T06:45:48.9261869Z 
2026-10-01T06:45:48.9262522Z   5) [journeys] › tests/browser/map-discovery.spec.mjs:127:1 › an address outage keeps the chosen point and can be retried without another nearby search 
2026-10-01T06:45:48.9263077Z 
2026-10-01T06:45:48.9263235Z     Error: expect(locator).toBeVisible() failed
2026-10-01T06:45:48.9263451Z 
2026-10-01T06:45:48.9263594Z     Locator: locator('.provider-pin').first()
2026-10-01T06:45:48.9264094Z     Expected: visible
2026-10-01T06:45:48.9264320Z     Timeout: 5000ms
2026-10-01T06:45:48.9264565Z     Error: element(s) not found
2026-10-01T06:45:48.9264733Z 
2026-10-01T06:45:48.9264821Z     Call log:
2026-10-01T06:45:48.9265201Z       - Expect "toBeVisible" locator('.provider-pin').first() with timeout 5000ms
2026-10-01T06:45:48.9265676Z       - waiting for locator('.provider-pin').first()
2026-10-01T06:45:48.9265898Z 
2026-10-01T06:45:48.9265904Z 
2026-10-01T06:45:48.9266050Z       128 |   let reverseCalls=0;const calls=[];
2026-10-01T06:45:48.9266796Z       129 |   await mockAPI(page,calls,async point=>++reverseCalls===1 ? {pickup:null} : {pickup:{...point,id:null,label:"Jalan Stesen Sentral, Kuala Lumpur"}});
2026-10-01T06:45:48.9267691Z     > 130 |   await page.goto('/#discover');await expect(page.locator('.provider-pin').first()).toBeVisible();
2026-10-01T06:45:48.9268280Z           |                                                                                     ^
2026-10-01T06:45:48.9269033Z       131 |   await page.getByRole('button',{name:'Pick on map'}).click();await page.getByRole('button',{name:'Use this location',exact:true}).click();
2026-10-01T06:45:48.9269865Z       132 |   await expect(page.getByRole('button',{name:'Retry address',exact:true})).toBeVisible();
2026-10-01T06:45:48.9270884Z       133 |   const before=await page.evaluate(()=>JSON.parse(localStorage.getItem('equalpath:map:v1:live')).pickup);
2026-10-01T06:45:48.9271655Z         at /home/runner/work/equalpath-web/equalpath-web/tests/browser/map-discovery.spec.mjs:130:85
2026-10-01T06:45:48.9272047Z 
2026-10-01T06:45:48.9272601Z     attachment #1: screenshot (image/png) ──────────────────────────────────────────────────────────
2026-10-01T06:45:48.9273411Z     .build/browser-results/map-discovery-an-address-o-cfd35-thout-another-nearby-search-journeys/test-failed-1.png
2026-10-01T06:45:48.9274254Z     ────────────────────────────────────────────────────────────────────────────────────────────────
2026-10-01T06:45:48.9274538Z 
2026-10-01T06:45:48.9275045Z     Error Context: .build/browser-results/map-discovery-an-address-o-cfd35-thout-another-nearby-search-journeys/error-context.md
2026-10-01T06:45:48.9275583Z 
2026-10-01T06:45:48.9275978Z     attachment #3: trace (application/zip) ─────────────────────────────────────────────────────────
2026-10-01T06:45:48.9276741Z     .build/browser-results/map-discovery-an-address-o-cfd35-thout-another-nearby-search-journeys/trace.zip
2026-10-01T06:45:48.9277350Z     Usage:
2026-10-01T06:45:48.9277465Z 
2026-10-01T06:45:48.9278007Z         npx playwright show-trace .build/browser-results/map-discovery-an-address-o-cfd35-thout-another-nearby-search-journeys/trace.zip
2026-10-01T06:45:48.9278564Z 
2026-10-01T06:45:48.9278918Z     ────────────────────────────────────────────────────────────────────────────────────────────────
2026-10-01T06:45:48.9279200Z 
2026-10-01T06:45:48.9279710Z   6) [journeys] › tests/browser/map-discovery.spec.mjs:140:1 › a late street lookup never overwrites a newly searched place 
2026-10-01T06:45:48.9280179Z 
2026-10-01T06:45:48.9280557Z     Error: expect(locator).toBeVisible() failed
2026-10-01T06:45:48.9280784Z 
2026-10-01T06:45:48.9280928Z     Locator: locator('.provider-pin').first()
2026-10-01T06:45:48.9281233Z     Expected: visible
2026-10-01T06:45:48.9281461Z     Timeout: 5000ms
2026-10-01T06:45:48.9281705Z     Error: element(s) not found
2026-10-01T06:45:48.9281881Z 
2026-10-01T06:45:48.9281963Z     Call log:
2026-10-01T06:45:48.9282341Z       - Expect "toBeVisible" locator('.provider-pin').first() with timeout 5000ms
2026-10-01T06:45:48.9282816Z       - waiting for locator('.provider-pin').first()
2026-10-01T06:45:48.9283049Z 
2026-10-01T06:45:48.9283055Z 
2026-10-01T06:45:48.9283341Z       141 |   let finish;const pending=new Promise(resolve=>finish=resolve);const calls=[];
2026-10-01T06:45:48.9284076Z       142 |   await mockAPI(page,calls,async point=>{await pending;return {pickup:{...point,label:'Old road',id:null}};});
2026-10-01T06:45:48.9285045Z     > 143 |   await page.goto('/#discover');await expect(page.locator('.provider-pin').first()).toBeVisible();
2026-10-01T06:45:48.9285637Z           |                                                                                     ^
2026-10-01T06:45:48.9286394Z       144 |   await page.getByRole('button',{name:'Pick on map'}).click();await page.getByRole('button',{name:'Use this location',exact:true}).click();
2026-10-01T06:45:48.9287188Z       145 |   await expect.poll(()=>calls.some(c=>c.action==='reverse')).toBe(true);
2026-10-01T06:45:48.9288005Z       146 |   await page.locator('#pickup-search').fill('KL sentrl');await page.locator('#pickup-search').press('Enter');
2026-10-01T06:45:48.9288777Z         at /home/runner/work/equalpath-web/equalpath-web/tests/browser/map-discovery.spec.mjs:143:85
2026-10-01T06:45:48.9289166Z 
2026-10-01T06:45:48.9289585Z     attachment #1: screenshot (image/png) ──────────────────────────────────────────────────────────
2026-10-01T06:45:48.9290751Z     .build/browser-results/map-discovery-a-late-stree-2199e-ites-a-newly-searched-place-journeys/test-failed-1.png
2026-10-01T06:45:48.9291642Z     ────────────────────────────────────────────────────────────────────────────────────────────────
2026-10-01T06:45:48.9291931Z 
2026-10-01T06:45:48.9292449Z     Error Context: .build/browser-results/map-discovery-a-late-stree-2199e-ites-a-newly-searched-place-journeys/error-context.md
2026-10-01T06:45:48.9292987Z 
2026-10-01T06:45:48.9293383Z     attachment #3: trace (application/zip) ─────────────────────────────────────────────────────────
2026-10-01T06:45:48.9294157Z     .build/browser-results/map-discovery-a-late-stree-2199e-ites-a-newly-searched-place-journeys/trace.zip
2026-10-01T06:45:48.9294702Z     Usage:
2026-10-01T06:45:48.9294812Z 
2026-10-01T06:45:48.9295347Z         npx playwright show-trace .build/browser-results/map-discovery-a-late-stree-2199e-ites-a-newly-searched-place-journeys/trace.zip
2026-10-01T06:45:48.9295920Z 
2026-10-01T06:45:48.9296278Z     ────────────────────────────────────────────────────────────────────────────────────────────────
2026-10-01T06:45:48.9296559Z 
2026-10-01T06:45:48.9296643Z   6 failed
2026-10-01T06:45:48.9297422Z     [journeys] › tests/browser/map-discovery.spec.mjs:49:1 › drag map, confirm pickup, reload and keep the same point; cancellation leaves the pickup unchanged 
2026-10-01T06:45:48.9298651Z     [journeys] › tests/browser/map-discovery.spec.mjs:69:1 › mobile pickup confirmation is visible, map stays flat and blocked storage does not stop selection 
2026-10-01T06:45:48.9299743Z     [journeys] › tests/browser/map-discovery.spec.mjs:84:1 › pan and zoom do not query; choosing a pickup updates nearby centres 
2026-10-01T06:45:48.9301320Z     [journeys] › tests/browser/map-discovery.spec.mjs:110:1 › a nearby marker can lead to a dated condition check without pretending discovery was assessed 
2026-10-01T06:45:48.9302522Z     [journeys] › tests/browser/map-discovery.spec.mjs:127:1 › an address outage keeps the chosen point and can be retried without another nearby search 
2026-10-01T06:45:48.9303748Z     [journeys] › tests/browser/map-discovery.spec.mjs:140:1 › a late street lookup never overwrites a newly searched place 
2026-10-01T06:45:48.9304298Z   27 passed (4.6m)
2026-10-01T06:45:48.9512171Z ##[error]Process completed with exit code 1.
2026-10-01T06:45:48.9597100Z ##[group]Run actions/upload-artifact@ea165f8d65b6e75b540449e92b4886f43607fa02
2026-10-01T06:45:48.9597536Z with:
2026-10-01T06:45:48.9597768Z   name: browser-test-evidence-journeys-2
2026-10-01T06:45:48.9598113Z   path: .build/browser-results
.build/ci-evidence

2026-10-01T06:45:48.9598441Z   include-hidden-files: true
2026-10-01T06:45:48.9598688Z   retention-days: 7
2026-10-01T06:45:48.9598910Z   if-no-files-found: warn
2026-10-01T06:45:48.9599151Z   compression-level: 6
2026-10-01T06:45:48.9599370Z   overwrite: false
2026-10-01T06:45:48.9599579Z ##[endgroup]
2026-10-01T06:45:49.1360086Z (node:5271) [DEP0040] DeprecationWarning: The `punycode` module is deprecated. Please use a userland alternative instead.
2026-10-01T06:45:49.1361544Z (Use `node --trace-deprecation ...` to show where the warning was created)
2026-10-01T06:45:49.1593783Z Multiple search paths detected. Calculating the least common ancestor of all paths
2026-10-01T06:45:49.1596222Z The least common ancestor is /home/runner/work/equalpath-web/equalpath-web/.build. This will be the root directory of the artifact
2026-10-01T06:45:49.1597549Z With the provided path, there will be 67 files uploaded
2026-10-01T06:45:49.1599126Z Artifact name is valid!
2026-10-01T06:45:49.1601927Z Root directory input is valid!
2026-10-01T06:45:49.3618021Z Beginning upload of artifact content to blob storage
2026-10-01T06:45:49.7110047Z (node:5271) [DEP0169] DeprecationWarning: `url.parse()` behavior is not standardized and prone to errors that have security implications. Use the WHATWG URL API instead. CVEs are not issued for `url.parse()` vulnerabilities.
2026-10-01T06:45:49.8725877Z Uploaded bytes 8388608
2026-10-01T06:45:50.1074381Z Uploaded bytes 16777216
2026-10-01T06:45:50.1904898Z Uploaded bytes 18902501
2026-10-01T06:45:50.2052973Z Finished uploading artifact content to blob storage!
2026-10-01T06:45:50.2054208Z SHA256 digest of uploaded artifact zip is aa9d5c27d8563896c6fa609d20719b791da2f33c65a69a9e951ce8841d1c5eff
2026-10-01T06:45:50.2056200Z Finalizing artifact upload
2026-10-01T06:45:50.4352817Z Artifact browser-test-evidence-journeys-2.zip successfully finalized. Artifact ID 11145073343
2026-10-01T06:45:50.4354174Z Artifact browser-test-evidence-journeys-2 has been successfully uploaded! Final size is 18902501 bytes. Artifact ID is 11145073343
2026-10-01T06:45:50.4359505Z Artifact download URL: https://github.com/Cheolhwi/equalpath-web/actions/runs/36826038484/artifacts/11145073343
2026-10-01T06:45:50.4574751Z Post job cleanup.
2026-10-01T06:45:50.5406447Z [command]/usr/bin/git version
2026-10-01T06:45:50.5448105Z git version 2.55.0
2026-10-01T06:45:50.5490897Z Temporarily overriding HOME='/home/runner/work/_temp/06f88949-fde2-478f-878b-ab376eabb4b7' before making global git config changes
2026-10-01T06:45:50.5492892Z Adding repository directory to the temporary git global config as a safe directory
2026-10-01T06:45:50.5496758Z [command]/usr/bin/git config --global --add safe.directory /home/runner/work/equalpath-web/equalpath-web
2026-10-01T06:45:50.5528935Z Removing SSH command configuration
2026-10-01T06:45:50.5537191Z [command]/usr/bin/git config --local --name-only --get-regexp core\.sshCommand
2026-10-01T06:45:50.5573522Z [command]/usr/bin/git submodule foreach --recursive sh -c "git config --local --name-only --get-regexp 'core\.sshCommand' && git config --local --unset-all 'core.sshCommand' || :"
2026-10-01T06:45:50.5822362Z Removing HTTP extra header
2026-10-01T06:45:50.5827901Z [command]/usr/bin/git config --local --name-only --get-regexp http\.https\:\/\/github\.com\/\.extraheader
2026-10-01T06:45:50.5864481Z [command]/usr/bin/git submodule foreach --recursive sh -c "git config --local --name-only --get-regexp 'http\.https\:\/\/github\.com\/\.extraheader' && git config --local --unset-all 'http.https://github.com/.extraheader' || :"
2026-10-01T06:45:50.6129752Z Removing includeIf entries pointing to credentials config files
2026-10-01T06:45:50.6139360Z [command]/usr/bin/git config --local --name-only --get-regexp ^includeIf\.gitdir:
2026-10-01T06:45:50.6177459Z includeif.gitdir:/home/runner/work/equalpath-web/equalpath-web/.git.path
2026-10-01T06:45:50.6178974Z includeif.gitdir:/home/runner/work/equalpath-web/equalpath-web/.git/worktrees/*.path
2026-10-01T06:45:50.6180009Z includeif.gitdir:/github/workspace/.git.path
2026-10-01T06:45:50.6181018Z includeif.gitdir:/github/workspace/.git/worktrees/*.path
2026-10-01T06:45:50.6188344Z [command]/usr/bin/git config --local --get-all includeif.gitdir:/home/runner/work/equalpath-web/equalpath-web/.git.path
2026-10-01T06:45:50.6215386Z /home/runner/work/_temp/git-credentials-fae20920-dcd7-409b-ad94-c1cb57737ddf.config
2026-10-01T06:45:50.6240623Z [command]/usr/bin/git config --local --unset includeif.gitdir:/home/runner/work/equalpath-web/equalpath-web/.git.path /home/runner/work/_temp/git-credentials-fae20920-dcd7-409b-ad94-c1cb57737ddf.config
2026-10-01T06:45:50.6279198Z [command]/usr/bin/git config --local --get-all includeif.gitdir:/home/runner/work/equalpath-web/equalpath-web/.git/worktrees/*.path
2026-10-01T06:45:50.6308325Z /home/runner/work/_temp/git-credentials-fae20920-dcd7-409b-ad94-c1cb57737ddf.config
2026-10-01T06:45:50.6321232Z [command]/usr/bin/git config --local --unset includeif.gitdir:/home/runner/work/equalpath-web/equalpath-web/.git/worktrees/*.path /home/runner/work/_temp/git-credentials-fae20920-dcd7-409b-ad94-c1cb57737ddf.config
2026-10-01T06:45:50.6363183Z [command]/usr/bin/git config --local --get-all includeif.gitdir:/github/workspace/.git.path
2026-10-01T06:45:50.6389064Z /github/runner_temp/git-credentials-fae20920-dcd7-409b-ad94-c1cb57737ddf.config
2026-10-01T06:45:50.6399206Z [command]/usr/bin/git config --local --unset includeif.gitdir:/github/workspace/.git.path /github/runner_temp/git-credentials-fae20920-dcd7-409b-ad94-c1cb57737ddf.config
2026-10-01T06:45:50.6438746Z [command]/usr/bin/git config --local --get-all includeif.gitdir:/github/workspace/.git/worktrees/*.path
2026-10-01T06:45:50.6465045Z /github/runner_temp/git-credentials-fae20920-dcd7-409b-ad94-c1cb57737ddf.config
2026-10-01T06:45:50.6475750Z [command]/usr/bin/git config --local --unset includeif.gitdir:/github/workspace/.git/worktrees/*.path /github/runner_temp/git-credentials-fae20920-dcd7-409b-ad94-c1cb57737ddf.config
2026-10-01T06:45:50.6518308Z [command]/usr/bin/git submodule foreach --recursive git config --local --show-origin --name-only --get-regexp remote.origin.url
2026-10-01T06:45:50.6759609Z Removing credentials config '/home/runner/work/_temp/git-credentials-fae20920-dcd7-409b-ad94-c1cb57737ddf.config'
2026-10-01T06:45:50.6912577Z Cleaning up orphan processes
2026-10-01T06:45:50.7318969Z ##[warning]Node.js 20 is deprecated. The following actions target Node.js 20 but are being forced to run on Node.js 24: actions/upload-artifact@ea165f8d65b6e75b540449e92b4886f43607fa02. For more information see: https://github.blog/changelog/2025-09-19-deprecation-of-node-20-on-github-actions-runners/
