
> equalpath-web@0.0.0 release
> npm test && node scripts/deploy-api.mjs && npm run build && node scripts/check-build.mjs


> equalpath-web@0.0.0 test
> node --test tests/*.test.mjs

✔ Malay and English admission fields convert years and months without confusing mixed units (1.37725ms)
✔ official age ranges are confirmed without counting an unselected child age as a passed fit (2.482292ms)
✔ a selected age matches the official type range with correct TASKA and TADIKA boundaries (0.125542ms)
✔ matched admission evidence takes precedence over type defaults and retains its original source (1.1165ms)
✔ different branch age sources are preserved and cannot silently replace one another (0.577125ms)
✔ published short-care evidence reaches conditions and keeps capacity unresolved (4.331167ms)
✔ brand-only programmes and admissions pauses remain questions with the exact reason and source (0.604667ms)
✔ unmatched branches, brand claims marked as confirmed, unsafe sources and changed snapshots fail closed (5.99325ms)
✔ admission snapshot publication refreshes existing cache and rejects missing/tampered evidence (7.998042ms)
✔ both search forms require an age group; API canonicalisation retains the entire range (3.640792ms)
✔ age groups only pass if the full group fits; partial overlap needs a question (0.224542ms)
✔ younger-group preparation keeps the prompt about feeding and spare clothes (10.789ms)
✔ area references require five distinct comparable providers and never replace known prices (12.756ms)
✔ older browser builds do not receive estimates they cannot label (47.613041ms)
✔ references do not use estimates, subsidy prices, extras, open-ended rates or different provider types as samples (0.16525ms)
✔ regional fallback is explicit and one school contributes once despite several programmes (0.144375ms)
✔ gallery visits every artwork and reverses at each end without duplicates (2.28775ms)
✔ single-art fallback never produces an out-of-bounds index (0.107583ms)
✔ pausing or unmounting cancels a dwell including an already queued callback (0.091917ms)
✔ a resumed gallery gets a full dwell before advancing (0.086208ms)
✔ unlisted weekend care ends conflict, while weekday gaps and explicit weekend schedules retain their meaning (4.01325ms)
✔ care-end display and sorting use the same specific schedule, exceptions and late rules as the check (0.521417ms)
✔ opening-hour closing boundary, closed day and missing day are distinct (0.105042ms)
✔ specific care schedule and unresolved exceptions override general opening hours (0.077458ms)
✔ Malay weekday and AM/PM phrases translate into the right day and clock (2.220291ms)
✔ no day or ambiguous overnight range is not converted into invented service dates (0.424375ms)
✔ Malay PG/PTG abbreviations and through-week ranges are understood (0.429291ms)
✔ closed-day notes do not close weekdays and conflicting claims remain unresolved (0.300667ms)
✔ missing selected-day hours are distinguished from an entirely empty weekly schedule (0.101916ms)
✔ regular search accepts preferences alone, discards hidden dates and temporal sort; short care still validates times (2.341542ms)
✔ live search and map use disjoint memberships before radius, count and pagination; cross-pool lookups are rejected (53.789708ms)
✔ membership is not an admission claim and missing membership fails closed (3.115792ms)
✔ short care supports an explicit 10 km radius across search, map, recommendations and cache while retaining ten-item pages (194.637875ms)
✔ regular detail, question copy and printable preparation do not require or fabricate a visit date (32.190125ms)
✔ templates and nearby caches retain care type without carrying hidden dates (0.286333ms)
✔ profile membership rejects tampering, duplicate IDs and absent catalogue branches without mutating provider facts (1.256834ms)
✔ branch highlights show the strongest two review themes using short existing labels (1.599083ms)
✔ one strong theme stays a single tag; sparse, stale, missing and negative evidence do not fill a second slot (0.22ms)
✔ equal evidence yields stable labels regardless of supplied topic order (8.047666ms)
✔ short-care cold search reads only its validated partition; individual reviews load on demand (47.50175ms)
✔ prepared publication preserves full and compact search, fee, fit, review and regular-care contracts (528.47925ms)
✔ missing or corrupted search artifacts fail closed without database fallback (3.889708ms)
✔ release preparation preserves catalog content across compression runtimes (962.989209ms)
✔ comparison keeps unknown ages and type guidance distinct from acceptance (0.902792ms)
✔ comparison uses the assessed state for short visits and hours, never inferred acceptance (0.114042ms)
✔ self pickup does not present a centre pickup service as confirmed (0.05575ms)
✔ current provider, review and fee handoffs cover the short-care pool without publishing raw review text (99.552416ms)
✔ merge overlapping questions without dropping any source checks or known conflicts (20.810708ms)
✔ the short message copies only checked questions and preserves actual departure and pickup times (0.503667ms)
✔ specific booking, supervision and toilet requirements stay in their own visible question (4.162208ms)
✔ long-term requests do not acquire a visit date or short-stay price, and estimates remain questions (0.79875ms)
✔ only visible phones and explicit WhatsApp links qualify; an ordinary website or empty contact does not (0.723625ms)
✔ contact availability precedes the chosen sort within fit groups and never promotes conflicts above non-conflicts (7.489167ms)
✔ suggestions use only contactable candidates when present, without filling empty slots; otherwise fall back (1.251708ms)
✔ comparison winners and ties use the same contact preference; missing prices cannot create a cheap winner (0.390583ms)
✔ search factual sorts preserve the nearest 20; Recommended prefers contactable centres without changing membership (72.037667ms)
✔ all-caps register names read as names, keeping acronyms and mixed-case spellings (1.522167ms)
✔ places drop zone and territory prefixes and never repeat themselves (0.4255ms)
✔ essential fields, impossible dates and same-day time ordering fail without changing valid values (4.1165ms)
✔ omitted age and transport are accepted and visibly unspecified (15.594084ms)
✔ age four is a full [48,60) month interval, with partial and ambiguous overlap unknown (0.127667ms)
✔ regular enrolment does not become one-off admission (0.121916ms)
✔ pickup window wholly before, wholly after and spanning the deadline produce three different states (0.140167ms)
✔ transport existence does not supply missing pickup coverage or an arrival estimate (0.080542ms)
✔ self delivery removes institutional transport requirement, preserving other request conditions (0.085792ms)
✔ opening hours supply care timing while unresolved holiday exceptions stay unknown (0.138833ms)
✔ care end and applicable latest collection restrictions preserve conflicts (0.080334ms)
✔ monthly fees and missing extras do not generate fabricated hourly prices (0.100042ms)
✔ controlled complete tariff explains duration, minimum, rounding and extras (0.0865ms)
✔ one deduplicated enquiry list carries unknown service conditions without any reviews (0.108625ms)
✔ search excludes conflicts and missing coordinates before counting centres (4.123333ms)
✔ comparison uses separate branch facts and deterministic unknown-last priorities (1.231708ms)
✔ no result is distinct from source failure (0.628083ms)
✔ request revisions update evaluations and stale facts cannot be presented as current (3.160875ms)
✔ KL, Selangor, Putrajaya and other states are enforced on server requests (4.045ms)
✔ source-region disagreement is held, while sourced regional records without coordinates remain usable (0.519458ms)
✔ imported links and phone actions cannot inject executable schemes (0.2165ms)
✔ representative public source import is deterministic and real contact facts retain separate provenance (8.271875ms)
✔ Malay notes fallback never restores weekdays excluded as estimates (0.90225ms)
✔ questions retain API membership and link by condition ID, with conflicts first and routine questions separate (18.097959ms)
✔ unspecified pickup and age are described as user choices, not missing provider facts; self transport omits pickup questions (0.710916ms)
✔ copied message follows selected order and keeps visit context, without internal condition text or unselected questions (0.397125ms)
✔ fee question distinguishes a validated visit estimate from monthly rates and preserves conflicting age sources (0.517083ms)
✔ service questions use everyday words while keeping booking and care requirements available (1.0485ms)
✔ skipping cancels pending entrance phases and ignores already queued callbacks (2.075792ms)
✔ reduced motion enters immediately without scheduling camera animation (0.162791ms)
✔ entrance always completes without waiting for map tiles or a backend response (0.202833ms)
✔ city previews stay flat and entrance adds no intermediate camera destination (0.1045ms)
✔ public function handles preflight and disallows unsupported methods without touching the store (1.865125ms)
✔ invalid JSON and oversized requests return bounded private errors (0.740625ms)
✔ entry returns controlled examples only when demo mode is requested explicitly (16.007875ms)
✔ scheduled warmup primes both live catalogues and the next search reuses the loaded API (0.626917ms)
✔ warmup failure stays bounded and a later scheduled execution can retry API initialization (0.3075ms)
✔ age lower-exclusive endpoint cannot fully support a completed age interval (0.369208ms)
✔ empty structured fees never pick up a price from an input placeholder or registration number (2.359417ms)
✔ programme prices, meals, registration and annual fees retain separate bases and provenance (11.953958ms)
✔ directory estimates retain their billing period and estimates label; zero registration is not free care (0.276417ms)
✔ fee overlay refreshes only named sources and rejects changed identities, hashes, amounts and links (1.087541ms)
✔ a fee release refreshes the cached catalog; incomplete or tampered evidence never activates (3.073917ms)
✔ first available location includes accuracy and immediately stops observation (1.896666ms)
✔ error 2 gets one longer fresh high-accuracy attempt (0.210792ms)
✔ error 3 gets one longer fresh high-accuracy attempt (0.089666ms)
✔ permission denial stops immediately and explains site/device access and manual recovery (0.238542ms)
✔ two failures end the operation without endless retry or fabricated coordinates (0.105792ms)
✔ a browser that never calls back is bounded to 40 seconds and both watches are cleared (0.425791ms)
✔ cancelling stops the device request and discards late callbacks without retry (0.217625ms)
✔ cancellation during the retry clears its watch too (2.314208ms)
✔ an already-cancelled request never asks for device location (0.214666ms)
✔ unsupported and insecure browsers explain the cause and allow manual selection (0.146667ms)
✔ invalid or missing coordinates are rejected and the watch is released (0.173875ms)
✔ synchronous browser callbacks still release the returned watch ID (0.097542ms)
✔ Google hours preserve closed and unknown days, Unicode clocks, split shifts and explicit 24 hours (3.045875ms)
✔ schema midnight/overnight and contradictory day statements never become guessed hours (1.149708ms)
✔ evidence fills gaps but cannot override known hours or admit mismatched, duplicate or tampered facts (9.876ms)
✔ official clock ranges without weekdays remain visible evidence without passing a dated check (0.202958ms)
✔ Appwrite hours are hash-checked and contribute to the served version and care check (5.449708ms)
✔ same catalogue release refreshes when hours change; incomplete or tampered snapshots are rejected (4.772959ms)
✔ evening scenarios are identifiable fictional entries and do not imply a national default (0.303ms)
✔ listing fees split registration from term fees and retain the published period (10.609583ms)
✔ starting prices remain open ended, including Malay fee wording (0.498208ms)
✔ a range without a billing period does not become a monthly fee (0.148417ms)
✔ placeholder, non-currency amounts and reversed ranges are excluded (0.735458ms)
✔ MAIWP eligibility rates are a range and registration is additional (0.162375ms)
✔ 1280px: full action cards remain separate when a vertical stack cannot fit (5.790333ms)
✔ 700px: full action cards remain separate when a vertical stack cannot fit (0.658125ms)
✔ 320px: three coincident points keep readable cards on screen (1.382875ms)
✔ 390px: three coincident points keep readable cards on screen (0.44875ms)
✔ 1440px: three coincident points keep readable cards on screen (1.896ms)
✔ a tall search dock and coincident points leave three separate card rows (0.663083ms)
✔ a selected card keeps its side as closely spaced pins move through the viewport (0.33025ms)
✔ OSM places are independent of provider data; typo terms reach the fuzzy geocoder (1.139125ms)
✔ Photon sends bounded general place queries, expands Malay abbreviations, coalesces and caches (2.86725ms)
✔ OSM results exclude Putrajaya, other states, malformed coordinates and duplicate IDs (1.930666ms)
✔ geocoder failures never fabricate places or poison the retry cache (0.814458ms)
✔ confirmed pickup reverse lookup is bounded, shared, cached, and never moves the pickup to a road centroid (1.686958ms)
✔ reverse is independent of directory health and ignores far-away or unnamed roads (0.917333ms)
✔ nearby discovery works without date/time and returns distance-ordered coordinates without fit claims (50.663708ms)
✔ last-map memory restores geographic state only, separated by mode; broken or blocked storage is harmless (0.277667ms)
✔ monthly price uses care starting rates and never treats other periods, currencies or extras as cheap care (0.866875ms)
✔ price priority keeps conflicts last, includes labelled budgets and excludes unknown prices from highlights (7.090459ms)
✔ price sorts each nearest page without replacing nearby centres with farther cheaper ones (69.08325ms)
✔ registration badges distinguish imported government records, listed codes and inactive registrations (0.317333ms)
✔ store reads all 101 membership rows across pages and invalidates cache on membership-only changes (37.31325ms)
✔ partial or modified membership cannot silently broaden the short-care pool (9.727667ms)
✔ seven new physical branches keep published sources, contact, and no invented registration or age (25.540917ms)
✔ short-care rates stay hourly or explicitly unspecified and evening schedules are branch-specific (9.051042ms)
✔ added branches participate in nearby and dated searches inside the default short-care 5 km radius (83.419417ms)
✔ tampered snapshots, identity collisions, wrong-region coordinates and fake registration fail closed (5.242708ms)
✔ new additions invalidate cached catalogues and incomplete publication never yields partial results (15.956083ms)
✔ published archive preserves collection membership and loads only once for concurrent and subsequent callers (141.5285ms)
✔ missing or tampered snapshot fails closed without falling back to the database (612.542125ms)
✔ cold Function instances serve health, nearby, searches, details and comparison with zero database requests (556.102375ms)
✔ history captures only IDs, care type and activity; same-day repeats do not inflate interest (3.388667ms)
✔ storage separates modes, strips unknown fields and preserves malformed data on failure (0.566334ms)
✔ preference choices are capped, mode-local and do not retain arbitrary text (0.223042ms)
✔ saves outweigh comparisons, comparisons outweigh views, older history fades and care types stay separate (0.234334ms)
✔ unknown facts and incomparable or estimated fees never imply matching preferences (0.272959ms)
✔ conflicts, saved items, hidden items and other care types cannot fill recommendation slots (0.974166ms)
✔ fresh seed facts drive similarity, unknown stays unknown, and a previous comparison has a readable reason (0.385916ms)
✔ explicit review preferences gently promote supported evidence and leave unknown evidence neutral (0.268167ms)
✔ review topics are used only when explicitly supplied by the provider evidence (0.085292ms)
✔ review text maps a level-one concern to a level-two preference (0.615334ms)
✔ short-care crawl merges only derived review evidence into a matched branch (0.139625ms)
✔ explicit fee priority wins over history; same brands do not fill an otherwise equivalent shortlist (6.689375ms)
✔ contact preference and deterministic top-three limits remain intact (0.267166ms)
✔ normal search gently surfaces preference matches without changing explicit sorts (21.66825ms)
✔ listed fees, pickup and contact details do not create review preferences (1.195417ms)
✔ normal search history is safe when a previous centre is off the current page (1.138542ms)
✔ read-only recommendation API refreshes public seeds, checks current request and leaves search pages unchanged (27.172458ms)
✔ catalogue care-type membership applies to both fresh seeds and recommendations (52.502709ms)
✔ saving a lower result changes the next full-page order; comparing matters more than viewing (8.035333ms)
✔ bounded diversity exposes a different supported theme, without lifting far or stale options (2.218209ms)
✔ explicit factual sorts do not change with saved/viewed/compared preferences (0.7455ms)
✔ published catalogue reproduces the same-page save scenario and keeps all original eligibility and paging (98.420541ms)
✔ including conflicts requires an explicit boolean opt-in for both care types (1.077209ms)
✔ regular care retains its 10 km cap and 20-item pages, including unlimited requests (123.579416ms)
✔ no located centres within range returns an empty result without expanding the search (1.729042ms)
✔ search excludes known conflicts by default but keeps centres with details to confirm (2.937291ms)
✔ driving uses one bounded table, caches pairs across search/compare and coalesces concurrent requests (3.598833ms)
✔ routing timeout/failure has a short cooldown and recovers without inventing travel times (0.609209ms)
✔ remote road snaps and null route values are not represented as zero-minute trips (0.218167ms)
✔ explicit conflict opt-in retains nearest pages; default filtering counts and fills pages with eligible centres (98.358709ms)
✔ all-conflict searches return zero by default; explicit opt-in can still inspect the nearest ten (3.715333ms)
✔ fee summaries keep hourly/monthly ranges separate and only show totals with a complete rule (3.443125ms)
✔ neighbourhood threshold ignores tiny movements; cache keys separate modes and radii (0.226417ms)
✔ map suggestions prefer stronger relevant matches, cap at three and exclude conflicts or unmappable centres (0.230375ms)
✔ comparison highlights switch with priority, share ties, and never prefer conflicts or missing facts (0.352167ms)
✔ map suggestions follow the selected strategy before fit-count tie breakers (0.146583ms)
✔ aspect sentiment keeps praise, complaints and neutral facts distinct without using stars (2.607416ms)
✔ scores distinguish strength, negative evidence and genuinely missing evidence (0.343042ms)
✔ different first-use choices change the order using graded review profiles (6.032042ms)
✔ off-page saved and compared branches teach a topic profile, while other care types do not (0.784625ms)
✔ all ten page candidates are reranked, favourites remain eligible, and map suggestions use the same top three (1.872959ms)
✔ new, skipped and opted-out visitors still score and rerank all ten results (4.449375ms)
✔ hidden ordinary results are scored without becoming suggestions or removing page members (8.455625ms)
✔ explicit sorts, conflicts and radius membership are not overturned by personalisation (0.512167ms)
✔ actual imported corpus has diverse scores and rejects the all-topics-identical regression (61.019583ms)
✔ review concerns require two recent records and merge with existing contact questions (8.191792ms)
✔ hiding a suggestion supplies a small negative signal even without earlier positive activity (0.249625ms)
✔ review choices survive refreshed details and copying respects unchecking without duplication (0.810541ms)
✔ search API refreshes same-type off-page seed profiles without changing page membership (43.463459ms)
✔ both live short-care pages enter reranking with their exact eligible membership (34.505708ms)
✔ corpus classifier learns topic vocabulary and abstains for unrelated text (1.065084ms)
✔ published topic passages are relevant, traceable snippets of their supplied context (77.074375ms)
✔ changing date/time reuses route pairs and only new centres need a lookup (2.191875ms)
✔ in-flight routes are shared, and clearing local data blocks stale cache writes (0.337792ms)
✔ failed routes have a short retry window; successful routes expire after a day (1.131333ms)
✔ route budget covers queued work; an outage pauses new external lookups (36.675792ms)
✔ 4.1 saved branch and reason survive reload without a request or previous fit (23.533333ms)
✔ 4.1.2 reopening re-evaluates different dates and time windows via the actual API (4.869791ms)
✔ 4.1.3 / 4.4.2 quota and denied storage preserve the previous saved version (0.560875ms)
✔ unreadable / unsupported storage never gets silently replaced (0.151792ms)
✔ 4.2 reuse allows only public preferences and forces fresh date / age (1.134917ms)
✔ 4.2.2 unavailable or moved branch cannot count as a matched saved place; times must be corrected (0.1685ms)
✔ 4.3 fact differences show specific changes; retrieval alone does not mean updated provider facts (0.945625ms)
✔ 4.4 editing and deleting one saved item preserves provider facts and other saved items (0.438458ms)
✔ 5.1 / 5.5 duration, age and transport alter relevant prompts without history (6.249542ms)
✔ 5.2 / 5.4 handover questions belong to three parties and do not assert assignment or authority (1.285209ms)
✔ 5.3 sequence distinguishes requests and published facts; coordinates never generate an ETA (0.562ms)
✔ 5.5 provider requirements need their own source and stay separate from general prompts (0.506917ms)
✔ 5.6 standalone export preserves dates, contacts, draft, blank offline spaces and ticks (1.027709ms)
✔ Q2/Q6 exports escape hostile markup, reject active URL schemes, and exclude private notes (0.775334ms)
✔ search results do not wait for routing or reverse-geocoding services (82.088209ms)
✔ compact search preserves all ten candidates, conditions, fees and personalised scores (52.239417ms)
✔ review text is fetched separately by public centre ID and catalog version (133.865167ms)
✔ route enrichment accepts only bounded public selections within the search radius (24.742125ms)
✔ late or unavailable route data never changes result membership, ranking or assessed facts (0.327917ms)
✔ WhatsApp requires an explicit approved public link and strips text, tracking and executable URLs (2.116458ms)
✔ Malay compact clocks, weekday abbreviations and adjacent day headings preserve the published days (2.36625ms)
✔ service overlay preserves sourced hours and phone; invalid branch, dates, links and duplicates are rejected (11.160291ms)
✔ published transport passes the service check but does not invent route coverage, collection or admission (16.512416ms)
✔ service-only manifest changes invalidate cache; missing or modified snapshot evidence fails closed (1.90575ms)
✔ website contact provenance and scope remain separate from a branch service source (0.504166ms)
✔ conflicting hours remain visible; shared times pass, disputed times need confirmation, and both closed times conflict (0.67675ms)
✔ newly sourced weekdays fill unknown days with their own source; explicit care schedules still take precedence (2.65375ms)
✔ cumulative expansion preserves all seven earlier additions and adds six distinct contactable locations (2.152583ms)
✔ published restricted services retain their practical questions, even though the service itself exists (15.510792ms)
✔ daily and hourly fees are not monthly prices and programme hours are not extended to general venue opening times (0.83ms)
✔ the existing KleverCape entry gets evidence rather than a duplicate; malformed requirements are rejected (0.636084ms)
✔ short-stay displays exclude monthly budgets, other long-term periods and extras without converting them (14.054875ms)
✔ price ranking compares short-stay billing periods separately and never rewards a monthly-only or unknown price (1.58025ms)
✔ API price availability, ranking and comparison use short-stay rates while regular care keeps monthly fees (68.337ms)
✔ missing short-stay and monthly quotes reset the active sort before results and suggestions are calculated (64.71725ms)
✔ page-specific availability does not claim the whole radius has no quote and quoted later pages remain sortable (5.558084ms)
✔ comparison resets after the last quoted centre is removed; expiry of hours and missing pickup have specific reasons (3.5685ms)
✔ foreign-currency fees and empty results give accurate reasons without retaining price order (1.037416ms)
✔ cold requests coalesce, public-only table reads are bounded, and failed refresh does not renew the cache (6.00025ms)
✔ partial source pages never become a new complete directory (0.360708ms)
✔ release changes during collection are rejected and a later retry can recover (0.755541ms)
✔ only completion/skip suppress first-visit tour, without persisting example inputs (1.833666ms)
✔ tour cards remain inside small screens, zoomed layouts, and tall content (0.286292ms)
✔ a map card near the bottom gets a coach above it when there is room (0.109875ms)
ℹ tests 252
ℹ suites 0
ℹ pass 252
ℹ fail 0
ℹ cancelled 0
ℹ skipped 0
ℹ todo 0
ℹ duration_ms 1723.028791
{"mode":"dry_run","function":"web-provider-query","runtime":"node-22","execute":["any"],"scopes":[],"logging":false,"package":"/Users/cheolhwi/Documents/fit5120/webapp/.build/function"}

> equalpath-web@0.0.0 build
> vite build

vite v6.4.2 building for production...
transforming...
✓ 1709 modules transformed.
rendering chunks...
computing gzip size...
dist/index.html                      0.81 kB │ gzip:   0.45 kB
dist/assets/index-DPW9MLqB.css     866.58 kB │ gzip: 239.08 kB
dist/assets/index-BctmewdM.js      478.83 kB │ gzip: 146.91 kB
dist/assets/CareScene-DntYgG9v.js  769.49 kB │ gzip: 224.13 kB
dist/assets/MapCanvas-BL1rZNhm.js  987.48 kB │ gzip: 265.96 kB

(!) Some chunks are larger than 500 kB after minification. Consider:
- Using dynamic import() to code-split the application
- Use build.rollupOptions.output.manualChunks to improve chunking: https://rollupjs.org/configuration-options/#output-manualchunks
- Adjust chunk size limit for this warning via build.chunkSizeWarningLimit.
✓ built in 3.56s
Validated 5 entry assets for source 7289264107a723fcd77694906f3d7b402598b1481e3de6c2fa9af5722f6b0c29
