
> equalpath-web@0.0.0 release
> npm test && node scripts/deploy-api.mjs && node scripts/package-enquiry.mjs && npm run build && node scripts/check-build.mjs


> equalpath-web@0.0.0 test
> node --test tests/*.test.mjs

✔ Malay and English admission fields convert years and months without confusing mixed units (1.412625ms)
✔ official age ranges are confirmed without counting an unselected child age as a passed fit (2.02625ms)
✔ a selected age matches the official type range with correct TASKA and TADIKA boundaries (0.114958ms)
✔ matched admission evidence takes precedence over type defaults and retains its original source (0.921916ms)
✔ different branch age sources are preserved and cannot silently replace one another (0.216834ms)
✔ published short-care evidence reaches conditions and keeps capacity unresolved (3.9505ms)
✔ brand-only programmes and admissions pauses remain questions with the exact reason and source (0.502333ms)
✔ unmatched branches, brand claims marked as confirmed, unsafe sources and changed snapshots fail closed (6.070417ms)
✔ admission snapshot publication refreshes existing cache and rejects missing/tampered evidence (2.239583ms)
✔ both search forms require an age; single years and the older groups are accepted (2.894666ms)
✔ age groups only pass if the full group fits; partial overlap needs a question (0.235167ms)
✔ younger-group preparation keeps the prompt about feeding and spare clothes (10.259458ms)
✔ the age choice is one row of whole years, from under 1 to 6 (0.196333ms)
✔ a single year answers the common published limits that a group could not (0.138667ms)
✔ area references require five distinct comparable providers and never replace known prices (11.031666ms)
✔ older browser builds do not receive estimates they cannot label (39.724875ms)
✔ references do not use estimates, subsidy prices, extras, open-ended rates or different provider types as samples (0.138375ms)
✔ regional fallback is explicit and one school contributes once despite several programmes (0.226291ms)
✔ 7.5.1 a flag keeps the branch, the item, the kind of problem and a short note; it can be edited and removed (1.362583ms)
✔ a flag needs an item, a kind and a short note (0.12775ms)
✔ only this centre's flags are shown on its details (1.123541ms)
✔ 7.5.2 flags survive a reload from browser storage; broken or foreign data is ignored (0.235791ms)
✔ 7.5.2 a failed write reports failure and leaves the saved flags as they were (0.124416ms)
✔ the items to flag are the address, the map place and each street view (0.084125ms)
✔ gallery visits every artwork and reverses at each end without duplicates (1.356542ms)
✔ single-art fallback never produces an out-of-bounds index (0.086375ms)
✔ pausing or unmounting cancels a dwell including an already queued callback (0.09525ms)
✔ a resumed gallery gets a full dwell before advancing (0.07075ms)
✔ unlisted weekend care ends conflict, while weekday gaps and explicit weekend schedules retain their meaning (2.2365ms)
✔ care-end display and sorting use the same specific schedule, exceptions and late rules as the check (0.499125ms)
✔ opening-hour closing boundary, closed day and missing day are distinct (0.162417ms)
✔ specific care schedule and unresolved exceptions override general opening hours (0.096458ms)
✔ Malay weekday and AM/PM phrases translate into the right day and clock (2.08975ms)
✔ no day or ambiguous overnight range is not converted into invented service dates (0.940625ms)
✔ Malay PG/PTG abbreviations and through-week ranges are understood (0.507208ms)
✔ closed-day notes do not close weekdays and conflicting claims remain unresolved (0.198416ms)
✔ missing selected-day hours are distinguished from an entirely empty weekly schedule (0.11475ms)
✔ a current provider sheet outranks an older directory listing; equal sources still disagree (0.246041ms)
✔ the whole visit must fit the listed hours: a start before opening or across a break does not fit (0.179833ms)
✔ regular search accepts preferences alone, discards hidden dates and temporal sort; short care still validates times (2.103834ms)
✔ live search and map use disjoint memberships before radius, count and pagination; cross-pool lookups are rejected (52.754292ms)
✔ membership is not an admission claim and missing membership fails closed (0.725542ms)
✔ short care supports an explicit 10 km radius across search, map, recommendations and cache while retaining ten-item pages (130.770458ms)
✔ regular detail, question copy and printable preparation do not require or fabricate a visit date (3.711792ms)
✔ templates and nearby caches retain care type without carrying hidden dates (0.24475ms)
✔ profile membership rejects tampering, duplicate IDs and absent catalogue branches without mutating provider facts (0.963417ms)
✔ branch highlights show the strongest two review themes using short existing labels (2.0965ms)
✔ one strong theme stays a single tag; sparse, stale, missing and negative evidence do not fill a second slot (0.272417ms)
✔ equal evidence yields stable labels regardless of supplied topic order (5.159833ms)
✔ durable bot roundtrip requires actual merchant reply; worker restart retains state (3.798333ms)
✔ concurrent clicks and duplicated Telegram deliveries send exactly once per role (2.044667ms)
✔ ownership, fixed peers, webhook secrets, forwards and wrong request text are enforced (0.710167ms)
✔ concurrent reuse of a nonce with different requests rejects the losing request (0.183167ms)
✔ cancel and timeout prevent late replies; unavailable transport never becomes a mock success (0.342333ms)
✔ daily per-session send cap survives new service instances (0.442875ms)
✔ different sessions share a FIFO queue, keep private ownership, and advance after the reply (0.346125ms)
✔ reply timeout releases the queue after a worker restart; cancelled queued jobs never send (0.230541ms)
✔ queued requests have their own wait deadline and never send once it expires (0.122417ms)
✔ Telegram only uses fixed bot usernames and redacts transport failures (0.481292ms)
✔ unconfigured cloud fails closed, never enables a local simulation (0.159542ms)
✔ progress polling reads its own job/events once and never scans or writes the shared queue (2.184917ms)
✔ recovery walks expired heads in bounded single-row reads after observers leave (2.339875ms)
✔ cloud adapter excludes the job from event lists and reads only the FIFO head (0.81275ms)
✔ short-care cold search reads only its validated partition; individual reviews load on demand (47.557083ms)
✔ prepared publication preserves full and compact search, fee, fit, review and regular-care contracts (358.289125ms)
✔ missing or corrupted search artifacts fail closed without database fallback (1.853125ms)
✔ release preparation preserves catalog content across compression runtimes (375.816334ms)
✔ comparison keeps unknown ages and type guidance distinct from acceptance (0.885708ms)
✔ comparison uses the assessed state for short visits and hours, never inferred acceptance (0.125875ms)
✔ self pickup does not present a centre pickup service as confirmed (0.061709ms)
✔ current provider, review and fee handoffs cover the short-care pool without publishing raw review text (95.698125ms)
✔ merge overlapping questions without dropping any source checks or known conflicts (18.714458ms)
✔ the short message copies only checked questions and preserves actual departure and pickup times (0.5285ms)
✔ specific booking, supervision and toilet requirements stay in their own visible question (1.582375ms)
✔ long-term requests do not acquire a visit date or short-stay price, and estimates remain questions (0.452458ms)
✔ only visible phones and explicit WhatsApp links qualify; an ordinary website or empty contact does not (0.597875ms)
✔ contact availability precedes the chosen sort within fit groups and never promotes conflicts above non-conflicts (6.428458ms)
✔ suggestions use only contactable candidates when present, without filling empty slots; otherwise fall back (1.147542ms)
✔ comparison winners and ties use the same contact preference; missing prices cannot create a cheap winner (0.375458ms)
✔ search factual sorts preserve the nearest 20; Recommended prefers contactable centres without changing membership (65.061625ms)
✔ all-caps register names read as names, keeping acronyms and mixed-case spellings (0.971667ms)
✔ places drop zone and territory prefixes and never repeat themselves (0.226833ms)
✔ essential fields, impossible dates and same-day time ordering fail without changing valid values (2.455875ms)
✔ omitted age and transport are accepted and visibly unspecified (23.279667ms)
✔ age four is a full [48,60) month interval, with partial and ambiguous overlap unknown (0.282167ms)
✔ regular enrolment does not become one-off admission (0.154334ms)
✔ pickup window wholly before, wholly after and spanning the deadline produce three different states (0.151417ms)
✔ transport existence does not supply missing pickup coverage or an arrival estimate (0.09325ms)
✔ self delivery removes institutional transport requirement, preserving other request conditions (0.073417ms)
✔ opening hours supply care timing while unresolved holiday exceptions stay unknown (0.093584ms)
✔ care end and applicable latest collection restrictions preserve conflicts (0.077917ms)
✔ monthly fees and missing extras do not generate fabricated hourly prices (0.091334ms)
✔ controlled complete tariff explains duration, minimum, rounding and extras (0.077833ms)
✔ one deduplicated enquiry list carries unknown service conditions without any reviews (0.119083ms)
✔ search excludes conflicts and missing coordinates before counting centres (1.117583ms)
✔ comparison uses separate branch facts and deterministic unknown-last priorities (0.482958ms)
✔ no result is distinct from source failure (1.065959ms)
✔ request revisions update evaluations and stale facts cannot be presented as current (1.259959ms)
✔ KL, Selangor, Putrajaya and other states are enforced on server requests (0.408833ms)
✔ source-region disagreement is held, while sourced regional records without coordinates remain usable (0.232166ms)
✔ imported links and phone actions cannot inject executable schemes (0.174625ms)
✔ representative public source import is deterministic and real contact facts retain separate provenance (6.07775ms)
✔ Malay notes fallback never restores weekdays excluded as estimates (4.555416ms)
✔ cloud setup hides typed secrets and restores the terminal (1.670708ms)
✔ hidden input cancellation discards partial credentials without echo (0.499667ms)
✔ hidden input refuses non-terminal fallback (0.112833ms)
✔ questions retain API membership and link by condition ID, with conflicts first and routine questions separate (14.9435ms)
✔ unspecified pickup and age are described as user choices, not missing provider facts; self transport omits pickup questions (0.67375ms)
✔ copied message follows selected order and keeps visit context, without internal condition text or unselected questions (0.441042ms)
✔ fee question distinguishes a validated visit estimate from monthly rates and preserves conflicting age sources (0.469458ms)
✔ service questions use everyday words while keeping booking and care requirements available (0.982292ms)
✔ skipping cancels pending entrance phases and ignores already queued callbacks (1.366833ms)
✔ reduced motion enters immediately without scheduling camera animation (0.075ms)
✔ entrance always completes without waiting for map tiles or a backend response (0.148834ms)
✔ city previews stay flat and entrance adds no intermediate camera destination (0.081459ms)
✔ public function handles preflight and disallows unsupported methods without touching the store (1.862459ms)
✔ invalid JSON and oversized requests return bounded private errors (0.792667ms)
✔ entry returns controlled examples only when demo mode is requested explicitly (12.503125ms)
✔ scheduled warmup primes both live catalogues and the next search reuses the loaded API (0.237459ms)
✔ warmup failure stays bounded and a later scheduled execution can retry API initialization (0.248583ms)
✔ age lower-exclusive endpoint cannot fully support a completed age interval (0.148667ms)
✔ each child gets one plain line: fits, what to ask, or what does not fit (2.671084ms)
✔ a child fee is shown only from a usable estimate (8.682458ms)
✔ sorts by the chosen priority; a centre that doesn't fit a child is last and never "best" (12.053375ms)
✔ unknown values go after known ones; ties give no tag; missing data disables a priority (0.217417ms)
✔ family comparison checks every ID with each child request and joins by ID, not ranked position (1.636167ms)
✔ unknown or incomplete facts never become a family match; fees require two compatible totals (9.030375ms)
✔ family comparison rejects partial replies, changed catalogues and request failures (0.544167ms)
✔ real compare API preserves each child assessment and time-based cost even when not in that child search (9.445ms)
✔ failure of the second child never returns a usable one-child comparison (0.36725ms)
✔ empty structured fees never pick up a price from an input placeholder or registration number (1.470041ms)
✔ programme prices, meals, registration and annual fees retain separate bases and provenance (11.560792ms)
✔ directory estimates retain their billing period and estimates label; zero registration is not free care (0.2535ms)
✔ fee overlay refreshes only named sources and rejects changed identities, hashes, amounts and links (0.792208ms)
✔ a fee release refreshes the cached catalog; incomplete or tampered evidence never activates (2.24725ms)
✔ first available location includes accuracy and immediately stops observation (2.043167ms)
✔ error 2 gets one longer fresh high-accuracy attempt (0.23575ms)
✔ error 3 gets one longer fresh high-accuracy attempt (0.097958ms)
✔ permission denial stops immediately and explains site/device access and manual recovery (0.26475ms)
✔ two failures end the operation without endless retry or fabricated coordinates (0.115333ms)
✔ a browser that never calls back is bounded to 40 seconds and both watches are cleared (0.380959ms)
✔ cancelling stops the device request and discards late callbacks without retry (0.225375ms)
✔ cancellation during the retry clears its watch too (0.699ms)
✔ an already-cancelled request never asks for device location (0.241167ms)
✔ unsupported and insecure browsers explain the cause and allow manual selection (0.1275ms)
✔ invalid or missing coordinates are rejected and the watch is released (0.187667ms)
✔ synchronous browser callbacks still release the returned watch ID (0.10275ms)
✔ Google hours preserve closed and unknown days, Unicode clocks, split shifts and explicit 24 hours (2.875625ms)
✔ schema midnight/overnight and contradictory day statements never become guessed hours (1.120875ms)
✔ evidence fills gaps but cannot override known hours or admit mismatched, duplicate or tampered facts (6.039125ms)
✔ official clock ranges without weekdays remain visible evidence without passing a dated check (0.203667ms)
✔ Appwrite hours are hash-checked and contribute to the served version and care check (4.572083ms)
✔ same catalogue release refreshes when hours change; incomplete or tampered snapshots are rejected (1.155125ms)
✔ evening scenarios are identifiable fictional entries and do not imply a national default (0.121125ms)
✔ listing fees split registration from term fees and retain the published period (10.780708ms)
✔ starting prices remain open ended, including Malay fee wording (0.657292ms)
✔ a range without a billing period does not become a monthly fee (0.245417ms)
✔ placeholder, non-currency amounts and reversed ranges are excluded (0.750958ms)
✔ MAIWP eligibility rates are a range and registration is additional (0.195709ms)
✔ 1280px: full action cards remain separate when a vertical stack cannot fit (2.718041ms)
✔ 700px: full action cards remain separate when a vertical stack cannot fit (0.637084ms)
✔ 320px: three coincident points keep readable cards on screen (1.466125ms)
✔ 390px: three coincident points keep readable cards on screen (0.426417ms)
✔ 1440px: three coincident points keep readable cards on screen (0.342625ms)
✔ a tall search dock and coincident points leave three separate card rows (0.628834ms)
✔ a selected card keeps its side as closely spaced pins move through the viewport (0.309375ms)
✔ OSM places are independent of provider data; typo terms reach the fuzzy geocoder (0.904416ms)
✔ Photon sends bounded general place queries, expands Malay abbreviations, coalesces and caches (1.778667ms)
✔ OSM results exclude Putrajaya, other states, malformed coordinates and duplicate IDs (0.994083ms)
✔ geocoder failures never fabricate places or poison the retry cache (0.878584ms)
✔ confirmed pickup reverse lookup is bounded, shared, cached, and never moves the pickup to a road centroid (1.874125ms)
✔ reverse is independent of directory health and ignores far-away or unnamed roads (0.909166ms)
✔ nearby discovery works without date/time and returns distance-ordered coordinates without fit claims (33.865708ms)
✔ last-map memory restores geographic state only, separated by mode; broken or blocked storage is harmless (0.198542ms)
✔ Start is when the parent leaves; arrival and leaving for pickup come from the road time (0.776291ms)
✔ without a road time nothing is estimated (0.720375ms)
✔ centre pickup: no parent drive in the morning, the parent still collects (0.126958ms)
✔ a short visit suggests waiting nearby (0.056ms)
✔ questions follow the result-card count: arrival is never counted, pickup only for centre pickup (0.095875ms)
✔ the plan text is a dated draft with the questions (10.791ms)
✔ whole-visit coverage includes exact boundaries and adjacent windows, but not gaps (0.887417ms)
✔ real-catalog TOY8 is removed before ranking at 09:00; a saved preference cannot bring it back (67.338042ms)
✔ monthly price uses care starting rates and never treats other periods, currencies or extras as cheap care (0.802208ms)
✔ price priority keeps conflicts last, includes labelled budgets and excludes unknown prices from highlights (7.183833ms)
✔ price sorts each nearest page without replacing nearby centres with farther cheaper ones (65.135833ms)
✔ registration badges distinguish imported government records, listed codes and inactive registrations (0.15625ms)
✔ store reads all 101 membership rows across pages and invalidates cache on membership-only changes (28.905042ms)
✔ partial or modified membership cannot silently broaden the short-care pool (8.6685ms)
✔ seven new physical branches keep published sources, contact, and no invented registration or age (27.689083ms)
✔ short-care rates stay hourly or explicitly unspecified and evening schedules are branch-specific (7.018541ms)
✔ added branches participate in nearby and dated searches inside the default short-care 5 km radius (44.135083ms)
✔ tampered snapshots, identity collisions, wrong-region coordinates and fake registration fail closed (7.193959ms)
✔ new additions invalidate cached catalogues and incomplete publication never yields partial results (5.000709ms)
✔ published archive preserves collection membership and loads only once for concurrent and subsequent callers (85.796ms)
✔ missing or tampered snapshot fails closed without falling back to the database (320.7505ms)
✔ cold Function instances serve health, nearby, searches, details and comparison with zero database requests (246.420834ms)
✔ qualified initial weights affect all ten first-search candidates without fabricated browser history (4.823209ms)
✔ a qualified initial model is bounded, restricted to short care and honours learning opt-out (0.1885ms)
✔ personal training starts at an approved prior and replaces it only after independent validation (2.952833ms)
✔ hours-rule migration rejects old slates and priors without erasing preferences or saved centres (0.307084ms)
✔ item CF learns co-preference across users; self/cold/one-user coincidences do not create neighbours (17.137333ms)
✔ implicit ALS learns latent factors and folds in a new browser without exporting users (9.072625ms)
✔ RankNet learns a preference from labels and improves on held-out slates; no pairs means no model (1.702459ms)
✔ only observed items receive feedback, rewards use pre-action features, and exports project away private fields (0.691375ms)
✔ feedback follows the displayed search even after 30 minutes; unrelated activity cannot label earlier searches (0.122209ms)
✔ local RankNet has no three-search or time gate; independent later validation is still required (1.701958ms)
✔ first-use preferences and the first view/compare/save affect the next search without moving the current results (2.39675ms)
✔ storage rejects poisoned vectors and unsafe IDs; mode boundary and clear history retain existing behavior (0.145958ms)
✔ offline pipeline has disjoint chronological stages and synthetic candidates can never run as production models (5.622084ms)
✔ learned ranker affects Recommended but cannot override conflicts, contact groups, manual sorts or opt-out (0.519958ms)
✔ history captures only IDs, care type and activity; same-day repeats do not inflate interest (2.042ms)
✔ storage separates modes, strips unknown fields and preserves malformed data on failure (0.360166ms)
✔ preference choices are capped, mode-local and do not retain arbitrary text (0.114583ms)
✔ saves outweigh comparisons, comparisons outweigh views, older history fades and care types stay separate (0.159166ms)
✔ unknown facts and incomparable or estimated fees never imply matching preferences (0.18425ms)
✔ conflicts, saved items, hidden items and other care types cannot fill recommendation slots (1.204875ms)
✔ fresh seed facts drive similarity, unknown stays unknown, and a previous comparison has a readable reason (0.71375ms)
✔ explicit review preferences gently promote supported evidence and leave unknown evidence neutral (0.261375ms)
✔ review topics are used only when explicitly supplied by the provider evidence (0.068583ms)
✔ review text maps a level-one concern to a level-two preference (0.531834ms)
✔ short-care crawl merges only derived review evidence into a matched branch (0.250084ms)
✔ explicit fee priority wins over history; same brands do not fill an otherwise equivalent shortlist (6.173125ms)
✔ contact preference and deterministic top-three limits remain intact (0.237166ms)
✔ normal search gently surfaces preference matches without changing explicit sorts (1.931959ms)
✔ listed fees, pickup and contact details do not create review preferences (0.084ms)
✔ normal search history is safe when a previous centre is off the current page (0.097792ms)
✔ read-only recommendation API refreshes public seeds, checks current request and leaves search pages unchanged (16.721459ms)
✔ catalogue care-type membership applies to both fresh seeds and recommendations (35.462625ms)
✔ saving a lower result changes the next full-page order; comparing matters more than viewing (6.292417ms)
✔ bounded diversity exposes a different supported theme, without lifting far or stale options (0.496417ms)
✔ explicit factual sorts do not change with saved/viewed/compared preferences (0.472417ms)
✔ published catalogue reproduces the same-page save scenario and keeps all original eligibility and paging (58.439375ms)
✔ including conflicts requires an explicit boolean opt-in for both care types (1.323208ms)
✔ regular care retains its 10 km cap and 20-item pages, including unlimited requests (80.776167ms)
✔ no located centres within range returns an empty result without expanding the search (1.183959ms)
✔ search excludes known conflicts by default but keeps centres with details to confirm (2.099792ms)
✔ driving uses one bounded table, caches pairs across search/compare and coalesces concurrent requests (1.99675ms)
✔ routing timeout/failure has a short cooldown and recovers without inventing travel times (0.3545ms)
✔ remote road snaps and null route values are not represented as zero-minute trips (0.1915ms)
✔ explicit conflict opt-in retains nearest pages; default filtering counts and fills pages with eligible centres (67.900209ms)
✔ all-conflict searches return zero by default; explicit opt-in can still inspect the nearest ten (2.836583ms)
✔ fee summaries keep hourly/monthly ranges separate and only show totals with a complete rule (2.650833ms)
✔ neighbourhood threshold ignores tiny movements; cache keys separate modes and radii (0.142959ms)
✔ map suggestions prefer stronger relevant matches, cap at three and exclude conflicts or unmappable centres (0.176958ms)
✔ comparison highlights switch with priority, share ties, and never prefer conflicts or missing facts (0.256875ms)
✔ map suggestions follow the selected strategy before fit-count tie breakers (0.102083ms)
✔ aspect sentiment keeps praise, complaints and neutral facts distinct without using stars (1.603083ms)
✔ scores distinguish strength, negative evidence and genuinely missing evidence (0.230375ms)
✔ different first-use choices change the order using graded review profiles (1.235709ms)
✔ off-page saved and compared branches teach a topic profile, while other care types do not (4.291917ms)
✔ all ten page candidates are reranked, favourites remain eligible, and map suggestions use the same top three (2.887416ms)
✔ new, skipped and opted-out visitors still score and rerank all ten results (1.365708ms)
✔ hidden ordinary results are scored without becoming suggestions or removing page members (5.816875ms)
✔ explicit sorts, conflicts and radius membership are not overturned by personalisation (0.4215ms)
✔ actual imported corpus has diverse scores and rejects the all-topics-identical regression (44.8375ms)
✔ review concerns require two recent records and merge with existing contact questions (4.885834ms)
✔ hiding a suggestion supplies a small negative signal even without earlier positive activity (0.1815ms)
✔ review choices survive refreshed details and copying respects unchecking without duplication (0.3805ms)
✔ search API refreshes same-type off-page seed profiles without changing page membership (35.527166ms)
✔ both live short-care pages enter reranking with their exact eligible membership (30.354375ms)
✔ corpus classifier learns topic vocabulary and abstains for unrelated text (0.841042ms)
✔ published topic passages are relevant, traceable snippets of their supplied context (45.43475ms)
✔ changing date/time reuses route pairs and only new centres need a lookup (1.568333ms)
✔ in-flight routes are shared, and clearing local data blocks stale cache writes (0.236875ms)
✔ failed routes have a short retry window; successful routes expire after a day (0.204291ms)
✔ route budget covers queued work; an outage pauses new external lookups (34.827ms)
✔ matrix: one table request, every needed pair, cached per pair (3.205625ms)
✔ matrix: a refused table request pauses lookups and reports busy, never a guess (0.458667ms)
✔ 4.1 saved branch and reason survive reload without a request or previous fit (14.648167ms)
✔ 4.1.2 reopening re-evaluates different dates and time windows via the actual API (1.503667ms)
✔ 4.1.3 / 4.4.2 quota and denied storage preserve the previous saved version (0.414667ms)
✔ unreadable / unsupported storage never gets silently replaced (0.1015ms)
✔ 4.2 reuse allows only public preferences and forces fresh date / age (0.967916ms)
✔ 4.2.2 unavailable or moved branch cannot count as a matched saved place; times must be corrected (0.165667ms)
✔ 4.3 fact differences show specific changes; retrieval alone does not mean updated provider facts (0.766041ms)
✔ 4.4 editing and deleting one saved item preserves provider facts and other saved items (0.313167ms)
✔ 5.1 / 5.5 duration, age and transport alter relevant prompts without history (2.157625ms)
✔ 5.2 / 5.4 handover questions belong to three parties and do not assert assignment or authority (0.9195ms)
✔ 5.3 sequence distinguishes requests and published facts; coordinates never generate an ETA (0.373208ms)
✔ 5.5 provider requirements need their own source and stay separate from general prompts (0.386167ms)
✔ 5.6 standalone export preserves dates, contacts, draft, blank offline spaces and ticks (0.772334ms)
✔ Q2/Q6 exports escape hostile markup, reject active URL schemes, and exclude private notes (0.512833ms)
✔ search results do not wait for routing or reverse-geocoding services (46.738417ms)
✔ compact search preserves all ten candidates, conditions, fees and personalised scores (42.675417ms)
✔ review text is fetched separately by public centre ID and catalog version (74.564959ms)
✔ route enrichment accepts only bounded public selections within the search radius (13.784541ms)
✔ two children: one matrix request covers the start and every pair of listed centres (12.120709ms)
✔ late or unavailable route data never changes result membership, ranking or assessed facts (0.140584ms)
✔ WhatsApp requires an explicit approved public link and strips text, tracking and executable URLs (1.6345ms)
✔ Malay compact clocks, weekday abbreviations and adjacent day headings preserve the published days (2.717041ms)
✔ service overlay preserves sourced hours and phone; invalid branch, dates, links and duplicates are rejected (6.416709ms)
✔ published transport passes the service check but does not invent route coverage, collection or admission (3.770916ms)
✔ service-only manifest changes invalidate cache; missing or modified snapshot evidence fails closed (3.8235ms)
✔ website contact provenance and scope remain separate from a branch service source (0.278875ms)
✔ conflicting hours remain visible; shared times pass, disputed times need confirmation, and both closed times conflict (0.620209ms)
✔ newly sourced weekdays fill unknown days with their own source; explicit care schedules still take precedence (0.361833ms)
✔ cumulative expansion preserves all seven earlier additions and adds six distinct contactable locations (1.604709ms)
✔ published restricted services retain their practical questions, even though the service itself exists (12.223209ms)
✔ daily and hourly fees are not monthly prices and programme hours are not extended to general venue opening times (0.381ms)
✔ the existing KleverCape entry gets evidence rather than a duplicate; malformed requirements are rejected (0.413417ms)
✔ short-stay displays exclude monthly budgets, other long-term periods and extras without converting them (11.881083ms)
✔ price ranking compares short-stay billing periods separately and never rewards a monthly-only or unknown price (1.302708ms)
✔ API price availability, ranking and comparison use short-stay rates while regular care keeps monthly fees (48.042583ms)
✔ synthetic local training has isolated temporal splits, fitted weights and real inference replays (2099.806292ms)
✔ missing short-stay and monthly quotes reset the active sort before results and suggestions are calculated (45.36575ms)
✔ page-specific availability does not claim the whole radius has no quote and quoted later pages remain sortable (3.507334ms)
✔ comparison resets after the last quoted centre is removed; expiry of hours and missing pickup have specific reasons (2.980959ms)
✔ foreign-currency fees and empty results give accurate reasons without retaining price order (0.48625ms)
✔ cold requests coalesce, public-only table reads are bounded, and failed refresh does not renew the cache (3.096084ms)
✔ partial source pages never become a new complete directory (0.204125ms)
✔ release changes during collection are rejected and a later retry can recover (0.396667ms)
✔ photo cache deduplicates, persists, versions and clears (30.736541ms)
✔ published surrounding galleries have distinct versioned public images and a compatible cover (2.551ms)
✔ each published capture date matches its observed panorama, including all directions (1.642167ms)
✔ only completion/skip suppress first-visit tour, without persisting example inputs (1.153667ms)
✔ tour cards remain inside small screens, zoomed layouts, and tall content (0.169166ms)
✔ a map card near the bottom gets a coach above it when there is room (0.041167ms)
✔ 8.1.3 names each problem with its child and keeps valid entries (1.380667ms)
✔ each child is searched with their own age and times, as a self-arranged short visit (0.798167ms)
✔ Example 1: the brief's drop-off works with A then B and a 5-minute margin (0.499959ms)
✔ Example 2: equal care ends at two centres conflict, with verified single fixes (0.418833ms)
✔ Example 3: both children at one centre at the same time are one stop with a combined allowance (0.143083ms)
✔ Example 4: the same adult cannot leave for collection before the last drop-off (0.145042ms)
✔ fixes are rounded to 5-minute steps in the safe direction (0.111584ms)
✔ Example 5: a missing road time makes the drop-off undetermined unless another order works (0.088583ms)
✔ 8.2/8.3: same-centre options first, pairs from the first five per child, ten shown (0.972875ms)
✔ recommendation: each child's Recommended rank leads when drive times are close (5.704916ms)
✔ recommendation: one centre for both, details that fit both and contacts add to the score (0.152125ms)
✔ pairs without a road time come last (0.129167ms)
✔ lookups: start times for the ten centres most likely to appear, best rank first (0.189084ms)
✔ lookups: each journey needs one centre-to-centre time in its likely order (0.213458ms)
✔ lookups: ask only while a pair could still beat the third known option (1.116417ms)
✔ 8.6: one message for one centre asks about two places; two centres get their own child only (6.129167ms)
✔ leave-by: Example 1 drop-off says leave by 15:35, A first, and B 10 minutes to spare (0.577292ms)
✔ leave-by: equal pickup times at two centres offer one fix — pick up Child 1 earlier (0.141125ms)
✔ leave-by: equal start times at two centres offer one fix — drop Child 2 later, rounded up (0.131333ms)
✔ leave-by: a journey that needs a change still shows its timeline with how late each stop would be (0.453959ms)
✔ leave-by: one stop for both children at one centre (0.107334ms)
✔ leave-by: pickup that would have to start before the last drop-off is flagged with a fix (0.078333ms)
✔ leave-by: a missing road time is 'unknown', never a guess (0.067917ms)
✔ leave-by: a known order that needs a change is used when the other order is not loaded (0.083542ms)
✔ leave-by: without the centre-to-centre time the plan still shows the likely order, marked as not loaded (0.163458ms)
✔ 8.6.3: the family plan is a labelled draft with leave-by steps and open questions (0.201584ms)
✔ all 101 branches retain exact listed age and hours, but no contact or location fields (34.972583ms)
✔ simulated spaces cannot override real age or full-interval hours conflicts (0.288791ms)
✔ month age limits and partially covered ages retain the existing evidence semantics (0.089792ms)
✔ missing facts, date exceptions and competing hours never become accepted (0.179166ms)
✔ two children share simulated capacity only when their intervals overlap (0.15375ms)
✔ unanswered questions and simulated conditional replies stay unresolved (0.115625ms)
✔ one rejected child and one unresolved child is never partial acceptance (0.179833ms)
✔ payload cannot add contacts, URLs, identities, invalid dates or arbitrary targets (0.18475ms)
✔ duplicate clicks reuse one job; ownership and changed requests are isolated (61.543167ms)
✔ cancel, timeout and expiry cannot turn into a late acceptance (232.454084ms)
✔ failed Telegram sends remain failed, with no fake result or local fallback (41.117417ms)
✔ Telegram is off by default and only a fixed private test chat can be sent to (0.396708ms)
✔ chat subscriptions stream actual state changes, isolate owners, and reconnect without resending (80.991292ms)
✔ stopping a streamed enquiry emits cancellation and no later reply (113.079417ms)
ℹ tests 357
ℹ suites 0
ℹ pass 357
ℹ fail 0
ℹ cancelled 0
ℹ skipped 0
ℹ todo 0
ℹ duration_ms 2578.505125
{"mode":"dry_run","function":"web-provider-query","runtime":"node-22","execute":["any"],"scopes":[],"logging":false,"package":"/private/tmp/equalpath-hours-release-20261010-ic267jed/.build/function"}
{"mode":"dry_run","function":"web-enquiry-demo","package":"/private/tmp/equalpath-hours-release-20261010-ic267jed/.build/enquiry","branches":101,"searchFunctionChanged":false}

> equalpath-web@0.0.0 build
> vite build

vite v6.4.2 building for production...
transforming...
✓ 1740 modules transformed.
rendering chunks...
computing gzip size...
dist/index.html                      0.81 kB │ gzip:   0.45 kB
dist/assets/index-Bv8Uckao.css     912.22 kB │ gzip: 245.86 kB
dist/assets/index-fj0djLv7.js      737.72 kB │ gzip: 206.66 kB
dist/assets/CareScene-4XwwX-Uq.js  769.49 kB │ gzip: 224.13 kB
dist/assets/MapCanvas-B1PmOVB1.js  988.59 kB │ gzip: 266.45 kB

(!) Some chunks are larger than 500 kB after minification. Consider:
- Using dynamic import() to code-split the application
- Use build.rollupOptions.output.manualChunks to improve chunking: https://rollupjs.org/configuration-options/#output-manualchunks
- Adjust chunk size limit for this warning via build.chunkSizeWarningLimit.
✓ built in 2.18s
Validated 5 entry assets for source e2452bdcc4e0ad492a3e2ded28f4b4d50842d23c11689b9925925138510c012b
