
> equalpath-web@0.0.0 release
> npm test && npm run build && node scripts/check-build.mjs


> equalpath-web@0.0.0 test
> node --test tests/*.test.mjs

✔ essential fields, impossible dates and same-day time ordering fail without changing valid values (2.552042ms)
✔ omitted age and transport are accepted and visibly unspecified (1.926333ms)
✔ age four is a full [48,60) month interval, with partial and ambiguous overlap unknown (0.069917ms)
✔ regular enrolment does not become one-off admission (0.064ms)
✔ pickup window wholly before, wholly after and spanning the deadline produce three different states (0.09625ms)
✔ transport existence does not supply missing pickup coverage or an arrival estimate (0.065417ms)
✔ self delivery removes institutional transport requirement, preserving other request conditions (0.053584ms)
✔ general opening hours and holiday exceptions never turn into confirmed temporary care (0.176917ms)
✔ care end and applicable latest collection restrictions preserve conflicts (0.206417ms)
✔ monthly fees and missing extras do not generate fabricated hourly prices (0.2205ms)
✔ controlled complete tariff explains duration, minimum, rounding and extras (0.075959ms)
✔ one deduplicated enquiry list carries unknown service conditions without any reviews (0.111333ms)
✔ missing coordinates stay in list and sort after known straight-line distances (0.533292ms)
✔ comparison uses separate branch facts and deterministic unknown-last priorities (0.809667ms)
✔ no result is distinct from source failure (0.555208ms)
✔ request revisions update evaluations and stale facts cannot be presented as current (0.557ms)
✔ KL, Selangor, Putrajaya and other states are enforced on server requests (0.412583ms)
✔ source-region disagreement is held, while sourced regional records without coordinates remain usable (0.244375ms)
✔ imported links and phone actions cannot inject executable schemes (0.136792ms)
✔ representative public source import is deterministic and real contact facts retain separate provenance (1.558541ms)
✔ public function handles preflight and disallows unsupported methods without touching the store (0.684959ms)
✔ invalid JSON and oversized requests return bounded private errors (0.687291ms)
✔ entry returns controlled examples only when demo mode is requested explicitly (0.252625ms)
✔ age lower-exclusive endpoint cannot fully support a completed age interval (0.1675ms)
✔ first available location includes accuracy and immediately stops observation (1.699917ms)
✔ error 2 gets one longer fresh high-accuracy attempt (0.191833ms)
✔ error 3 gets one longer fresh high-accuracy attempt (0.2065ms)
✔ permission denial stops immediately and explains site/device access and manual recovery (0.254209ms)
✔ two failures end the operation without endless retry or fabricated coordinates (0.08875ms)
✔ a browser that never calls back is bounded to 40 seconds and both watches are cleared (0.398166ms)
✔ cancelling stops the device request and discards late callbacks without retry (0.235875ms)
✔ cancellation during the retry clears its watch too (0.181083ms)
✔ an already-cancelled request never asks for device location (0.281041ms)
✔ unsupported and insecure browsers explain the cause and allow manual selection (0.294833ms)
✔ invalid or missing coordinates are rejected and the watch is released (0.257792ms)
✔ synchronous browser callbacks still release the returned watch ID (0.104292ms)
✔ cold requests coalesce, public-only table reads are bounded, and failed refresh does not renew the cache (2.405792ms)
✔ partial source pages never become a new complete directory (0.157208ms)
✔ release changes during collection are rejected and a later retry can recover (0.644208ms)
ℹ tests 39
ℹ suites 0
ℹ pass 39
ℹ fail 0
ℹ cancelled 0
ℹ skipped 0
ℹ todo 0
ℹ duration_ms 101.38675

> equalpath-web@0.0.0 build
> vite build

vite v6.4.2 building for production...
transforming...
✓ 1593 modules transformed.
rendering chunks...
computing gzip size...
dist/index.html                     0.64 kB │ gzip:   0.40 kB
dist/assets/index-B8ERQu17.css    679.63 kB │ gzip: 205.12 kB
dist/assets/index-b79EPzz5.js   1,229.71 kB │ gzip: 339.46 kB

(!) Some chunks are larger than 500 kB after minification. Consider:
- Using dynamic import() to code-split the application
- Use build.rollupOptions.output.manualChunks to improve chunking: https://rollupjs.org/configuration-options/#output-manualchunks
- Adjust chunk size limit for this warning via build.chunkSizeWarningLimit.
✓ built in 1.73s
Validated 3 entry assets for source 6ad50377c818ea32b9d4815403f0aab70056150090aadc1b837764b6785b7230
